2026-02-06 18:08:31,947 [trainer.py] => config: configs/cifar100_inflora_debug.json
2026-02-06 18:08:31,947 [trainer.py] => device: ['cuda:0']
2026-02-06 18:08:31,947 [trainer.py] => prefix: reproduce_debug
2026-02-06 18:08:31,947 [trainer.py] => dataset: cifar100
2026-02-06 18:08:31,947 [trainer.py] => data_path: root/autodl-pub/cifar-100/
2026-02-06 18:08:31,947 [trainer.py] => memory_size: 0
2026-02-06 18:08:31,947 [trainer.py] => memory_per_class: 0
2026-02-06 18:08:31,947 [trainer.py] => fixed_memory: True
2026-02-06 18:08:31,947 [trainer.py] => shuffle: False
2026-02-06 18:08:31,947 [trainer.py] => init_cls: 10
2026-02-06 18:08:31,947 [trainer.py] => increment: 10
2026-02-06 18:08:31,947 [trainer.py] => total_sessions: 2
2026-02-06 18:08:31,947 [trainer.py] => model_name: InfLoRA
2026-02-06 18:08:31,947 [trainer.py] => net_type: sip
2026-02-06 18:08:31,947 [trainer.py] => embd_dim: 768
2026-02-06 18:08:31,947 [trainer.py] => num_heads: 12
2026-02-06 18:08:31,947 [trainer.py] => seed: 0
2026-02-06 18:08:31,947 [trainer.py] => EPSILON: 1e-08
2026-02-06 18:08:31,947 [trainer.py] => init_epoch: 2
2026-02-06 18:08:31,947 [trainer.py] => optim: adam
2026-02-06 18:08:31,947 [trainer.py] => init_lr: 0.0005
2026-02-06 18:08:31,947 [trainer.py] => init_lr_decay: 0.1
2026-02-06 18:08:31,947 [trainer.py] => init_weight_decay: 0.0
2026-02-06 18:08:31,948 [trainer.py] => epochs: 2
2026-02-06 18:08:31,948 [trainer.py] => lrate: 0.0005
2026-02-06 18:08:31,948 [trainer.py] => lrate_decay: 0.1
2026-02-06 18:08:31,948 [trainer.py] => batch_size: 32
2026-02-06 18:08:31,948 [trainer.py] => weight_decay: 0.0
2026-02-06 18:08:31,948 [trainer.py] => rank: 4
2026-02-06 18:08:31,948 [trainer.py] => lamb: 0.95
2026-02-06 18:08:31,948 [trainer.py] => lame: 1.0
2026-02-06 18:08:31,948 [trainer.py] => num_workers: 2
2026-02-06 19:28:53,395 [data_manager.py] => [0, 1, 2, 3, 4, 5, 6, 7, 8, 9, 10, 11, 12, 13, 14, 15, 16, 17, 18, 19, 20, 21, 22, 23, 24, 25, 26, 27, 28, 29, 30, 31, 32, 33, 34, 35, 36, 37, 38, 39, 40, 41, 42, 43, 44, 45, 46, 47, 48, 49, 50, 51, 52, 53, 54, 55, 56, 57, 58, 59, 60, 61, 62, 63, 64, 65, 66, 67, 68, 69, 70, 71, 72, 73, 74, 75, 76, 77, 78, 79, 80, 81, 82, 83, 84, 85, 86, 87, 88, 89, 90, 91, 92, 93, 94, 95, 96, 97, 98, 99]
