2026-02-19 14:08:28,745 [trainer.py] => config: configs/cifar100_inflora_debug.json
2026-02-19 14:08:28,745 [trainer.py] => device: ['cuda:0']
2026-02-19 14:08:28,745 [trainer.py] => prefix: reproduce_debug
2026-02-19 14:08:28,745 [trainer.py] => dataset: cifar100
2026-02-19 14:08:28,745 [trainer.py] => data_path: data/
2026-02-19 14:08:28,745 [trainer.py] => memory_size: 0
2026-02-19 14:08:28,745 [trainer.py] => memory_per_class: 0
2026-02-19 14:08:28,745 [trainer.py] => fixed_memory: True
2026-02-19 14:08:28,745 [trainer.py] => shuffle: False
2026-02-19 14:08:28,745 [trainer.py] => init_cls: 10
2026-02-19 14:08:28,745 [trainer.py] => increment: 10
2026-02-19 14:08:28,745 [trainer.py] => total_sessions: 2
2026-02-19 14:08:28,745 [trainer.py] => model_name: InfLoRA
2026-02-19 14:08:28,745 [trainer.py] => net_type: sip
2026-02-19 14:08:28,746 [trainer.py] => embd_dim: 768
2026-02-19 14:08:28,746 [trainer.py] => num_heads: 12
2026-02-19 14:08:28,746 [trainer.py] => seed: 0
2026-02-19 14:08:28,746 [trainer.py] => EPSILON: 1e-08
2026-02-19 14:08:28,746 [trainer.py] => init_epoch: 2
2026-02-19 14:08:28,746 [trainer.py] => optim: adam
2026-02-19 14:08:28,746 [trainer.py] => init_lr: 0.0005
2026-02-19 14:08:28,746 [trainer.py] => init_lr_decay: 0.1
2026-02-19 14:08:28,746 [trainer.py] => init_weight_decay: 0.0
2026-02-19 14:08:28,746 [trainer.py] => epochs: 20
2026-02-19 14:08:28,746 [trainer.py] => lrate: 0.001
2026-02-19 14:08:28,746 [trainer.py] => lrate_decay: 0.1
2026-02-19 14:08:28,746 [trainer.py] => batch_size: 32
2026-02-19 14:08:28,746 [trainer.py] => weight_decay: 0.0
2026-02-19 14:08:28,746 [trainer.py] => rank: 4
2026-02-19 14:08:28,746 [trainer.py] => lamb: 0.95
2026-02-19 14:08:28,746 [trainer.py] => lame: 1.0
2026-02-19 14:08:28,746 [trainer.py] => num_workers: 2
2026-02-19 14:08:28,746 [trainer.py] => in_chans: 3
2026-02-19 14:08:28,746 [trainer.py] => use_pretrained: True
2026-02-19 14:08:28,746 [trainer.py] => pretrained_path: vit_base_patch16_224_in21k.pth
2026-02-19 14:08:30,476 [data_manager.py] => [0, 1, 2, 3, 4, 5, 6, 7, 8, 9, 10, 11, 12, 13, 14, 15, 16, 17, 18, 19, 20, 21, 22, 23, 24, 25, 26, 27, 28, 29, 30, 31, 32, 33, 34, 35, 36, 37, 38, 39, 40, 41, 42, 43, 44, 45, 46, 47, 48, 49, 50, 51, 52, 53, 54, 55, 56, 57, 58, 59, 60, 61, 62, 63, 64, 65, 66, 67, 68, 69, 70, 71, 72, 73, 74, 75, 76, 77, 78, 79, 80, 81, 82, 83, 84, 85, 86, 87, 88, 89, 90, 91, 92, 93, 94, 95, 96, 97, 98, 99]
2026-02-19 14:08:32,017 [trainer.py] => All params: 107327232
2026-02-19 14:08:32,020 [trainer.py] => Trainable params: 28643328
2026-02-19 14:08:32,020 [inflora.py] => [DEBUG] Task 0: known_classes=0, task_size=10, total_classes=10
2026-02-19 14:08:32,020 [inflora.py] => [DEBUG] Before update_fc: numtask=0, classifier_pool length=0
2026-02-19 14:08:32,020 [sinet_inflora.py] => [DEBUG update_fc] Entering: numtask=0, nb_classes=10, current pool len=0
2026-02-19 14:08:32,020 [sinet_inflora.py] => [DEBUG update_fc] After adding: numtask=1, pool len=1
2026-02-19 14:08:32,091 [inflora.py] => Task 0: classes 0 → 10
2026-02-19 14:08:32,092 [inflora.py] => [DEBUG] After update_fc: numtask=1, classifier_pool length=1
2026-02-19 14:08:32,773 [inflora.py] => [Data] Batch targets: {0: 3, 1: 3, 2: 8, 3: 3, 4: 2, 5: 2, 6: 3, 7: 6, 8: 2}
2026-02-19 14:08:33,454 [inflora.py] => [Mask] mask sum: 32, known_classes=0, total_classes=10
2026-02-19 14:08:33,476 [inflora.py] => [Targets] current_targets range: 0~8
2026-02-19 14:08:33,477 [inflora.py] => [Local] local_targets range: 0~8
2026-02-19 14:08:33,507 [inflora.py] => [Logits] current_logits shape: [32,10,], mean=-0.01, std=0.07
2026-02-19 14:08:33,508 [inflora.py] =>   [DEBUG] current_logits mean: -0.0113, std: 0.0706
2026-02-19 14:08:33,527 [inflora.py] =>   [DEBUG] current_logits max: 0.1537, min: -0.1908
2026-02-19 14:08:33,552 [inflora.py] =>   [DEBUG] preds distribution: (array([0.07505767, 0.09733615, 0.10306481, 0.10440311, 0.10934038,
       0.10953534, 0.1144281 , 0.11619611, 0.1203412 , 0.12051666,
       0.12061976, 0.12195618, 0.12380831, 0.12417787, 0.12604037,
       0.12615588, 0.12713046, 0.12719002, 0.12903987, 0.12925342,
       0.12967932, 0.13122353, 0.13344944, 0.13491547, 0.13503142,
       0.13789283, 0.13966964, 0.14017586, 0.14215653, 0.14331408,
       0.1437046 , 0.15370482], dtype=float32), array([1, 1, 1, 1, 1, 1, 1, 1, 1, 1, 1, 1, 1, 1, 1, 1, 1, 1, 1, 1, 1, 1,
       1, 1, 1, 1, 1, 1, 1, 1, 1, 1]))
2026-02-19 14:08:33,668 [inflora.py] =>   [DEBUG] current_logits mean: -0.0113, std: 0.0706
2026-02-19 14:08:33,668 [inflora.py] =>   [DEBUG] current_logits max: 0.1537, min: -0.1908
2026-02-19 14:08:52,413 [inflora.py] => [Task 0] Epoch 1/20, Loss=356.700, Accuracy=10.00%
2026-02-19 14:09:10,370 [inflora.py] => [Task 0] Epoch 2/20, Loss=345.606, Accuracy=9.50%
2026-02-19 14:09:27,802 [inflora.py] => [Task 0] Epoch 3/20, Loss=336.685, Accuracy=8.48%
2026-02-19 14:09:45,754 [inflora.py] => [Task 0] Epoch 4/20, Loss=330.704, Accuracy=7.90%
2026-02-19 14:10:03,997 [inflora.py] => [Task 0] Epoch 5/20, Loss=325.991, Accuracy=7.66%
2026-02-19 14:10:22,307 [inflora.py] => [Task 0] Epoch 6/20, Loss=321.554, Accuracy=7.18%
2026-02-19 14:10:40,288 [inflora.py] => [Task 0] Epoch 7/20, Loss=317.352, Accuracy=7.10%
2026-02-19 14:10:57,656 [inflora.py] => [Task 0] Epoch 8/20, Loss=315.664, Accuracy=7.20%
2026-02-19 14:11:16,173 [inflora.py] => [Task 0] Epoch 9/20, Loss=312.125, Accuracy=6.82%
2026-02-19 14:11:34,354 [inflora.py] => [Task 0] Epoch 10/20, Loss=309.576, Accuracy=6.84%
2026-02-19 14:11:52,619 [inflora.py] => [Task 0] Epoch 11/20, Loss=307.505, Accuracy=6.84%
2026-02-19 14:12:10,928 [inflora.py] => [Task 0] Epoch 12/20, Loss=306.335, Accuracy=6.62%
2026-02-19 14:12:28,982 [inflora.py] => [Task 0] Epoch 13/20, Loss=304.104, Accuracy=6.46%
2026-02-19 14:12:47,496 [inflora.py] => [Task 0] Epoch 14/20, Loss=301.951, Accuracy=6.34%
2026-02-19 14:13:06,244 [inflora.py] => [Task 0] Epoch 15/20, Loss=301.657, Accuracy=7.00%
2026-02-19 14:13:24,619 [inflora.py] => [Task 0] Epoch 16/20, Loss=299.818, Accuracy=6.78%
2026-02-19 14:13:42,547 [inflora.py] => [Task 0] Epoch 17/20, Loss=297.950, Accuracy=6.84%
2026-02-19 14:14:00,665 [inflora.py] => [Task 0] Epoch 18/20, Loss=297.113, Accuracy=6.88%
2026-02-19 14:14:18,841 [inflora.py] => [Task 0] Epoch 19/20, Loss=295.677, Accuracy=6.32%
2026-02-19 14:14:37,006 [inflora.py] => [Task 0] Epoch 20/20, Loss=294.253, Accuracy=6.56%
2026-02-19 14:32:54,862 [trainer.py] => config: configs/cifar100_inflora_debug.json
2026-02-19 14:32:54,862 [trainer.py] => device: ['cuda:0']
2026-02-19 14:32:54,863 [trainer.py] => prefix: reproduce_debug
2026-02-19 14:32:54,863 [trainer.py] => dataset: cifar100
2026-02-19 14:32:54,863 [trainer.py] => data_path: data/
2026-02-19 14:32:54,863 [trainer.py] => memory_size: 0
2026-02-19 14:32:54,863 [trainer.py] => memory_per_class: 0
2026-02-19 14:32:54,863 [trainer.py] => fixed_memory: True
2026-02-19 14:32:54,863 [trainer.py] => shuffle: False
2026-02-19 14:32:54,863 [trainer.py] => init_cls: 10
2026-02-19 14:32:54,863 [trainer.py] => increment: 10
2026-02-19 14:32:54,863 [trainer.py] => total_sessions: 2
2026-02-19 14:32:54,863 [trainer.py] => model_name: InfLoRA
2026-02-19 14:32:54,863 [trainer.py] => net_type: sip
2026-02-19 14:32:54,863 [trainer.py] => embd_dim: 768
2026-02-19 14:32:54,863 [trainer.py] => num_heads: 12
2026-02-19 14:32:54,863 [trainer.py] => seed: 0
2026-02-19 14:32:54,863 [trainer.py] => EPSILON: 1e-08
2026-02-19 14:32:54,863 [trainer.py] => init_epoch: 2
2026-02-19 14:32:54,863 [trainer.py] => optim: adam
2026-02-19 14:32:54,863 [trainer.py] => init_lr: 0.0005
2026-02-19 14:32:54,863 [trainer.py] => init_lr_decay: 0.1
2026-02-19 14:32:54,863 [trainer.py] => init_weight_decay: 0.0
2026-02-19 14:32:54,863 [trainer.py] => epochs: 20
2026-02-19 14:32:54,863 [trainer.py] => lrate: 0.001
2026-02-19 14:32:54,863 [trainer.py] => lrate_decay: 0.1
2026-02-19 14:32:54,863 [trainer.py] => batch_size: 32
2026-02-19 14:32:54,863 [trainer.py] => weight_decay: 0.0
2026-02-19 14:32:54,863 [trainer.py] => rank: 4
2026-02-19 14:32:54,863 [trainer.py] => lamb: 0.95
2026-02-19 14:32:54,863 [trainer.py] => lame: 1.0
2026-02-19 14:32:54,863 [trainer.py] => num_workers: 2
2026-02-19 14:32:54,863 [trainer.py] => in_chans: 3
2026-02-19 14:32:54,863 [trainer.py] => use_pretrained: True
2026-02-19 14:32:54,863 [trainer.py] => pretrained_path: vit_base_patch16_224_in21k.pth
2026-02-19 14:32:56,528 [data_manager.py] => [0, 1, 2, 3, 4, 5, 6, 7, 8, 9, 10, 11, 12, 13, 14, 15, 16, 17, 18, 19, 20, 21, 22, 23, 24, 25, 26, 27, 28, 29, 30, 31, 32, 33, 34, 35, 36, 37, 38, 39, 40, 41, 42, 43, 44, 45, 46, 47, 48, 49, 50, 51, 52, 53, 54, 55, 56, 57, 58, 59, 60, 61, 62, 63, 64, 65, 66, 67, 68, 69, 70, 71, 72, 73, 74, 75, 76, 77, 78, 79, 80, 81, 82, 83, 84, 85, 86, 87, 88, 89, 90, 91, 92, 93, 94, 95, 96, 97, 98, 99]
2026-02-19 14:32:57,011 [trainer.py] => All params: 107327232
2026-02-19 14:32:57,014 [trainer.py] => Trainable params: 28643328
2026-02-19 14:32:57,014 [inflora.py] => [DEBUG] Task 0: known_classes=0, task_size=10, total_classes=10
2026-02-19 14:32:57,014 [inflora.py] => [DEBUG] Before update_fc: numtask=0, classifier_pool length=0
2026-02-19 14:32:57,014 [sinet_inflora.py] => [DEBUG update_fc] Entering: numtask=0, nb_classes=10, current pool len=0
2026-02-19 14:32:57,014 [sinet_inflora.py] => [DEBUG update_fc] After adding: numtask=1, pool len=1
2026-02-19 14:32:57,085 [inflora.py] => Task 0: classes 0 → 10
2026-02-19 14:32:57,085 [inflora.py] => [DEBUG] After update_fc: numtask=1, classifier_pool length=1
2026-02-19 14:34:42,711 [trainer.py] => config: configs/cifar100_inflora_debug.json
2026-02-19 14:34:42,712 [trainer.py] => device: ['cuda:0']
2026-02-19 14:34:42,712 [trainer.py] => prefix: reproduce_debug
2026-02-19 14:34:42,712 [trainer.py] => dataset: cifar100
2026-02-19 14:34:42,712 [trainer.py] => data_path: data/
2026-02-19 14:34:42,712 [trainer.py] => memory_size: 0
2026-02-19 14:34:42,712 [trainer.py] => memory_per_class: 0
2026-02-19 14:34:42,712 [trainer.py] => fixed_memory: True
2026-02-19 14:34:42,712 [trainer.py] => shuffle: False
2026-02-19 14:34:42,712 [trainer.py] => init_cls: 10
2026-02-19 14:34:42,712 [trainer.py] => increment: 10
2026-02-19 14:34:42,712 [trainer.py] => total_sessions: 2
2026-02-19 14:34:42,712 [trainer.py] => model_name: InfLoRA
2026-02-19 14:34:42,712 [trainer.py] => net_type: sip
2026-02-19 14:34:42,712 [trainer.py] => embd_dim: 768
2026-02-19 14:34:42,712 [trainer.py] => num_heads: 12
2026-02-19 14:34:42,712 [trainer.py] => seed: 0
2026-02-19 14:34:42,712 [trainer.py] => EPSILON: 1e-08
2026-02-19 14:34:42,712 [trainer.py] => init_epoch: 2
2026-02-19 14:34:42,712 [trainer.py] => optim: adam
2026-02-19 14:34:42,712 [trainer.py] => init_lr: 0.0005
2026-02-19 14:34:42,712 [trainer.py] => init_lr_decay: 0.1
2026-02-19 14:34:42,712 [trainer.py] => init_weight_decay: 0.0
2026-02-19 14:34:42,712 [trainer.py] => epochs: 20
2026-02-19 14:34:42,712 [trainer.py] => lrate: 0.001
2026-02-19 14:34:42,712 [trainer.py] => lrate_decay: 0.1
2026-02-19 14:34:42,712 [trainer.py] => batch_size: 32
2026-02-19 14:34:42,712 [trainer.py] => weight_decay: 0.0
2026-02-19 14:34:42,712 [trainer.py] => rank: 4
2026-02-19 14:34:42,712 [trainer.py] => lamb: 0.95
2026-02-19 14:34:42,712 [trainer.py] => lame: 1.0
2026-02-19 14:34:42,712 [trainer.py] => num_workers: 2
2026-02-19 14:34:42,713 [trainer.py] => in_chans: 3
2026-02-19 14:34:42,713 [trainer.py] => use_pretrained: True
2026-02-19 14:34:42,713 [trainer.py] => pretrained_path: vit_base_patch16_224_in21k.pth
2026-02-19 14:34:44,433 [data_manager.py] => [0, 1, 2, 3, 4, 5, 6, 7, 8, 9, 10, 11, 12, 13, 14, 15, 16, 17, 18, 19, 20, 21, 22, 23, 24, 25, 26, 27, 28, 29, 30, 31, 32, 33, 34, 35, 36, 37, 38, 39, 40, 41, 42, 43, 44, 45, 46, 47, 48, 49, 50, 51, 52, 53, 54, 55, 56, 57, 58, 59, 60, 61, 62, 63, 64, 65, 66, 67, 68, 69, 70, 71, 72, 73, 74, 75, 76, 77, 78, 79, 80, 81, 82, 83, 84, 85, 86, 87, 88, 89, 90, 91, 92, 93, 94, 95, 96, 97, 98, 99]
2026-02-19 14:34:44,950 [trainer.py] => All params: 107327232
2026-02-19 14:34:44,951 [trainer.py] => Trainable params: 28643328
2026-02-19 14:34:44,951 [inflora.py] => [DEBUG] Task 0: known_classes=0, task_size=10, total_classes=10
2026-02-19 14:34:44,951 [inflora.py] => [DEBUG] Before update_fc: numtask=0, classifier_pool length=0
2026-02-19 14:34:44,951 [sinet_inflora.py] => [DEBUG update_fc] Entering: numtask=0, nb_classes=10, current pool len=0
2026-02-19 14:34:44,952 [sinet_inflora.py] => [DEBUG update_fc] After adding: numtask=1, pool len=1
2026-02-19 14:34:45,024 [inflora.py] => Task 0: classes 0 → 10
2026-02-19 14:34:45,024 [inflora.py] => [DEBUG] After update_fc: numtask=1, classifier_pool length=1
2026-02-19 14:35:01,107 [inflora.py] => [Data] Batch targets: {0: 3, 1: 3, 2: 8, 3: 3, 4: 2, 5: 2, 6: 3, 7: 6, 8: 2}
2026-02-19 14:35:01,264 [inflora.py] => [Mask] mask sum: 32, known_classes=0, total_classes=10
2026-02-19 14:35:01,284 [inflora.py] => [Targets] current_targets range: 0~8
2026-02-19 14:35:01,285 [inflora.py] => [Local] local_targets range: 0~8
2026-02-19 14:35:01,305 [inflora.py] => [Logits] current_logits shape: [32,10,], mean=-0.02, std=0.08
2026-02-19 14:35:01,305 [inflora.py] =>   [DEBUG] current_logits mean: -0.0225, std: 0.0755
2026-02-19 14:35:01,312 [inflora.py] =>   [DEBUG] current_logits max: 0.0859, min: -0.1400
2026-02-19 14:35:01,325 [inflora.py] =>   [DEBUG] preds distribution: (array([0.05945046, 0.06111897, 0.06181658, 0.06234271, 0.06291283,
       0.06346698, 0.06499078, 0.0650643 , 0.06778008, 0.06911862,
       0.06913758, 0.07070962, 0.07183012, 0.07239648, 0.07242213,
       0.07243279, 0.07327624, 0.07561646, 0.07565166, 0.07621498,
       0.0762254 , 0.07675928, 0.07758499, 0.07796965, 0.07961481,
       0.0803798 , 0.08050705, 0.08112404, 0.08285752, 0.08307242,
       0.08479613, 0.08586442], dtype=float32), array([1, 1, 1, 1, 1, 1, 1, 1, 1, 1, 1, 1, 1, 1, 1, 1, 1, 1, 1, 1, 1, 1,
       1, 1, 1, 1, 1, 1, 1, 1, 1, 1]))
2026-02-19 14:35:01,433 [inflora.py] =>   [DEBUG] current_logits mean: -0.0225, std: 0.0755
2026-02-19 14:35:01,434 [inflora.py] =>   [DEBUG] current_logits max: 0.0859, min: -0.1400
2026-02-19 14:35:25,431 [inflora.py] => [Task 0] Epoch 1/20, Loss=354.970, [Loss] manual_loss: 2.2697Accuracy=10.00%
2026-02-19 14:35:43,612 [inflora.py] => [Task 0] Epoch 2/20, Loss=342.538, [Loss] manual_loss: 2.0948Accuracy=9.52%
2026-02-19 14:36:01,812 [inflora.py] => [Task 0] Epoch 3/20, Loss=332.948, [Loss] manual_loss: 1.8987Accuracy=8.48%
2026-02-19 14:36:20,117 [inflora.py] => [Task 0] Epoch 4/20, Loss=327.033, [Loss] manual_loss: 2.0549Accuracy=7.32%
2026-02-19 14:36:38,646 [inflora.py] => [Task 0] Epoch 5/20, Loss=321.902, [Loss] manual_loss: 2.1300Accuracy=6.70%
2026-02-19 14:36:56,684 [inflora.py] => [Task 0] Epoch 6/20, Loss=317.936, [Loss] manual_loss: 1.9375Accuracy=6.80%
2026-02-19 14:37:14,853 [inflora.py] => [Task 0] Epoch 7/20, Loss=313.407, [Loss] manual_loss: 2.1022Accuracy=6.10%
2026-02-19 14:37:33,503 [inflora.py] => [Task 0] Epoch 8/20, Loss=310.343, [Loss] manual_loss: 1.9194Accuracy=5.94%
2026-02-19 14:37:51,380 [inflora.py] => [Task 0] Epoch 9/20, Loss=307.585, [Loss] manual_loss: 2.1002Accuracy=5.96%
2026-02-19 14:38:09,757 [inflora.py] => [Task 0] Epoch 10/20, Loss=303.961, [Loss] manual_loss: 1.8514Accuracy=5.44%
2026-02-19 14:38:27,298 [inflora.py] => [Task 0] Epoch 11/20, Loss=302.451, [Loss] manual_loss: 2.0200Accuracy=5.74%
2026-02-19 14:38:45,195 [inflora.py] => [Task 0] Epoch 12/20, Loss=301.302, [Loss] manual_loss: 2.1415Accuracy=6.06%
2026-02-19 14:39:03,323 [inflora.py] => [Task 0] Epoch 13/20, Loss=299.695, [Loss] manual_loss: 1.8706Accuracy=5.98%
2026-02-19 14:39:21,697 [inflora.py] => [Task 0] Epoch 14/20, Loss=297.019, [Loss] manual_loss: 1.6157Accuracy=5.88%
2026-02-19 14:39:39,373 [inflora.py] => [Task 0] Epoch 15/20, Loss=297.475, [Loss] manual_loss: 2.3905Accuracy=6.20%
2026-02-19 14:39:56,712 [inflora.py] => [Task 0] Epoch 16/20, Loss=294.703, [Loss] manual_loss: 1.9423Accuracy=6.04%
2026-02-19 14:40:14,649 [inflora.py] => [Task 0] Epoch 17/20, Loss=292.200, [Loss] manual_loss: 1.4400Accuracy=5.96%
2026-02-19 14:40:32,531 [inflora.py] => [Task 0] Epoch 18/20, Loss=291.064, [Loss] manual_loss: 1.7249Accuracy=6.20%
2026-02-19 14:40:50,225 [inflora.py] => [Task 0] Epoch 19/20, Loss=290.947, [Loss] manual_loss: 1.7670Accuracy=6.16%
2026-02-19 14:41:07,571 [inflora.py] => [Task 0] Epoch 20/20, Loss=289.739, [Loss] manual_loss: 2.0866Accuracy=6.12%
2026-02-19 14:41:31,819 [trainer.py] => Time:406.86753249168396
2026-02-19 14:41:35,230 [inflora.py] => Overall test accuracy: 101/1000 = 10.10%
2026-02-19 14:41:35,231 [trainer.py] => Time:3.41143798828125
2026-02-19 14:41:35,231 [trainer.py] => CNN: 10.1
2026-02-19 14:41:35,231 [trainer.py] => CNN top1 curve: [10.1]
2026-02-19 14:41:35,231 [trainer.py] => CNN top1 with task curve: [10.1]
2026-02-19 14:41:35,231 [trainer.py] => CNN top1 task curve: [{'grouped': 10.1, 'top1': 10.1, 'total': 10.1}]
2026-02-19 14:41:36,659 [trainer.py] => All params: 107342612
2026-02-19 14:41:36,660 [trainer.py] => Trainable params: 15380
2026-02-19 14:41:36,660 [inflora.py] => [DEBUG] Task 1: known_classes=10, task_size=10, total_classes=20
2026-02-19 14:41:36,661 [inflora.py] => [DEBUG] Before update_fc: numtask=1, classifier_pool length=1
2026-02-19 14:41:36,661 [sinet_inflora.py] => [DEBUG update_fc] Entering: numtask=1, nb_classes=10, current pool len=1
2026-02-19 14:41:36,661 [sinet_inflora.py] => [DEBUG update_fc] After adding: numtask=2, pool len=2
2026-02-19 14:41:36,661 [inflora.py] => Task 1: classes 10 → 20
2026-02-19 14:41:36,661 [inflora.py] => [DEBUG] After update_fc: numtask=2, classifier_pool length=2
2026-02-19 14:41:36,794 [inflora.py] => [Data] Batch targets: {10: 3, 11: 3, 12: 8, 13: 3, 14: 2, 15: 2, 16: 3, 17: 6, 18: 2}
2026-02-19 14:41:36,851 [inflora.py] => [Mask] mask sum: 32, known_classes=10, total_classes=20
2026-02-19 14:41:36,851 [inflora.py] => [Targets] current_targets range: 10~18
2026-02-19 14:41:36,851 [inflora.py] => [Local] local_targets range: 0~8
2026-02-19 14:41:36,851 [inflora.py] => [Logits] current_logits shape: [32,10,], mean=-0.01, std=0.07
2026-02-19 14:41:36,852 [inflora.py] =>   [DEBUG] current_logits mean: -0.0121, std: 0.0678
2026-02-19 14:41:36,852 [inflora.py] =>   [DEBUG] current_logits max: 0.0931, min: -0.1334
2026-02-19 14:41:36,852 [inflora.py] =>   [DEBUG] preds distribution: (array([0.0609336 , 0.0662927 , 0.06857644, 0.06992397, 0.07015996,
       0.07070155, 0.07100227, 0.07181038, 0.07193395, 0.07221428,
       0.07244927, 0.0725806 , 0.07344431, 0.07381728, 0.07395498,
       0.07404819, 0.07444311, 0.07457883, 0.07567932, 0.078783  ,
       0.07954682, 0.08104768, 0.08234628, 0.0828419 , 0.08360809,
       0.08362544, 0.0842537 , 0.08512196, 0.08575682, 0.08628996,
       0.08715534, 0.09308009], dtype=float32), array([1, 1, 1, 1, 1, 1, 1, 1, 1, 1, 1, 1, 1, 1, 1, 1, 1, 1, 1, 1, 1, 1,
       1, 1, 1, 1, 1, 1, 1, 1, 1, 1]))
2026-02-19 14:41:36,858 [inflora.py] =>   [DEBUG] current_logits mean: -0.0121, std: 0.0678
2026-02-19 14:41:36,858 [inflora.py] =>   [DEBUG] current_logits max: 0.0931, min: -0.1334
2026-02-19 15:01:44,465 [trainer.py] => config: configs/cifar100_inflora_debug.json
2026-02-19 15:01:44,465 [trainer.py] => device: ['cuda:0']
2026-02-19 15:01:44,465 [trainer.py] => prefix: reproduce_debug
2026-02-19 15:01:44,465 [trainer.py] => dataset: cifar100
2026-02-19 15:01:44,465 [trainer.py] => data_path: data/
2026-02-19 15:01:44,465 [trainer.py] => memory_size: 0
2026-02-19 15:01:44,465 [trainer.py] => memory_per_class: 0
2026-02-19 15:01:44,465 [trainer.py] => fixed_memory: True
2026-02-19 15:01:44,465 [trainer.py] => shuffle: False
2026-02-19 15:01:44,465 [trainer.py] => init_cls: 10
2026-02-19 15:01:44,465 [trainer.py] => increment: 10
2026-02-19 15:01:44,465 [trainer.py] => total_sessions: 2
2026-02-19 15:01:44,465 [trainer.py] => model_name: InfLoRA
2026-02-19 15:01:44,465 [trainer.py] => net_type: sip
2026-02-19 15:01:44,465 [trainer.py] => embd_dim: 768
2026-02-19 15:01:44,466 [trainer.py] => num_heads: 12
2026-02-19 15:01:44,466 [trainer.py] => seed: 0
2026-02-19 15:01:44,466 [trainer.py] => EPSILON: 1e-08
2026-02-19 15:01:44,466 [trainer.py] => init_epoch: 2
2026-02-19 15:01:44,466 [trainer.py] => optim: adam
2026-02-19 15:01:44,466 [trainer.py] => init_lr: 0.0005
2026-02-19 15:01:44,466 [trainer.py] => init_lr_decay: 0.1
2026-02-19 15:01:44,466 [trainer.py] => init_weight_decay: 0.0
2026-02-19 15:01:44,466 [trainer.py] => epochs: 20
2026-02-19 15:01:44,466 [trainer.py] => lrate: 0.001
2026-02-19 15:01:44,466 [trainer.py] => lrate_decay: 0.1
2026-02-19 15:01:44,466 [trainer.py] => batch_size: 32
2026-02-19 15:01:44,466 [trainer.py] => weight_decay: 0.0
2026-02-19 15:01:44,466 [trainer.py] => rank: 4
2026-02-19 15:01:44,466 [trainer.py] => lamb: 0.95
2026-02-19 15:01:44,466 [trainer.py] => lame: 1.0
2026-02-19 15:01:44,466 [trainer.py] => num_workers: 2
2026-02-19 15:01:44,466 [trainer.py] => in_chans: 3
2026-02-19 15:01:44,466 [trainer.py] => use_pretrained: True
2026-02-19 15:01:44,466 [trainer.py] => pretrained_path: vit_base_patch16_224_in21k.pth
2026-02-19 15:01:46,166 [data_manager.py] => [0, 1, 2, 3, 4, 5, 6, 7, 8, 9, 10, 11, 12, 13, 14, 15, 16, 17, 18, 19, 20, 21, 22, 23, 24, 25, 26, 27, 28, 29, 30, 31, 32, 33, 34, 35, 36, 37, 38, 39, 40, 41, 42, 43, 44, 45, 46, 47, 48, 49, 50, 51, 52, 53, 54, 55, 56, 57, 58, 59, 60, 61, 62, 63, 64, 65, 66, 67, 68, 69, 70, 71, 72, 73, 74, 75, 76, 77, 78, 79, 80, 81, 82, 83, 84, 85, 86, 87, 88, 89, 90, 91, 92, 93, 94, 95, 96, 97, 98, 99]
2026-02-19 15:01:46,673 [trainer.py] => All params: 107327232
2026-02-19 15:01:46,675 [trainer.py] => Trainable params: 28643328
2026-02-19 15:01:46,675 [inflora.py] => [DEBUG] Task 0: known_classes=0, task_size=10, total_classes=10
2026-02-19 15:01:46,675 [inflora.py] => [DEBUG] Before update_fc: numtask=0, classifier_pool length=0
2026-02-19 15:01:46,675 [sinet_inflora.py] => [DEBUG update_fc] Entering: numtask=0, nb_classes=10, current pool len=0
2026-02-19 15:01:46,675 [sinet_inflora.py] => [DEBUG update_fc] After adding: numtask=1, pool len=1
2026-02-19 15:01:46,726 [inflora.py] => Task 0: classes 0 → 10
2026-02-19 15:01:46,726 [inflora.py] => [DEBUG] After update_fc: numtask=1, classifier_pool length=1
2026-02-19 15:01:47,545 [inflora.py] => [Data] Batch targets: {0: 3, 1: 3, 2: 8, 3: 3, 4: 2, 5: 2, 6: 3, 7: 6, 8: 2}
2026-02-19 15:01:48,011 [inflora.py] => [Mask] mask sum: 32, known_classes=0, total_classes=10
2026-02-19 15:01:48,035 [inflora.py] => [Targets] current_targets range: 0~8
2026-02-19 15:01:48,036 [inflora.py] => [Local] local_targets range: 0~8
2026-02-19 15:01:48,052 [inflora.py] => [Logits] current_logits shape: [32,10,], mean=-0.05, std=0.07
2026-02-19 15:01:48,052 [inflora.py] =>   [DEBUG] current_logits mean: -0.0461, std: 0.0660
2026-02-19 15:01:48,060 [inflora.py] =>   [DEBUG] current_logits max: 0.0698, min: -0.2123
2026-02-19 15:01:48,083 [inflora.py] =>   [DEBUG] preds distribution: (array([0.03792015, 0.03825281, 0.0393638 , 0.04080884, 0.04144245,
       0.04176208, 0.04212637, 0.0431891 , 0.04364814, 0.04463447,
       0.04494714, 0.04597716, 0.04603307, 0.04621317, 0.04630199,
       0.04889297, 0.0492649 , 0.04999273, 0.05030247, 0.05065025,
       0.05067408, 0.05152843, 0.05286283, 0.05330225, 0.05506671,
       0.05565261, 0.05587814, 0.05881849, 0.0604344 , 0.06288014,
       0.06925535, 0.06984097], dtype=float32), array([1, 1, 1, 1, 1, 1, 1, 1, 1, 1, 1, 1, 1, 1, 1, 1, 1, 1, 1, 1, 1, 1,
       1, 1, 1, 1, 1, 1, 1, 1, 1, 1]))
2026-02-19 15:01:52,592 [inflora.py] =>   [DEBUG] current_logits mean: -0.0461, std: 0.0660
2026-02-19 15:01:52,593 [inflora.py] =>   [DEBUG] current_logits max: 0.0698, min: -0.2123
2026-02-19 15:02:16,807 [inflora.py] => [Task 0] Epoch 1/20, [Loss] loss: 2.2930 Accuracy=10.00%
2026-02-19 15:02:34,712 [inflora.py] => [Task 0] Epoch 2/20, [Loss] loss: 2.2806 Accuracy=10.00%
2026-02-19 15:02:52,625 [inflora.py] => [Task 0] Epoch 3/20, [Loss] loss: 2.2657 Accuracy=10.00%
2026-02-19 15:03:10,887 [inflora.py] => [Task 0] Epoch 4/20, [Loss] loss: 2.2939 Accuracy=10.00%
2026-02-19 15:03:28,736 [inflora.py] => [Task 0] Epoch 5/20, [Loss] loss: 2.2936 Accuracy=10.00%
2026-02-19 15:03:46,135 [inflora.py] => [Task 0] Epoch 6/20, [Loss] loss: 2.2618 Accuracy=10.00%
2026-02-19 15:04:03,654 [inflora.py] => [Task 0] Epoch 7/20, [Loss] loss: 2.2576 Accuracy=10.00%
2026-02-19 15:04:21,483 [inflora.py] => [Task 0] Epoch 8/20, [Loss] loss: 2.2618 Accuracy=9.96%
2026-02-19 15:04:39,761 [inflora.py] => [Task 0] Epoch 9/20, [Loss] loss: 2.3086 Accuracy=9.82%
2026-02-19 15:04:57,579 [inflora.py] => [Task 0] Epoch 10/20, [Loss] loss: 2.2287 Accuracy=9.86%
2026-02-19 15:05:14,734 [inflora.py] => [Task 0] Epoch 11/20, [Loss] loss: 2.2618 Accuracy=9.68%
2026-02-19 15:05:32,082 [inflora.py] => [Task 0] Epoch 12/20, [Loss] loss: 2.2310 Accuracy=9.68%
2026-02-19 15:05:49,785 [inflora.py] => [Task 0] Epoch 13/20, [Loss] loss: 2.2408 Accuracy=9.48%
2026-02-19 15:06:08,012 [inflora.py] => [Task 0] Epoch 14/20, [Loss] loss: 2.2138 Accuracy=9.18%
2026-02-19 15:06:26,250 [inflora.py] => [Task 0] Epoch 15/20, [Loss] loss: 2.2373 Accuracy=9.26%
2026-02-19 15:06:43,494 [inflora.py] => [Task 0] Epoch 16/20, [Loss] loss: 2.2083 Accuracy=9.16%
2026-02-19 15:07:01,516 [inflora.py] => [Task 0] Epoch 17/20, [Loss] loss: 2.0570 Accuracy=9.08%
2026-02-19 15:07:19,350 [inflora.py] => [Task 0] Epoch 18/20, [Loss] loss: 2.1642 Accuracy=8.84%
2026-02-19 15:07:37,291 [inflora.py] => [Task 0] Epoch 19/20, [Loss] loss: 2.2469 Accuracy=8.82%
2026-02-19 15:07:54,486 [inflora.py] => [Task 0] Epoch 20/20, [Loss] loss: 2.2522 Accuracy=8.72%
2026-02-19 15:08:19,208 [trainer.py] => Time:392.53352880477905
2026-02-19 15:08:22,654 [inflora.py] => Overall test accuracy: 99/1000 = 9.90%
2026-02-19 15:08:22,654 [trainer.py] => Time:3.445629835128784
2026-02-19 15:08:22,654 [trainer.py] => CNN: 9.9
2026-02-19 15:08:22,654 [trainer.py] => CNN top1 curve: [9.9]
2026-02-19 15:08:22,654 [trainer.py] => CNN top1 with task curve: [9.9]
2026-02-19 15:08:22,655 [trainer.py] => CNN top1 task curve: [{'grouped': 9.9, 'top1': 9.9, 'total': 9.9}]
2026-02-19 15:08:24,275 [trainer.py] => All params: 107342612
2026-02-19 15:08:24,279 [trainer.py] => Trainable params: 15380
2026-02-19 15:08:24,279 [inflora.py] => [DEBUG] Task 1: known_classes=10, task_size=10, total_classes=20
2026-02-19 15:08:24,279 [inflora.py] => [DEBUG] Before update_fc: numtask=1, classifier_pool length=1
2026-02-19 15:08:24,279 [sinet_inflora.py] => [DEBUG update_fc] Entering: numtask=1, nb_classes=10, current pool len=1
2026-02-19 15:08:24,280 [sinet_inflora.py] => [DEBUG update_fc] After adding: numtask=2, pool len=2
2026-02-19 15:08:24,280 [inflora.py] => Task 1: classes 10 → 20
2026-02-19 15:08:24,281 [inflora.py] => [DEBUG] After update_fc: numtask=2, classifier_pool length=2
2026-02-19 15:08:24,416 [inflora.py] => [Data] Batch targets: {10: 3, 11: 3, 12: 8, 13: 3, 14: 2, 15: 2, 16: 3, 17: 6, 18: 2}
2026-02-19 15:08:24,475 [inflora.py] => [Mask] mask sum: 32, known_classes=10, total_classes=20
2026-02-19 15:08:24,475 [inflora.py] => [Targets] current_targets range: 10~18
2026-02-19 15:08:24,475 [inflora.py] => [Local] local_targets range: 0~8
2026-02-19 15:08:24,475 [inflora.py] => [Logits] current_logits shape: [32,10,], mean=0.00, std=0.09
2026-02-19 15:08:24,475 [inflora.py] =>   [DEBUG] current_logits mean: 0.0046, std: 0.0851
2026-02-19 15:08:24,475 [inflora.py] =>   [DEBUG] current_logits max: 0.1760, min: -0.1307
2026-02-19 15:08:24,476 [inflora.py] =>   [DEBUG] preds distribution: (array([0.12826739, 0.13118814, 0.13661876, 0.14038229, 0.1419853 ,
       0.14199491, 0.14255422, 0.1433566 , 0.14422493, 0.14525674,
       0.14662601, 0.14718814, 0.1516053 , 0.15264833, 0.15323657,
       0.15333135, 0.15336053, 0.15376355, 0.15397793, 0.15602888,
       0.15622169, 0.15764473, 0.1587407 , 0.15969595, 0.16384311,
       0.16637826, 0.16824624, 0.16881713, 0.17105636, 0.17345221,
       0.17401437, 0.17599316], dtype=float32), array([1, 1, 1, 1, 1, 1, 1, 1, 1, 1, 1, 1, 1, 1, 1, 1, 1, 1, 1, 1, 1, 1,
       1, 1, 1, 1, 1, 1, 1, 1, 1, 1]))
2026-02-19 15:08:24,481 [inflora.py] =>   [DEBUG] current_logits mean: 0.0046, std: 0.0851
2026-02-19 15:08:24,482 [inflora.py] =>   [DEBUG] current_logits max: 0.1760, min: -0.1307
2026-02-19 15:08:44,144 [inflora.py] => [Task 1] Epoch 1/20, [Loss] loss: 2.2940 Accuracy=10.00%
2026-02-19 15:09:01,963 [inflora.py] => [Task 1] Epoch 2/20, [Loss] loss: 2.2765 Accuracy=10.00%
2026-02-19 15:09:19,844 [inflora.py] => [Task 1] Epoch 3/20, [Loss] loss: 2.3090 Accuracy=10.00%
2026-02-19 15:09:37,337 [inflora.py] => [Task 1] Epoch 4/20, [Loss] loss: 2.2851 Accuracy=10.00%
2026-02-19 15:09:55,489 [inflora.py] => [Task 1] Epoch 5/20, [Loss] loss: 2.2844 Accuracy=10.00%
2026-02-19 15:10:13,779 [inflora.py] => [Task 1] Epoch 6/20, [Loss] loss: 2.2846 Accuracy=10.00%
2026-02-19 15:10:31,616 [inflora.py] => [Task 1] Epoch 7/20, [Loss] loss: 2.2697 Accuracy=10.00%
2026-02-19 15:10:49,002 [inflora.py] => [Task 1] Epoch 8/20, [Loss] loss: 2.2776 Accuracy=10.00%
2026-02-19 15:11:06,640 [inflora.py] => [Task 1] Epoch 9/20, [Loss] loss: 2.2917 Accuracy=10.00%
2026-02-19 15:11:24,586 [inflora.py] => [Task 1] Epoch 10/20, [Loss] loss: 2.2595 Accuracy=10.00%
2026-02-19 15:11:43,040 [inflora.py] => [Task 1] Epoch 11/20, [Loss] loss: 2.2488 Accuracy=10.00%
2026-02-19 15:12:01,558 [inflora.py] => [Task 1] Epoch 12/20, [Loss] loss: 2.2592 Accuracy=10.00%
2026-02-19 15:12:19,635 [inflora.py] => [Task 1] Epoch 13/20, [Loss] loss: 2.2526 Accuracy=10.00%
2026-02-19 15:12:37,259 [inflora.py] => [Task 1] Epoch 14/20, [Loss] loss: 2.2564 Accuracy=10.00%
2026-02-19 15:12:54,877 [inflora.py] => [Task 1] Epoch 15/20, [Loss] loss: 2.2709 Accuracy=10.00%
2026-02-19 15:13:12,393 [inflora.py] => [Task 1] Epoch 16/20, [Loss] loss: 2.2693 Accuracy=10.00%
2026-02-19 15:13:30,113 [inflora.py] => [Task 1] Epoch 17/20, [Loss] loss: 2.2585 Accuracy=10.00%
2026-02-19 15:13:47,632 [inflora.py] => [Task 1] Epoch 18/20, [Loss] loss: 2.2294 Accuracy=10.00%
2026-02-19 15:14:05,123 [inflora.py] => [Task 1] Epoch 19/20, [Loss] loss: 2.2708 Accuracy=10.00%
2026-02-19 15:14:22,612 [inflora.py] => [Task 1] Epoch 20/20, [Loss] loss: 2.2535 Accuracy=10.00%
2026-02-19 15:14:42,375 [trainer.py] => Time:378.09597539901733
2026-02-19 15:14:49,088 [inflora.py] => Overall test accuracy: 99/2000 = 4.95%
2026-02-19 15:14:49,088 [trainer.py] => Time:6.712813138961792
2026-02-19 15:14:49,088 [trainer.py] => CNN: 4.95
2026-02-19 15:14:49,088 [trainer.py] => CNN top1 curve: [9.9, 4.95]
2026-02-19 15:14:49,088 [trainer.py] => CNN top1 with task curve: [9.9, 4.95]
2026-02-19 15:14:49,088 [trainer.py] => CNN top1 task curve: [{'grouped': 9.9, 'top1': 9.9, 'total': 9.9}, {'grouped': 4.95, 'top1': 4.95, 'total': 4.95}]
2026-02-19 15:14:50,494 [trainer.py] => All params: 107357992
2026-02-19 15:14:50,496 [trainer.py] => Trainable params: 30760
2026-02-19 15:14:50,496 [inflora.py] => [DEBUG] Task 2: known_classes=20, task_size=10, total_classes=30
2026-02-19 15:14:50,496 [inflora.py] => [DEBUG] Before update_fc: numtask=2, classifier_pool length=2
2026-02-19 15:14:50,496 [sinet_inflora.py] => [DEBUG update_fc] Entering: numtask=2, nb_classes=10, current pool len=2
2026-02-19 15:14:50,496 [sinet_inflora.py] => [DEBUG update_fc] After adding: numtask=3, pool len=3
2026-02-19 15:14:50,496 [inflora.py] => Task 2: classes 20 → 30
2026-02-19 15:14:50,496 [inflora.py] => [DEBUG] After update_fc: numtask=3, classifier_pool length=3
2026-02-19 15:14:50,628 [inflora.py] => [Data] Batch targets: {20: 3, 21: 3, 22: 8, 23: 3, 24: 2, 25: 2, 26: 3, 27: 6, 28: 2}
2026-02-19 15:14:50,670 [inflora.py] => [Mask] mask sum: 32, known_classes=20, total_classes=30
2026-02-19 15:14:50,670 [inflora.py] => [Targets] current_targets range: 20~28
2026-02-19 15:14:50,670 [inflora.py] => [Local] local_targets range: 0~8
2026-02-19 15:14:50,670 [inflora.py] => [Logits] current_logits shape: [32,10,], mean=0.03, std=0.04
2026-02-19 15:14:50,670 [inflora.py] =>   [DEBUG] current_logits mean: 0.0258, std: 0.0445
2026-02-19 15:14:50,670 [inflora.py] =>   [DEBUG] current_logits max: 0.1194, min: -0.0583
2026-02-19 15:14:50,671 [inflora.py] =>   [DEBUG] preds distribution: (array([0.07751511, 0.08149832, 0.0948495 , 0.09671035, 0.09709691,
       0.09955151, 0.10071424, 0.1030594 , 0.10350845, 0.10451482,
       0.10534168, 0.10542686, 0.10557581, 0.10622243, 0.10677192,
       0.10728747, 0.10767754, 0.1090294 , 0.10950075, 0.10971376,
       0.1105517 , 0.11110596, 0.11114533, 0.11149873, 0.11248862,
       0.11340321, 0.11382937, 0.11430518, 0.11523801, 0.11547233,
       0.11674473, 0.11941003], dtype=float32), array([1, 1, 1, 1, 1, 1, 1, 1, 1, 1, 1, 1, 1, 1, 1, 1, 1, 1, 1, 1, 1, 1,
       1, 1, 1, 1, 1, 1, 1, 1, 1, 1]))
2026-02-19 15:14:50,676 [inflora.py] =>   [DEBUG] current_logits mean: 0.0258, std: 0.0445
2026-02-19 15:14:50,677 [inflora.py] =>   [DEBUG] current_logits max: 0.1194, min: -0.0583
2026-02-19 15:15:09,469 [inflora.py] => [Task 2] Epoch 1/20, [Loss] loss: 2.2988 Accuracy=10.00%
2026-02-19 15:15:27,166 [inflora.py] => [Task 2] Epoch 2/20, [Loss] loss: 2.2806 Accuracy=10.00%
2026-02-19 15:15:44,659 [inflora.py] => [Task 2] Epoch 3/20, [Loss] loss: 2.2984 Accuracy=10.00%
2026-02-19 15:27:27,002 [trainer.py] => config: configs/cifar100_inflora_debug.json
2026-02-19 15:27:27,002 [trainer.py] => device: ['cuda:0']
2026-02-19 15:27:27,002 [trainer.py] => prefix: reproduce_debug
2026-02-19 15:27:27,002 [trainer.py] => dataset: cifar100
2026-02-19 15:27:27,002 [trainer.py] => data_path: data/
2026-02-19 15:27:27,002 [trainer.py] => memory_size: 0
2026-02-19 15:27:27,002 [trainer.py] => memory_per_class: 0
2026-02-19 15:27:27,002 [trainer.py] => fixed_memory: True
2026-02-19 15:27:27,002 [trainer.py] => shuffle: False
2026-02-19 15:27:27,002 [trainer.py] => init_cls: 10
2026-02-19 15:27:27,002 [trainer.py] => increment: 10
2026-02-19 15:27:27,002 [trainer.py] => total_sessions: 2
2026-02-19 15:27:27,003 [trainer.py] => model_name: InfLoRA
2026-02-19 15:27:27,003 [trainer.py] => net_type: sip
2026-02-19 15:27:27,003 [trainer.py] => embd_dim: 768
2026-02-19 15:27:27,003 [trainer.py] => num_heads: 12
2026-02-19 15:27:27,003 [trainer.py] => seed: 0
2026-02-19 15:27:27,003 [trainer.py] => EPSILON: 1e-08
2026-02-19 15:27:27,003 [trainer.py] => init_epoch: 2
2026-02-19 15:27:27,003 [trainer.py] => optim: adam
2026-02-19 15:27:27,003 [trainer.py] => init_lr: 0.0005
2026-02-19 15:27:27,003 [trainer.py] => init_lr_decay: 0.1
2026-02-19 15:27:27,003 [trainer.py] => init_weight_decay: 0.0
2026-02-19 15:27:27,003 [trainer.py] => epochs: 20
2026-02-19 15:27:27,003 [trainer.py] => lrate: 0.001
2026-02-19 15:27:27,003 [trainer.py] => lrate_decay: 0.1
2026-02-19 15:27:27,003 [trainer.py] => batch_size: 32
2026-02-19 15:27:27,003 [trainer.py] => weight_decay: 0.0
2026-02-19 15:27:27,003 [trainer.py] => rank: 4
2026-02-19 15:27:27,003 [trainer.py] => lamb: 0.95
2026-02-19 15:27:27,003 [trainer.py] => lame: 1.0
2026-02-19 15:27:27,003 [trainer.py] => num_workers: 2
2026-02-19 15:27:27,003 [trainer.py] => in_chans: 3
2026-02-19 15:27:27,003 [trainer.py] => use_pretrained: True
2026-02-19 15:27:27,003 [trainer.py] => pretrained_path: vit_base_patch16_224.pth
2026-02-19 15:27:28,754 [data_manager.py] => [0, 1, 2, 3, 4, 5, 6, 7, 8, 9, 10, 11, 12, 13, 14, 15, 16, 17, 18, 19, 20, 21, 22, 23, 24, 25, 26, 27, 28, 29, 30, 31, 32, 33, 34, 35, 36, 37, 38, 39, 40, 41, 42, 43, 44, 45, 46, 47, 48, 49, 50, 51, 52, 53, 54, 55, 56, 57, 58, 59, 60, 61, 62, 63, 64, 65, 66, 67, 68, 69, 70, 71, 72, 73, 74, 75, 76, 77, 78, 79, 80, 81, 82, 83, 84, 85, 86, 87, 88, 89, 90, 91, 92, 93, 94, 95, 96, 97, 98, 99]
2026-02-19 15:28:24,632 [trainer.py] => config: configs/cifar100_inflora_debug.json
2026-02-19 15:28:24,632 [trainer.py] => device: ['cuda:0']
2026-02-19 15:28:24,632 [trainer.py] => prefix: reproduce_debug
2026-02-19 15:28:24,632 [trainer.py] => dataset: cifar100
2026-02-19 15:28:24,632 [trainer.py] => data_path: data/
2026-02-19 15:28:24,632 [trainer.py] => memory_size: 0
2026-02-19 15:28:24,632 [trainer.py] => memory_per_class: 0
2026-02-19 15:28:24,632 [trainer.py] => fixed_memory: True
2026-02-19 15:28:24,632 [trainer.py] => shuffle: False
2026-02-19 15:28:24,632 [trainer.py] => init_cls: 10
2026-02-19 15:28:24,632 [trainer.py] => increment: 10
2026-02-19 15:28:24,632 [trainer.py] => total_sessions: 2
2026-02-19 15:28:24,632 [trainer.py] => model_name: InfLoRA
2026-02-19 15:28:24,632 [trainer.py] => net_type: sip
2026-02-19 15:28:24,632 [trainer.py] => embd_dim: 768
2026-02-19 15:28:24,632 [trainer.py] => num_heads: 12
2026-02-19 15:28:24,632 [trainer.py] => seed: 0
2026-02-19 15:28:24,632 [trainer.py] => EPSILON: 1e-08
2026-02-19 15:28:24,632 [trainer.py] => init_epoch: 2
2026-02-19 15:28:24,632 [trainer.py] => optim: adam
2026-02-19 15:28:24,632 [trainer.py] => init_lr: 0.0005
2026-02-19 15:28:24,632 [trainer.py] => init_lr_decay: 0.1
2026-02-19 15:28:24,632 [trainer.py] => init_weight_decay: 0.0
2026-02-19 15:28:24,632 [trainer.py] => epochs: 20
2026-02-19 15:28:24,632 [trainer.py] => lrate: 0.001
2026-02-19 15:28:24,633 [trainer.py] => lrate_decay: 0.1
2026-02-19 15:28:24,633 [trainer.py] => batch_size: 32
2026-02-19 15:28:24,633 [trainer.py] => weight_decay: 0.0
2026-02-19 15:28:24,633 [trainer.py] => rank: 4
2026-02-19 15:28:24,633 [trainer.py] => lamb: 0.95
2026-02-19 15:28:24,633 [trainer.py] => lame: 1.0
2026-02-19 15:28:24,633 [trainer.py] => num_workers: 2
2026-02-19 15:28:24,633 [trainer.py] => in_chans: 3
2026-02-19 15:28:24,633 [trainer.py] => use_pretrained: True
2026-02-19 15:28:24,633 [trainer.py] => pretrained_path: vit_base_patch16_224_in21k.pth
2026-02-19 15:28:26,374 [data_manager.py] => [0, 1, 2, 3, 4, 5, 6, 7, 8, 9, 10, 11, 12, 13, 14, 15, 16, 17, 18, 19, 20, 21, 22, 23, 24, 25, 26, 27, 28, 29, 30, 31, 32, 33, 34, 35, 36, 37, 38, 39, 40, 41, 42, 43, 44, 45, 46, 47, 48, 49, 50, 51, 52, 53, 54, 55, 56, 57, 58, 59, 60, 61, 62, 63, 64, 65, 66, 67, 68, 69, 70, 71, 72, 73, 74, 75, 76, 77, 78, 79, 80, 81, 82, 83, 84, 85, 86, 87, 88, 89, 90, 91, 92, 93, 94, 95, 96, 97, 98, 99]
2026-02-19 15:28:27,679 [trainer.py] => All params: 107327232
2026-02-19 15:28:27,681 [trainer.py] => Trainable params: 28643328
2026-02-19 15:28:27,681 [inflora.py] => [DEBUG] Task 0: known_classes=0, task_size=10, total_classes=10
2026-02-19 15:28:27,681 [inflora.py] => [DEBUG] Before update_fc: numtask=0, classifier_pool length=0
2026-02-19 15:28:27,681 [sinet_inflora.py] => [DEBUG update_fc] Entering: numtask=0, nb_classes=10, current pool len=0
2026-02-19 15:28:27,681 [sinet_inflora.py] => [DEBUG update_fc] After adding: numtask=1, pool len=1
2026-02-19 15:28:27,751 [inflora.py] => Task 0: classes 0 → 10
2026-02-19 15:28:27,752 [inflora.py] => [DEBUG] After update_fc: numtask=1, classifier_pool length=1
2026-02-19 15:28:28,651 [inflora.py] => [Data] Batch targets: {0: 3, 1: 3, 2: 8, 3: 3, 4: 2, 5: 2, 6: 3, 7: 6, 8: 2}
2026-02-19 15:28:28,806 [inflora.py] => [Mask] mask sum: 32, known_classes=0, total_classes=10
2026-02-19 15:28:28,826 [inflora.py] => [Targets] current_targets range: 0~8
2026-02-19 15:28:28,827 [inflora.py] => [Local] local_targets range: 0~8
2026-02-19 15:28:28,840 [inflora.py] => [Logits] current_logits shape: [32,10,], mean=0.00, std=0.04
2026-02-19 15:28:28,840 [inflora.py] =>   [DEBUG] current_logits mean: 0.0049, std: 0.0433
2026-02-19 15:28:28,847 [inflora.py] =>   [DEBUG] current_logits max: 0.0800, min: -0.1314
2026-02-19 15:28:28,870 [inflora.py] =>   [DEBUG] preds distribution: (array([0.03886209, 0.04178562, 0.04526857, 0.04608198, 0.04608479,
       0.04659156, 0.04835522, 0.05077163, 0.05081354, 0.05156298,
       0.05323211, 0.05348889, 0.05508795, 0.05673038, 0.05816654,
       0.05838149, 0.05886729, 0.05914347, 0.0604564 , 0.0618659 ,
       0.06231462, 0.06392945, 0.06416568, 0.06426696, 0.06583308,
       0.06801213, 0.06840856, 0.07049342, 0.07147247, 0.07475761,
       0.07643177, 0.08003604], dtype=float32), array([1, 1, 1, 1, 1, 1, 1, 1, 1, 1, 1, 1, 1, 1, 1, 1, 1, 1, 1, 1, 1, 1,
       1, 1, 1, 1, 1, 1, 1, 1, 1, 1]))
2026-02-19 15:28:28,937 [inflora.py] =>   [DEBUG] current_logits mean: 0.0049, std: 0.0433
2026-02-19 15:28:28,937 [inflora.py] =>   [DEBUG] current_logits max: 0.0800, min: -0.1314
2026-02-19 15:32:39,043 [trainer.py] => config: configs/cifar100_inflora_debug.json
2026-02-19 15:32:39,043 [trainer.py] => device: ['cuda:0']
2026-02-19 15:32:39,043 [trainer.py] => prefix: reproduce_debug
2026-02-19 15:32:39,043 [trainer.py] => dataset: cifar100
2026-02-19 15:32:39,043 [trainer.py] => data_path: data/
2026-02-19 15:32:39,043 [trainer.py] => memory_size: 0
2026-02-19 15:32:39,043 [trainer.py] => memory_per_class: 0
2026-02-19 15:32:39,043 [trainer.py] => fixed_memory: True
2026-02-19 15:32:39,043 [trainer.py] => shuffle: False
2026-02-19 15:32:39,043 [trainer.py] => init_cls: 10
2026-02-19 15:32:39,043 [trainer.py] => increment: 10
2026-02-19 15:32:39,043 [trainer.py] => total_sessions: 2
2026-02-19 15:32:39,043 [trainer.py] => model_name: InfLoRA
2026-02-19 15:32:39,043 [trainer.py] => net_type: sip
2026-02-19 15:32:39,043 [trainer.py] => embd_dim: 768
2026-02-19 15:32:39,043 [trainer.py] => num_heads: 12
2026-02-19 15:32:39,043 [trainer.py] => seed: 0
2026-02-19 15:32:39,043 [trainer.py] => EPSILON: 1e-08
2026-02-19 15:32:39,043 [trainer.py] => init_epoch: 2
2026-02-19 15:32:39,044 [trainer.py] => optim: adam
2026-02-19 15:32:39,044 [trainer.py] => init_lr: 0.0005
2026-02-19 15:32:39,044 [trainer.py] => init_lr_decay: 0.1
2026-02-19 15:32:39,044 [trainer.py] => init_weight_decay: 0.0
2026-02-19 15:32:39,044 [trainer.py] => epochs: 20
2026-02-19 15:32:39,044 [trainer.py] => lrate: 0.001
2026-02-19 15:32:39,044 [trainer.py] => lrate_decay: 0.1
2026-02-19 15:32:39,044 [trainer.py] => batch_size: 32
2026-02-19 15:32:39,044 [trainer.py] => weight_decay: 0.0
2026-02-19 15:32:39,044 [trainer.py] => rank: 4
2026-02-19 15:32:39,044 [trainer.py] => lamb: 0.95
2026-02-19 15:32:39,044 [trainer.py] => lame: 1.0
2026-02-19 15:32:39,044 [trainer.py] => num_workers: 2
2026-02-19 15:32:39,044 [trainer.py] => in_chans: 3
2026-02-19 15:32:39,044 [trainer.py] => use_pretrained: True
2026-02-19 15:32:39,044 [trainer.py] => pretrained_path: vit_base_patch16_224_in21k.pth
2026-02-19 15:32:40,769 [data_manager.py] => [0, 1, 2, 3, 4, 5, 6, 7, 8, 9, 10, 11, 12, 13, 14, 15, 16, 17, 18, 19, 20, 21, 22, 23, 24, 25, 26, 27, 28, 29, 30, 31, 32, 33, 34, 35, 36, 37, 38, 39, 40, 41, 42, 43, 44, 45, 46, 47, 48, 49, 50, 51, 52, 53, 54, 55, 56, 57, 58, 59, 60, 61, 62, 63, 64, 65, 66, 67, 68, 69, 70, 71, 72, 73, 74, 75, 76, 77, 78, 79, 80, 81, 82, 83, 84, 85, 86, 87, 88, 89, 90, 91, 92, 93, 94, 95, 96, 97, 98, 99]
2026-02-19 15:32:41,413 [trainer.py] => All params: 107327232
2026-02-19 15:32:41,414 [trainer.py] => Trainable params: 28643328
2026-02-19 15:32:41,414 [inflora.py] => [DEBUG] Task 0: known_classes=0, task_size=10, total_classes=10
2026-02-19 15:32:41,414 [inflora.py] => [DEBUG] Before update_fc: numtask=0, classifier_pool length=0
2026-02-19 15:32:41,414 [sinet_inflora.py] => [DEBUG update_fc] Entering: numtask=0, nb_classes=10, current pool len=0
2026-02-19 15:32:41,415 [sinet_inflora.py] => [DEBUG update_fc] After adding: numtask=1, pool len=1
2026-02-19 15:32:41,456 [inflora.py] => Task 0: classes 0 → 10
2026-02-19 15:32:41,456 [inflora.py] => [DEBUG] After update_fc: numtask=1, classifier_pool length=1
2026-02-19 15:32:42,249 [inflora.py] => [Data] Batch targets: {0: 3, 1: 3, 2: 8, 3: 3, 4: 2, 5: 2, 6: 3, 7: 6, 8: 2}
2026-02-19 15:32:42,458 [inflora.py] => [Mask] mask sum: 32, known_classes=0, total_classes=10
2026-02-19 15:32:42,475 [inflora.py] => [Targets] current_targets range: 0~8
2026-02-19 15:32:42,475 [inflora.py] => [Local] local_targets range: 0~8
2026-02-19 15:32:42,491 [inflora.py] => [Logits] current_logits shape: [32,10,], mean=0.02, std=0.10
2026-02-19 15:32:42,491 [inflora.py] =>   [DEBUG] current_logits mean: 0.0168, std: 0.0968
2026-02-19 15:32:42,498 [inflora.py] =>   [DEBUG] current_logits max: 0.1550, min: -0.1973
2026-02-19 15:32:42,522 [inflora.py] =>   [DEBUG] preds distribution: (array([0.09110001, 0.09536893, 0.09591319, 0.10141732, 0.10648198,
       0.10761402, 0.10829762, 0.11498324, 0.11582976, 0.11698386,
       0.11764906, 0.12224056, 0.12248866, 0.12363718, 0.12443295,
       0.12769176, 0.12773716, 0.12798825, 0.12914269, 0.1293898 ,
       0.12949243, 0.13290866, 0.13420609, 0.13469833, 0.13473822,
       0.13560799, 0.14124112, 0.14614107, 0.14922236, 0.15095933,
       0.15413213, 0.15497407], dtype=float32), array([1, 1, 1, 1, 1, 1, 1, 1, 1, 1, 1, 1, 1, 1, 1, 1, 1, 1, 1, 1, 1, 1,
       1, 1, 1, 1, 1, 1, 1, 1, 1, 1]))
2026-02-19 15:32:42,660 [inflora.py] =>   [DEBUG] current_logits mean: 0.0168, std: 0.0968
2026-02-19 15:32:42,661 [inflora.py] =>   [DEBUG] current_logits max: 0.1550, min: -0.1973
2026-02-19 15:33:03,015 [inflora.py] => [Task 0] Epoch 1/20, [Loss] loss: 2.3055 Accuracy=6250.0000%
2026-02-19 15:33:20,669 [inflora.py] => [Task 0] Epoch 2/20, [Loss] loss: 2.2787 Accuracy=6250.0000%
2026-02-19 15:35:03,829 [trainer.py] => config: configs/cifar100_inflora_debug.json
2026-02-19 15:35:03,830 [trainer.py] => device: ['cuda:0']
2026-02-19 15:35:03,830 [trainer.py] => prefix: reproduce_debug
2026-02-19 15:35:03,830 [trainer.py] => dataset: cifar100
2026-02-19 15:35:03,830 [trainer.py] => data_path: data/
2026-02-19 15:35:03,830 [trainer.py] => memory_size: 0
2026-02-19 15:35:03,830 [trainer.py] => memory_per_class: 0
2026-02-19 15:35:03,830 [trainer.py] => fixed_memory: True
2026-02-19 15:35:03,830 [trainer.py] => shuffle: False
2026-02-19 15:35:03,830 [trainer.py] => init_cls: 10
2026-02-19 15:35:03,830 [trainer.py] => increment: 10
2026-02-19 15:35:03,830 [trainer.py] => total_sessions: 2
2026-02-19 15:35:03,830 [trainer.py] => model_name: InfLoRA
2026-02-19 15:35:03,830 [trainer.py] => net_type: sip
2026-02-19 15:35:03,830 [trainer.py] => embd_dim: 768
2026-02-19 15:35:03,830 [trainer.py] => num_heads: 12
2026-02-19 15:35:03,830 [trainer.py] => seed: 0
2026-02-19 15:35:03,830 [trainer.py] => EPSILON: 1e-08
2026-02-19 15:35:03,830 [trainer.py] => init_epoch: 2
2026-02-19 15:35:03,830 [trainer.py] => optim: adam
2026-02-19 15:35:03,830 [trainer.py] => init_lr: 0.0005
2026-02-19 15:35:03,830 [trainer.py] => init_lr_decay: 0.1
2026-02-19 15:35:03,830 [trainer.py] => init_weight_decay: 0.0
2026-02-19 15:35:03,830 [trainer.py] => epochs: 20
2026-02-19 15:35:03,830 [trainer.py] => lrate: 0.001
2026-02-19 15:35:03,830 [trainer.py] => lrate_decay: 0.1
2026-02-19 15:35:03,830 [trainer.py] => batch_size: 32
2026-02-19 15:35:03,830 [trainer.py] => weight_decay: 0.0
2026-02-19 15:35:03,830 [trainer.py] => rank: 4
2026-02-19 15:35:03,830 [trainer.py] => lamb: 0.95
2026-02-19 15:35:03,831 [trainer.py] => lame: 1.0
2026-02-19 15:35:03,831 [trainer.py] => num_workers: 2
2026-02-19 15:35:03,831 [trainer.py] => in_chans: 3
2026-02-19 15:35:03,831 [trainer.py] => use_pretrained: True
2026-02-19 15:35:03,831 [trainer.py] => pretrained_path: vit_base_patch16_224_in21k.pth
2026-02-19 15:35:05,566 [data_manager.py] => [0, 1, 2, 3, 4, 5, 6, 7, 8, 9, 10, 11, 12, 13, 14, 15, 16, 17, 18, 19, 20, 21, 22, 23, 24, 25, 26, 27, 28, 29, 30, 31, 32, 33, 34, 35, 36, 37, 38, 39, 40, 41, 42, 43, 44, 45, 46, 47, 48, 49, 50, 51, 52, 53, 54, 55, 56, 57, 58, 59, 60, 61, 62, 63, 64, 65, 66, 67, 68, 69, 70, 71, 72, 73, 74, 75, 76, 77, 78, 79, 80, 81, 82, 83, 84, 85, 86, 87, 88, 89, 90, 91, 92, 93, 94, 95, 96, 97, 98, 99]
2026-02-19 15:35:06,060 [trainer.py] => All params: 107327232
2026-02-19 15:35:06,061 [trainer.py] => Trainable params: 28643328
2026-02-19 15:35:06,061 [inflora.py] => [DEBUG] Task 0: known_classes=0, task_size=10, total_classes=10
2026-02-19 15:35:06,061 [inflora.py] => [DEBUG] Before update_fc: numtask=0, classifier_pool length=0
2026-02-19 15:35:06,061 [sinet_inflora.py] => [DEBUG update_fc] Entering: numtask=0, nb_classes=10, current pool len=0
2026-02-19 15:36:26,005 [trainer.py] => config: configs/cifar100_inflora_debug.json
2026-02-19 15:36:26,005 [trainer.py] => device: ['cuda:0']
2026-02-19 15:36:26,005 [trainer.py] => prefix: reproduce_debug
2026-02-19 15:36:26,006 [trainer.py] => dataset: cifar100
2026-02-19 15:36:26,006 [trainer.py] => data_path: data/
2026-02-19 15:36:26,006 [trainer.py] => memory_size: 0
2026-02-19 15:36:26,006 [trainer.py] => memory_per_class: 0
2026-02-19 15:36:26,006 [trainer.py] => fixed_memory: True
2026-02-19 15:36:26,006 [trainer.py] => shuffle: False
2026-02-19 15:36:26,006 [trainer.py] => init_cls: 10
2026-02-19 15:36:26,006 [trainer.py] => increment: 10
2026-02-19 15:36:26,006 [trainer.py] => total_sessions: 2
2026-02-19 15:36:26,006 [trainer.py] => model_name: InfLoRA
2026-02-19 15:36:26,006 [trainer.py] => net_type: sip
2026-02-19 15:36:26,006 [trainer.py] => embd_dim: 768
2026-02-19 15:36:26,006 [trainer.py] => num_heads: 12
2026-02-19 15:36:26,006 [trainer.py] => seed: 0
2026-02-19 15:36:26,006 [trainer.py] => EPSILON: 1e-08
2026-02-19 15:36:26,006 [trainer.py] => init_epoch: 2
2026-02-19 15:36:26,006 [trainer.py] => optim: adam
2026-02-19 15:36:26,006 [trainer.py] => init_lr: 0.0005
2026-02-19 15:36:26,006 [trainer.py] => init_lr_decay: 0.1
2026-02-19 15:36:26,006 [trainer.py] => init_weight_decay: 0.0
2026-02-19 15:36:26,006 [trainer.py] => epochs: 20
2026-02-19 15:36:26,006 [trainer.py] => lrate: 0.001
2026-02-19 15:36:26,006 [trainer.py] => lrate_decay: 0.1
2026-02-19 15:36:26,006 [trainer.py] => batch_size: 32
2026-02-19 15:36:26,006 [trainer.py] => weight_decay: 0.0
2026-02-19 15:36:26,006 [trainer.py] => rank: 4
2026-02-19 15:36:26,006 [trainer.py] => lamb: 0.95
2026-02-19 15:36:26,006 [trainer.py] => lame: 1.0
2026-02-19 15:36:26,006 [trainer.py] => num_workers: 2
2026-02-19 15:36:26,006 [trainer.py] => in_chans: 3
2026-02-19 15:36:26,006 [trainer.py] => use_pretrained: True
2026-02-19 15:36:26,006 [trainer.py] => pretrained_path: vit_base_patch16_224_in21k.pth
2026-02-19 15:36:27,754 [data_manager.py] => [0, 1, 2, 3, 4, 5, 6, 7, 8, 9, 10, 11, 12, 13, 14, 15, 16, 17, 18, 19, 20, 21, 22, 23, 24, 25, 26, 27, 28, 29, 30, 31, 32, 33, 34, 35, 36, 37, 38, 39, 40, 41, 42, 43, 44, 45, 46, 47, 48, 49, 50, 51, 52, 53, 54, 55, 56, 57, 58, 59, 60, 61, 62, 63, 64, 65, 66, 67, 68, 69, 70, 71, 72, 73, 74, 75, 76, 77, 78, 79, 80, 81, 82, 83, 84, 85, 86, 87, 88, 89, 90, 91, 92, 93, 94, 95, 96, 97, 98, 99]
2026-02-19 15:36:28,914 [trainer.py] => All params: 107327232
2026-02-19 15:36:28,916 [trainer.py] => Trainable params: 28643328
2026-02-19 15:36:28,916 [inflora.py] => [DEBUG] Task 0: known_classes=0, task_size=10, total_classes=10
2026-02-19 15:36:28,916 [inflora.py] => [DEBUG] Before update_fc: numtask=0, classifier_pool length=0
2026-02-19 15:36:28,916 [sinet_inflora.py] => [DEBUG update_fc] Entering: numtask=0, nb_classes=10, current pool len=0
2026-02-19 15:36:28,917 [sinet_inflora.py] => [DEBUG update_fc] After adding: numtask=1, pool len=1
2026-02-19 15:36:33,261 [inflora.py] => Task 0: classes 0 → 10
2026-02-19 15:36:33,261 [inflora.py] => [DEBUG] After update_fc: numtask=1, classifier_pool length=1
2026-02-19 15:36:33,707 [inflora.py] => [Data] Batch targets: {0: 3, 1: 3, 2: 8, 3: 3, 4: 2, 5: 2, 6: 3, 7: 6, 8: 2}
2026-02-19 15:36:34,101 [inflora.py] => [Mask] mask sum: 32, known_classes=0, total_classes=10
2026-02-19 15:36:34,120 [inflora.py] => [Targets] current_targets range: 0~8
2026-02-19 15:36:34,121 [inflora.py] => [Local] local_targets range: 0~8
2026-02-19 15:36:34,136 [inflora.py] => [Logits] current_logits shape: [32,10,], mean=0.02, std=0.42
2026-02-19 15:36:34,137 [inflora.py] =>   [DEBUG] current_logits mean: 0.0184, std: 0.4247
2026-02-19 15:36:34,144 [inflora.py] =>   [DEBUG] current_logits max: 0.5798, min: -0.8622
2026-02-19 15:36:34,167 [inflora.py] =>   [DEBUG] preds distribution: (array([0.3932637 , 0.3981441 , 0.41527593, 0.43665802, 0.44083643,
       0.44634014, 0.46606806, 0.47140154, 0.47465932, 0.47593278,
       0.47865778, 0.48449263, 0.50012183, 0.5044855 , 0.50560915,
       0.5167431 , 0.523949  , 0.524698  , 0.5287317 , 0.53215533,
       0.5368903 , 0.5379313 , 0.54162747, 0.5431063 , 0.5489361 ,
       0.5500932 , 0.5517587 , 0.5538384 , 0.55653644, 0.5640727 ,
       0.56498396, 0.5798416 ], dtype=float32), array([1, 1, 1, 1, 1, 1, 1, 1, 1, 1, 1, 1, 1, 1, 1, 1, 1, 1, 1, 1, 1, 1,
       1, 1, 1, 1, 1, 1, 1, 1, 1, 1]))
2026-02-19 15:36:34,489 [inflora.py] =>   [DEBUG] current_logits mean: 0.0184, std: 0.4247
2026-02-19 15:36:34,490 [inflora.py] =>   [DEBUG] current_logits max: 0.5798, min: -0.8622
2026-02-19 15:36:54,927 [inflora.py] => [Task 0] Epoch 1/20, [Loss] loss: 2.2782 Accuracy=10.0000%
2026-02-19 15:37:13,605 [inflora.py] => [Task 0] Epoch 2/20, [Loss] loss: 2.2839 Accuracy=10.0000%
2026-02-19 15:37:30,840 [inflora.py] => [Task 0] Epoch 3/20, [Loss] loss: 2.3184 Accuracy=10.0000%
2026-02-19 15:37:48,322 [inflora.py] => [Task 0] Epoch 4/20, [Loss] loss: 2.2767 Accuracy=10.0000%
2026-02-19 15:38:05,807 [inflora.py] => [Task 0] Epoch 5/20, [Loss] loss: 2.2812 Accuracy=10.0000%
2026-02-19 15:38:23,662 [inflora.py] => [Task 0] Epoch 6/20, [Loss] loss: 2.2709 Accuracy=10.0000%
2026-02-19 15:38:41,291 [inflora.py] => [Task 0] Epoch 7/20, [Loss] loss: 2.2651 Accuracy=10.0000%
2026-02-19 15:38:58,767 [inflora.py] => [Task 0] Epoch 8/20, [Loss] loss: 2.2579 Accuracy=10.0000%
2026-02-19 15:39:16,074 [inflora.py] => [Task 0] Epoch 9/20, [Loss] loss: 2.2657 Accuracy=10.0000%
2026-02-19 15:39:33,466 [inflora.py] => [Task 0] Epoch 10/20, [Loss] loss: 2.2375 Accuracy=10.0000%
2026-02-19 15:39:50,912 [inflora.py] => [Task 0] Epoch 11/20, [Loss] loss: 2.2956 Accuracy=10.0000%
2026-02-19 15:40:09,233 [inflora.py] => [Task 0] Epoch 12/20, [Loss] loss: 2.2561 Accuracy=10.0000%
2026-02-19 15:40:26,528 [inflora.py] => [Task 0] Epoch 13/20, [Loss] loss: 2.2248 Accuracy=10.0000%
2026-02-19 15:40:44,123 [inflora.py] => [Task 0] Epoch 14/20, [Loss] loss: 2.1725 Accuracy=10.0000%
2026-02-19 15:41:01,757 [inflora.py] => [Task 0] Epoch 15/20, [Loss] loss: 2.2603 Accuracy=10.0000%
2026-02-19 15:41:19,492 [inflora.py] => [Task 0] Epoch 16/20, [Loss] loss: 2.2013 Accuracy=10.0000%
2026-02-19 15:45:07,422 [trainer.py] => config: configs/cifar100_inflora_debug.json
2026-02-19 15:45:07,422 [trainer.py] => device: ['cuda:0']
2026-02-19 15:45:07,422 [trainer.py] => prefix: reproduce_debug
2026-02-19 15:45:07,422 [trainer.py] => dataset: cifar100
2026-02-19 15:45:07,423 [trainer.py] => data_path: data/
2026-02-19 15:45:07,423 [trainer.py] => memory_size: 0
2026-02-19 15:45:07,423 [trainer.py] => memory_per_class: 0
2026-02-19 15:45:07,423 [trainer.py] => fixed_memory: True
2026-02-19 15:45:07,423 [trainer.py] => shuffle: False
2026-02-19 15:45:07,423 [trainer.py] => init_cls: 10
2026-02-19 15:45:07,423 [trainer.py] => increment: 10
2026-02-19 15:45:07,423 [trainer.py] => total_sessions: 2
2026-02-19 15:45:07,423 [trainer.py] => model_name: InfLoRA
2026-02-19 15:45:07,423 [trainer.py] => net_type: sip
2026-02-19 15:45:07,423 [trainer.py] => embd_dim: 768
2026-02-19 15:45:07,423 [trainer.py] => num_heads: 12
2026-02-19 15:45:07,423 [trainer.py] => seed: 0
2026-02-19 15:45:07,423 [trainer.py] => EPSILON: 1e-08
2026-02-19 15:45:07,423 [trainer.py] => init_epoch: 2
2026-02-19 15:45:07,423 [trainer.py] => optim: adam
2026-02-19 15:45:07,423 [trainer.py] => init_lr: 0.0005
2026-02-19 15:45:07,423 [trainer.py] => init_lr_decay: 0.1
2026-02-19 15:45:07,423 [trainer.py] => init_weight_decay: 0.0
2026-02-19 15:45:07,423 [trainer.py] => epochs: 20
2026-02-19 15:45:07,423 [trainer.py] => lrate: 0.001
2026-02-19 15:45:07,423 [trainer.py] => lrate_decay: 0.1
2026-02-19 15:45:07,423 [trainer.py] => batch_size: 32
2026-02-19 15:45:07,423 [trainer.py] => weight_decay: 0.0
2026-02-19 15:45:07,423 [trainer.py] => rank: 4
2026-02-19 15:45:07,423 [trainer.py] => lamb: 0.95
2026-02-19 15:45:07,423 [trainer.py] => lame: 1.0
2026-02-19 15:45:07,423 [trainer.py] => num_workers: 2
2026-02-19 15:45:07,423 [trainer.py] => in_chans: 3
2026-02-19 15:45:07,423 [trainer.py] => use_pretrained: True
2026-02-19 15:45:07,424 [trainer.py] => pretrained_path: vit_base_patch16_224_in21k.pth
2026-02-19 15:45:09,152 [data_manager.py] => [0, 1, 2, 3, 4, 5, 6, 7, 8, 9, 10, 11, 12, 13, 14, 15, 16, 17, 18, 19, 20, 21, 22, 23, 24, 25, 26, 27, 28, 29, 30, 31, 32, 33, 34, 35, 36, 37, 38, 39, 40, 41, 42, 43, 44, 45, 46, 47, 48, 49, 50, 51, 52, 53, 54, 55, 56, 57, 58, 59, 60, 61, 62, 63, 64, 65, 66, 67, 68, 69, 70, 71, 72, 73, 74, 75, 76, 77, 78, 79, 80, 81, 82, 83, 84, 85, 86, 87, 88, 89, 90, 91, 92, 93, 94, 95, 96, 97, 98, 99]
2026-02-19 15:45:10,014 [trainer.py] => All params: 107327232
2026-02-19 15:45:10,015 [trainer.py] => Trainable params: 28643328
2026-02-19 15:45:10,015 [inflora.py] => [DEBUG] Task 0: known_classes=0, task_size=10, total_classes=10
2026-02-19 15:45:10,015 [inflora.py] => [DEBUG] Before update_fc: numtask=0, classifier_pool length=0
2026-02-19 15:45:10,015 [sinet_inflora.py] => [DEBUG update_fc] Entering: numtask=0, nb_classes=10, current pool len=0
2026-02-19 15:45:10,015 [sinet_inflora.py] => [DEBUG update_fc] After adding: numtask=1, pool len=1
2026-02-19 15:45:10,087 [inflora.py] => Task 0: classes 0 → 10
2026-02-19 15:45:10,087 [inflora.py] => [DEBUG] After update_fc: numtask=1, classifier_pool length=1
2026-02-19 15:45:10,487 [inflora.py] => [Data] Batch targets: {0: 3, 1: 3, 2: 8, 3: 3, 4: 2, 5: 2, 6: 3, 7: 6, 8: 2}
2026-02-19 15:45:10,665 [inflora.py] => [Mask] mask sum: 32, known_classes=0, total_classes=10
2026-02-19 15:45:10,687 [inflora.py] => [Targets] current_targets range: 0~8
2026-02-19 15:45:10,688 [inflora.py] => [Local] local_targets range: 0~8
2026-02-19 15:45:10,706 [inflora.py] => [Logits] current_logits shape: [32,10,], mean=-0.07, std=0.39
2026-02-19 15:45:10,706 [inflora.py] =>   [DEBUG] current_logits mean: -0.0670, std: 0.3875
2026-02-19 15:45:10,714 [inflora.py] =>   [DEBUG] current_logits max: 0.7865, min: -0.8173
2026-02-19 15:45:10,737 [inflora.py] =>   [DEBUG] preds distribution: (array([0.37718844, 0.42412522, 0.463159  , 0.4806346 , 0.4965071 ,
       0.5180513 , 0.5230421 , 0.5253764 , 0.5309733 , 0.5696281 ,
       0.57622766, 0.5919272 , 0.6362881 , 0.6381057 , 0.6411791 ,
       0.652097  , 0.6522529 , 0.6529947 , 0.655003  , 0.65883243,
       0.6620983 , 0.66932136, 0.68092227, 0.682231  , 0.7071531 ,
       0.7101337 , 0.71369696, 0.71791595, 0.7352175 , 0.7401651 ,
       0.74835145, 0.78647524], dtype=float32), array([1, 1, 1, 1, 1, 1, 1, 1, 1, 1, 1, 1, 1, 1, 1, 1, 1, 1, 1, 1, 1, 1,
       1, 1, 1, 1, 1, 1, 1, 1, 1, 1]))
2026-02-19 15:45:10,805 [inflora.py] =>   [DEBUG] current_logits mean: -0.0670, std: 0.3875
2026-02-19 15:45:10,805 [inflora.py] =>   [DEBUG] current_logits max: 0.7865, min: -0.8173
2026-02-19 15:45:35,248 [inflora.py] => [Task 0] Epoch 1/20, [Loss] loss: 2.2560 Accuracy=10.0000%
2026-02-19 15:45:53,530 [inflora.py] => [Task 0] Epoch 2/20, [Loss] loss: 2.2726 Accuracy=10.0000%
2026-02-19 15:46:11,271 [inflora.py] => [Task 0] Epoch 3/20, [Loss] loss: 2.2548 Accuracy=10.0000%
2026-02-19 15:46:41,736 [trainer.py] => config: configs/cifar100_inflora_debug.json
2026-02-19 15:46:41,736 [trainer.py] => device: ['cuda:0']
2026-02-19 15:46:41,736 [trainer.py] => prefix: reproduce_debug
2026-02-19 15:46:41,736 [trainer.py] => dataset: cifar100
2026-02-19 15:46:41,736 [trainer.py] => data_path: data/
2026-02-19 15:46:41,736 [trainer.py] => memory_size: 0
2026-02-19 15:46:41,736 [trainer.py] => memory_per_class: 0
2026-02-19 15:46:41,736 [trainer.py] => fixed_memory: True
2026-02-19 15:46:41,736 [trainer.py] => shuffle: False
2026-02-19 15:46:41,736 [trainer.py] => init_cls: 10
2026-02-19 15:46:41,736 [trainer.py] => increment: 10
2026-02-19 15:46:41,736 [trainer.py] => total_sessions: 2
2026-02-19 15:46:41,736 [trainer.py] => model_name: InfLoRA
2026-02-19 15:46:41,736 [trainer.py] => net_type: sip
2026-02-19 15:46:41,736 [trainer.py] => embd_dim: 768
2026-02-19 15:46:41,736 [trainer.py] => num_heads: 12
2026-02-19 15:46:41,736 [trainer.py] => seed: 0
2026-02-19 15:46:41,736 [trainer.py] => EPSILON: 1e-08
2026-02-19 15:46:41,736 [trainer.py] => init_epoch: 2
2026-02-19 15:46:41,736 [trainer.py] => optim: adam
2026-02-19 15:46:41,736 [trainer.py] => init_lr: 0.0005
2026-02-19 15:46:41,736 [trainer.py] => init_lr_decay: 0.1
2026-02-19 15:46:41,736 [trainer.py] => init_weight_decay: 0.0
2026-02-19 15:46:41,736 [trainer.py] => epochs: 20
2026-02-19 15:46:41,736 [trainer.py] => lrate: 0.001
2026-02-19 15:46:41,737 [trainer.py] => lrate_decay: 0.1
2026-02-19 15:46:41,737 [trainer.py] => batch_size: 32
2026-02-19 15:46:41,737 [trainer.py] => weight_decay: 0.0
2026-02-19 15:46:41,737 [trainer.py] => rank: 4
2026-02-19 15:46:41,737 [trainer.py] => lamb: 0.95
2026-02-19 15:46:41,737 [trainer.py] => lame: 1.0
2026-02-19 15:46:41,737 [trainer.py] => num_workers: 2
2026-02-19 15:46:41,737 [trainer.py] => in_chans: 3
2026-02-19 15:46:41,737 [trainer.py] => use_pretrained: True
2026-02-19 15:46:41,737 [trainer.py] => pretrained_path: vit_base_patch16_224_in21k.pth
2026-02-19 15:46:43,406 [data_manager.py] => [0, 1, 2, 3, 4, 5, 6, 7, 8, 9, 10, 11, 12, 13, 14, 15, 16, 17, 18, 19, 20, 21, 22, 23, 24, 25, 26, 27, 28, 29, 30, 31, 32, 33, 34, 35, 36, 37, 38, 39, 40, 41, 42, 43, 44, 45, 46, 47, 48, 49, 50, 51, 52, 53, 54, 55, 56, 57, 58, 59, 60, 61, 62, 63, 64, 65, 66, 67, 68, 69, 70, 71, 72, 73, 74, 75, 76, 77, 78, 79, 80, 81, 82, 83, 84, 85, 86, 87, 88, 89, 90, 91, 92, 93, 94, 95, 96, 97, 98, 99]
2026-02-19 15:46:44,657 [trainer.py] => All params: 107327232
2026-02-19 15:46:44,658 [trainer.py] => Trainable params: 28643328
2026-02-19 15:46:44,659 [inflora.py] => [DEBUG] Task 0: known_classes=0, task_size=10, total_classes=10
2026-02-19 15:46:44,659 [inflora.py] => [DEBUG] Before update_fc: numtask=0, classifier_pool length=0
2026-02-19 15:46:44,659 [sinet_inflora.py] => [DEBUG update_fc] Entering: numtask=0, nb_classes=10, current pool len=0
2026-02-19 15:46:44,659 [sinet_inflora.py] => [DEBUG update_fc] After adding: numtask=1, pool len=1
2026-02-19 15:46:44,706 [inflora.py] => Task 0: classes 0 → 10
2026-02-19 15:46:44,706 [inflora.py] => [DEBUG] After update_fc: numtask=1, classifier_pool length=1
2026-02-19 15:46:45,132 [inflora.py] => [Data] Batch targets: {0: 3, 1: 3, 2: 8, 3: 3, 4: 2, 5: 2, 6: 3, 7: 6, 8: 2}
2026-02-19 15:46:45,288 [inflora.py] => [Mask] mask sum: 32, known_classes=0, total_classes=10
2026-02-19 15:46:45,308 [inflora.py] => [Targets] current_targets range: 0~8
2026-02-19 15:46:45,308 [inflora.py] => [Local] local_targets range: 0~8
2026-02-19 15:46:45,324 [inflora.py] => [Logits] current_logits shape: [32,10,], mean=-0.10, std=0.37
2026-02-19 15:46:45,324 [inflora.py] =>   [DEBUG] current_logits mean: -0.1044, std: 0.3679
2026-02-19 15:46:45,332 [inflora.py] =>   [DEBUG] current_logits max: 0.7306, min: -0.6817
2026-02-19 15:46:45,355 [inflora.py] =>   [DEBUG] preds distribution: (array([0.5083401 , 0.54558295, 0.5677134 , 0.57192034, 0.57677585,
       0.59497964, 0.59793484, 0.5984232 , 0.60443676, 0.6080444 ,
       0.61243856, 0.6170266 , 0.6226029 , 0.62565327, 0.63058686,
       0.6336245 , 0.63696206, 0.64462864, 0.6459609 , 0.6507915 ,
       0.67010254, 0.6734854 , 0.6763301 , 0.6835865 , 0.6880081 ,
       0.7067826 , 0.71472263, 0.7147548 , 0.71628207, 0.7256659 ,
       0.7266866 , 0.73056525], dtype=float32), array([1, 1, 1, 1, 1, 1, 1, 1, 1, 1, 1, 1, 1, 1, 1, 1, 1, 1, 1, 1, 1, 1,
       1, 1, 1, 1, 1, 1, 1, 1, 1, 1]))
2026-02-19 15:46:45,424 [inflora.py] =>   [DEBUG] current_logits mean: -0.1044, std: 0.3679
2026-02-19 15:46:45,425 [inflora.py] =>   [DEBUG] current_logits max: 0.7306, min: -0.6817
2026-02-19 15:47:10,035 [inflora.py] => [Task 0] Epoch 1/20, [Loss] loss: 2.3101 Accuracy=0.0000%
2026-02-19 15:47:27,538 [inflora.py] => [Task 0] Epoch 2/20, [Loss] loss: 2.2607 Accuracy=0.0000%
2026-02-19 19:49:41,442 [trainer.py] => config: configs/cifar100_inflora_debug.json
2026-02-19 19:49:41,442 [trainer.py] => device: ['cuda:0']
2026-02-19 19:49:41,442 [trainer.py] => prefix: reproduce_debug
2026-02-19 19:49:41,442 [trainer.py] => dataset: cifar100
2026-02-19 19:49:41,442 [trainer.py] => data_path: data/
2026-02-19 19:49:41,442 [trainer.py] => memory_size: 0
2026-02-19 19:49:41,442 [trainer.py] => memory_per_class: 0
2026-02-19 19:49:41,442 [trainer.py] => fixed_memory: True
2026-02-19 19:49:41,442 [trainer.py] => shuffle: False
2026-02-19 19:49:41,442 [trainer.py] => init_cls: 10
2026-02-19 19:49:41,442 [trainer.py] => increment: 10
2026-02-19 19:49:41,442 [trainer.py] => total_sessions: 2
2026-02-19 19:49:41,442 [trainer.py] => model_name: InfLoRA
2026-02-19 19:49:41,442 [trainer.py] => net_type: sip
2026-02-19 19:49:41,442 [trainer.py] => embd_dim: 768
2026-02-19 19:49:41,442 [trainer.py] => num_heads: 12
2026-02-19 19:49:41,442 [trainer.py] => seed: 0
2026-02-19 19:49:41,442 [trainer.py] => EPSILON: 1e-08
2026-02-19 19:49:41,442 [trainer.py] => init_epoch: 2
2026-02-19 19:49:41,442 [trainer.py] => optim: adam
2026-02-19 19:49:41,442 [trainer.py] => init_lr: 0.0005
2026-02-19 19:49:41,442 [trainer.py] => init_lr_decay: 0.1
2026-02-19 19:49:41,442 [trainer.py] => init_weight_decay: 0.0
2026-02-19 19:49:41,443 [trainer.py] => epochs: 50
2026-02-19 19:49:41,443 [trainer.py] => lrate: 0.001
2026-02-19 19:49:41,443 [trainer.py] => lrate_decay: 0.1
2026-02-19 19:49:41,443 [trainer.py] => batch_size: 32
2026-02-19 19:49:41,443 [trainer.py] => weight_decay: 0.0
2026-02-19 19:49:41,443 [trainer.py] => rank: 4
2026-02-19 19:49:41,443 [trainer.py] => lamb: 0.95
2026-02-19 19:49:41,443 [trainer.py] => lame: 1.0
2026-02-19 19:49:41,443 [trainer.py] => num_workers: 2
2026-02-19 19:49:41,443 [trainer.py] => in_chans: 3
2026-02-19 19:49:41,443 [trainer.py] => use_pretrained: True
2026-02-19 19:49:41,443 [trainer.py] => pretrained_path: vit_base_patch16_224_in21k.pth
2026-02-19 19:49:43,175 [data_manager.py] => [0, 1, 2, 3, 4, 5, 6, 7, 8, 9, 10, 11, 12, 13, 14, 15, 16, 17, 18, 19, 20, 21, 22, 23, 24, 25, 26, 27, 28, 29, 30, 31, 32, 33, 34, 35, 36, 37, 38, 39, 40, 41, 42, 43, 44, 45, 46, 47, 48, 49, 50, 51, 52, 53, 54, 55, 56, 57, 58, 59, 60, 61, 62, 63, 64, 65, 66, 67, 68, 69, 70, 71, 72, 73, 74, 75, 76, 77, 78, 79, 80, 81, 82, 83, 84, 85, 86, 87, 88, 89, 90, 91, 92, 93, 94, 95, 96, 97, 98, 99]
2026-02-19 19:49:43,681 [trainer.py] => All params: 107327232
2026-02-19 19:49:43,683 [trainer.py] => Trainable params: 28643328
2026-02-19 19:49:43,683 [inflora.py] => [DEBUG] Task 0: known_classes=0, task_size=10, total_classes=10
2026-02-19 19:49:43,683 [inflora.py] => [DEBUG] Before update_fc: numtask=0, classifier_pool length=0
2026-02-19 19:49:43,683 [sinet_inflora.py] => [DEBUG update_fc] Entering: numtask=0, nb_classes=10, current pool len=0
2026-02-19 19:49:43,683 [sinet_inflora.py] => [DEBUG update_fc] After adding: numtask=1, pool len=1
2026-02-19 19:49:43,731 [inflora.py] => Task 0: classes 0 → 10
2026-02-19 19:49:43,731 [inflora.py] => [DEBUG] After update_fc: numtask=1, classifier_pool length=1
2026-02-19 19:49:43,943 [inflora.py] => [Data] Batch targets: {0: 3, 1: 3, 2: 8, 3: 3, 4: 2, 5: 2, 6: 3, 7: 6, 8: 2}
2026-02-19 19:49:48,462 [inflora.py] => [Mask] mask sum: 32, known_classes=0, total_classes=10
2026-02-19 19:49:48,483 [inflora.py] => [Targets] current_targets range: 0~8
2026-02-19 19:49:48,483 [inflora.py] => [Local] local_targets range: 0~8
2026-02-19 19:49:48,513 [inflora.py] => [Logits] current_logits shape: [32,10,], mean=0.73, std=7.55
2026-02-19 19:49:48,514 [inflora.py] =>   [DEBUG] current_logits mean: 0.7257, std: 7.5475
2026-02-19 19:49:48,542 [inflora.py] =>   [DEBUG] current_logits max: 14.7290, min: -14.1268
2026-02-19 19:49:48,566 [inflora.py] =>   [DEBUG] preds distribution: (array([7], dtype=int32), array([32]))
2026-02-19 19:49:52,900 [inflora.py] =>   [DEBUG] current_logits mean: 0.7257, std: 7.5475
2026-02-19 19:49:52,900 [inflora.py] =>   [DEBUG] current_logits max: 14.7290, min: -14.1268
2026-02-19 19:50:16,418 [inflora.py] => [Task 0] Epoch 1/50, [Loss] loss: 2.5299 Accuracy=12.2000%
2026-02-19 19:50:34,047 [inflora.py] => [Task 0] Epoch 2/50, [Loss] loss: 2.1466 Accuracy=13.9600%
2026-02-19 19:50:51,713 [inflora.py] => [Task 0] Epoch 3/50, [Loss] loss: 2.8428 Accuracy=16.0000%
2026-02-19 19:51:09,394 [inflora.py] => [Task 0] Epoch 4/50, [Loss] loss: 2.8116 Accuracy=18.1400%
2026-02-19 19:51:27,114 [inflora.py] => [Task 0] Epoch 5/50, [Loss] loss: 2.9383 Accuracy=18.5600%
2026-02-19 19:51:44,563 [inflora.py] => [Task 0] Epoch 6/50, [Loss] loss: 2.3288 Accuracy=19.9400%
2026-02-19 19:52:02,414 [inflora.py] => [Task 0] Epoch 7/50, [Loss] loss: 2.0314 Accuracy=21.4200%
2026-02-19 19:52:20,670 [inflora.py] => [Task 0] Epoch 8/50, [Loss] loss: 1.8448 Accuracy=23.2600%
2026-02-19 19:52:39,340 [inflora.py] => [Task 0] Epoch 9/50, [Loss] loss: 2.1303 Accuracy=23.9800%
2026-02-19 19:52:57,415 [inflora.py] => [Task 0] Epoch 10/50, [Loss] loss: 2.0677 Accuracy=25.0400%
2026-02-19 19:53:14,826 [inflora.py] => [Task 0] Epoch 11/50, [Loss] loss: 2.1445 Accuracy=26.2000%
2026-02-19 19:53:32,371 [inflora.py] => [Task 0] Epoch 12/50, [Loss] loss: 2.4448 Accuracy=26.0000%
2026-02-19 19:53:49,946 [inflora.py] => [Task 0] Epoch 13/50, [Loss] loss: 2.0077 Accuracy=27.3800%
2026-02-19 19:54:07,817 [inflora.py] => [Task 0] Epoch 14/50, [Loss] loss: 1.6331 Accuracy=28.0000%
2026-02-19 19:54:25,498 [inflora.py] => [Task 0] Epoch 15/50, [Loss] loss: 2.7639 Accuracy=28.9400%
2026-02-19 19:54:43,406 [inflora.py] => [Task 0] Epoch 16/50, [Loss] loss: 2.0890 Accuracy=28.9000%
2026-02-19 19:55:01,415 [inflora.py] => [Task 0] Epoch 17/50, [Loss] loss: 1.2558 Accuracy=29.9800%
2026-02-19 19:55:19,089 [inflora.py] => [Task 0] Epoch 18/50, [Loss] loss: 2.2749 Accuracy=29.6800%
2026-02-19 19:55:36,627 [inflora.py] => [Task 0] Epoch 19/50, [Loss] loss: 1.9312 Accuracy=30.6400%
2026-02-19 19:55:53,794 [inflora.py] => [Task 0] Epoch 20/50, [Loss] loss: 1.9689 Accuracy=30.7600%
2026-02-19 19:56:11,575 [inflora.py] => [Task 0] Epoch 21/50, [Loss] loss: 1.9630 Accuracy=31.0400%
2026-02-19 19:56:29,233 [inflora.py] => [Task 0] Epoch 22/50, [Loss] loss: 1.8705 Accuracy=31.3200%
2026-02-19 19:56:47,095 [inflora.py] => [Task 0] Epoch 23/50, [Loss] loss: 1.9181 Accuracy=32.4600%
2026-02-19 19:57:04,915 [inflora.py] => [Task 0] Epoch 24/50, [Loss] loss: 1.6358 Accuracy=33.2200%
2026-02-19 19:57:22,313 [inflora.py] => [Task 0] Epoch 25/50, [Loss] loss: 1.4793 Accuracy=33.2800%
2026-02-19 19:57:40,132 [inflora.py] => [Task 0] Epoch 26/50, [Loss] loss: 1.7969 Accuracy=33.2800%
2026-02-19 19:57:58,087 [inflora.py] => [Task 0] Epoch 27/50, [Loss] loss: 1.5364 Accuracy=34.3000%
2026-02-19 19:58:15,819 [inflora.py] => [Task 0] Epoch 28/50, [Loss] loss: 2.0683 Accuracy=33.9400%
2026-02-19 19:58:33,499 [inflora.py] => [Task 0] Epoch 29/50, [Loss] loss: 1.6681 Accuracy=34.5000%
2026-02-19 19:58:51,342 [inflora.py] => [Task 0] Epoch 30/50, [Loss] loss: 2.2277 Accuracy=34.4400%
2026-02-19 19:59:08,977 [inflora.py] => [Task 0] Epoch 31/50, [Loss] loss: 1.6033 Accuracy=33.9600%
2026-02-19 19:59:26,550 [inflora.py] => [Task 0] Epoch 32/50, [Loss] loss: 2.3677 Accuracy=35.2800%
2026-02-19 19:59:44,094 [inflora.py] => [Task 0] Epoch 33/50, [Loss] loss: 1.4386 Accuracy=35.0400%
2026-02-19 20:00:02,431 [inflora.py] => [Task 0] Epoch 34/50, [Loss] loss: 1.7445 Accuracy=35.5200%
2026-02-19 20:00:20,647 [inflora.py] => [Task 0] Epoch 35/50, [Loss] loss: 1.8777 Accuracy=35.8200%
2026-02-19 20:00:38,130 [inflora.py] => [Task 0] Epoch 36/50, [Loss] loss: 1.8090 Accuracy=35.6600%
2026-02-19 20:00:55,824 [inflora.py] => [Task 0] Epoch 37/50, [Loss] loss: 1.5673 Accuracy=35.9000%
2026-02-19 20:01:14,336 [inflora.py] => [Task 0] Epoch 38/50, [Loss] loss: 1.8260 Accuracy=35.9400%
2026-02-19 20:01:32,688 [inflora.py] => [Task 0] Epoch 39/50, [Loss] loss: 2.0316 Accuracy=36.3000%
2026-02-19 20:01:51,177 [inflora.py] => [Task 0] Epoch 40/50, [Loss] loss: 2.0528 Accuracy=36.1800%
2026-02-19 20:02:09,725 [inflora.py] => [Task 0] Epoch 41/50, [Loss] loss: 1.6361 Accuracy=37.0000%
2026-02-19 20:02:27,446 [inflora.py] => [Task 0] Epoch 42/50, [Loss] loss: 1.6748 Accuracy=37.0000%
2026-02-19 20:02:45,246 [inflora.py] => [Task 0] Epoch 43/50, [Loss] loss: 1.8096 Accuracy=36.4800%
2026-02-19 20:03:02,498 [inflora.py] => [Task 0] Epoch 44/50, [Loss] loss: 1.6170 Accuracy=37.4800%
2026-02-19 20:03:19,827 [inflora.py] => [Task 0] Epoch 45/50, [Loss] loss: 1.7407 Accuracy=36.0400%
2026-02-19 20:03:37,442 [inflora.py] => [Task 0] Epoch 46/50, [Loss] loss: 2.2723 Accuracy=37.1800%
2026-02-19 20:03:55,293 [inflora.py] => [Task 0] Epoch 47/50, [Loss] loss: 1.6202 Accuracy=37.8000%
2026-02-19 20:04:12,931 [inflora.py] => [Task 0] Epoch 48/50, [Loss] loss: 1.6064 Accuracy=38.2000%
2026-02-19 20:04:31,016 [inflora.py] => [Task 0] Epoch 49/50, [Loss] loss: 2.1311 Accuracy=38.3800%
2026-02-19 20:04:49,273 [inflora.py] => [Task 0] Epoch 50/50, [Loss] loss: 2.2164 Accuracy=38.6200%
2026-02-19 20:05:09,402 [trainer.py] => Time:925.7192802429199
2026-02-19 20:05:12,845 [inflora.py] => Overall test accuracy: 378/1000 = 37.80%
2026-02-19 20:05:12,846 [trainer.py] => Time:3.443091630935669
2026-02-19 20:05:12,846 [trainer.py] => CNN: 37.8
2026-02-19 20:05:12,846 [trainer.py] => CNN top1 curve: [37.8]
2026-02-19 20:05:12,846 [trainer.py] => CNN top1 with task curve: [37.8]
2026-02-19 20:05:12,846 [trainer.py] => CNN top1 task curve: [{'grouped': 37.8, 'top1': 37.8, 'total': 37.8}]
2026-02-19 20:05:21,473 [trainer.py] => All params: 107342612
2026-02-19 20:05:21,479 [trainer.py] => Trainable params: 15380
2026-02-19 20:05:21,479 [inflora.py] => [DEBUG] Task 1: known_classes=10, task_size=10, total_classes=20
2026-02-19 20:05:21,480 [inflora.py] => [DEBUG] Before update_fc: numtask=1, classifier_pool length=1
2026-02-19 20:05:21,480 [sinet_inflora.py] => [DEBUG update_fc] Entering: numtask=1, nb_classes=10, current pool len=1
2026-02-19 20:05:21,480 [sinet_inflora.py] => [DEBUG update_fc] After adding: numtask=2, pool len=2
2026-02-19 20:05:21,481 [inflora.py] => Task 1: classes 10 → 20
2026-02-19 20:05:21,481 [inflora.py] => [DEBUG] After update_fc: numtask=2, classifier_pool length=2
2026-02-19 20:05:21,610 [inflora.py] => [Data] Batch targets: {10: 3, 11: 3, 12: 8, 13: 3, 14: 2, 15: 2, 16: 3, 17: 6, 18: 2}
2026-02-19 20:05:21,693 [inflora.py] => [Mask] mask sum: 32, known_classes=10, total_classes=20
2026-02-19 20:05:21,694 [inflora.py] => [Targets] current_targets range: 10~18
2026-02-19 20:05:21,694 [inflora.py] => [Local] local_targets range: 0~8
2026-02-19 20:05:21,694 [inflora.py] => [Logits] current_logits shape: [32,10,], mean=-2.20, std=7.10
2026-02-19 20:05:21,694 [inflora.py] =>   [DEBUG] current_logits mean: -2.1971, std: 7.1048
2026-02-19 20:05:21,694 [inflora.py] =>   [DEBUG] current_logits max: 9.1999, min: -16.5554
2026-02-19 20:05:21,695 [inflora.py] =>   [DEBUG] preds distribution: (array([2, 8], dtype=int32), array([10, 22]))
2026-02-19 20:05:21,701 [inflora.py] =>   [DEBUG] current_logits mean: -2.1971, std: 7.1048
2026-02-19 20:05:21,701 [inflora.py] =>   [DEBUG] current_logits max: 9.1999, min: -16.5554
2026-02-19 20:05:40,610 [inflora.py] => [Task 1] Epoch 1/50, [Loss] loss: 2.7710 Accuracy=11.2200%
2026-02-19 20:05:58,065 [inflora.py] => [Task 1] Epoch 2/50, [Loss] loss: 1.9439 Accuracy=13.3600%
2026-02-19 20:06:16,651 [inflora.py] => [Task 1] Epoch 3/50, [Loss] loss: 2.6974 Accuracy=15.4400%
2026-02-19 20:06:36,041 [inflora.py] => [Task 1] Epoch 4/50, [Loss] loss: 2.2267 Accuracy=17.9400%
2026-02-19 20:06:54,094 [inflora.py] => [Task 1] Epoch 5/50, [Loss] loss: 2.1587 Accuracy=19.9000%
2026-02-19 20:07:11,918 [inflora.py] => [Task 1] Epoch 6/50, [Loss] loss: 2.2313 Accuracy=20.1800%
2026-02-19 20:07:30,587 [inflora.py] => [Task 1] Epoch 7/50, [Loss] loss: 2.0709 Accuracy=21.1800%
2026-02-19 20:07:49,545 [inflora.py] => [Task 1] Epoch 8/50, [Loss] loss: 2.3483 Accuracy=22.0200%
2026-02-19 20:08:08,488 [inflora.py] => [Task 1] Epoch 9/50, [Loss] loss: 2.1859 Accuracy=22.7400%
2026-02-19 20:08:27,808 [inflora.py] => [Task 1] Epoch 10/50, [Loss] loss: 1.8684 Accuracy=23.9800%
2026-02-19 20:08:46,161 [inflora.py] => [Task 1] Epoch 11/50, [Loss] loss: 1.7880 Accuracy=24.8000%
2026-02-19 20:09:05,142 [inflora.py] => [Task 1] Epoch 12/50, [Loss] loss: 1.7782 Accuracy=26.0800%
2026-02-19 20:09:23,765 [inflora.py] => [Task 1] Epoch 13/50, [Loss] loss: 2.2513 Accuracy=26.9600%
2026-02-19 20:09:42,374 [inflora.py] => [Task 1] Epoch 14/50, [Loss] loss: 2.0640 Accuracy=26.6400%
2026-02-19 20:10:00,574 [inflora.py] => [Task 1] Epoch 15/50, [Loss] loss: 2.0477 Accuracy=26.8200%
2026-02-19 20:10:19,232 [inflora.py] => [Task 1] Epoch 16/50, [Loss] loss: 1.9308 Accuracy=27.3600%
2026-02-19 20:10:40,138 [inflora.py] => [Task 1] Epoch 17/50, [Loss] loss: 2.1019 Accuracy=27.7200%
2026-02-19 20:10:59,081 [inflora.py] => [Task 1] Epoch 18/50, [Loss] loss: 1.6524 Accuracy=29.2200%
2026-02-19 20:11:17,576 [inflora.py] => [Task 1] Epoch 19/50, [Loss] loss: 1.9731 Accuracy=28.9000%
2026-02-19 20:11:38,678 [inflora.py] => [Task 1] Epoch 20/50, [Loss] loss: 1.4887 Accuracy=28.7400%
2026-02-19 20:11:57,455 [inflora.py] => [Task 1] Epoch 21/50, [Loss] loss: 1.8751 Accuracy=29.4800%
2026-02-19 20:12:18,886 [inflora.py] => [Task 1] Epoch 22/50, [Loss] loss: 1.9675 Accuracy=29.5200%
2026-02-19 20:12:37,594 [inflora.py] => [Task 1] Epoch 23/50, [Loss] loss: 2.2021 Accuracy=29.2400%
2026-02-19 20:12:58,516 [inflora.py] => [Task 1] Epoch 24/50, [Loss] loss: 2.0381 Accuracy=29.9200%
2026-02-19 20:13:17,104 [inflora.py] => [Task 1] Epoch 25/50, [Loss] loss: 1.5853 Accuracy=30.0600%
2026-02-19 20:13:38,686 [inflora.py] => [Task 1] Epoch 26/50, [Loss] loss: 1.9669 Accuracy=30.1600%
2026-02-19 20:13:57,362 [inflora.py] => [Task 1] Epoch 27/50, [Loss] loss: 1.9884 Accuracy=30.6000%
2026-02-19 20:14:18,251 [inflora.py] => [Task 1] Epoch 28/50, [Loss] loss: 2.2758 Accuracy=31.9200%
2026-02-19 20:14:37,321 [inflora.py] => [Task 1] Epoch 29/50, [Loss] loss: 1.8242 Accuracy=30.8200%
2026-02-19 20:14:59,495 [inflora.py] => [Task 1] Epoch 30/50, [Loss] loss: 1.9502 Accuracy=31.6200%
2026-02-19 20:15:18,197 [inflora.py] => [Task 1] Epoch 31/50, [Loss] loss: 2.0437 Accuracy=32.0200%
2026-02-19 20:15:38,269 [inflora.py] => [Task 1] Epoch 32/50, [Loss] loss: 1.9248 Accuracy=31.7000%
2026-02-19 20:15:57,488 [inflora.py] => [Task 1] Epoch 33/50, [Loss] loss: 2.5848 Accuracy=32.7000%
2026-02-19 20:16:16,217 [inflora.py] => [Task 1] Epoch 34/50, [Loss] loss: 1.9020 Accuracy=32.0200%
2026-02-19 20:16:37,168 [inflora.py] => [Task 1] Epoch 35/50, [Loss] loss: 1.8328 Accuracy=33.0600%
2026-02-19 20:16:55,900 [inflora.py] => [Task 1] Epoch 36/50, [Loss] loss: 2.0631 Accuracy=33.0000%
2026-02-19 20:17:16,882 [inflora.py] => [Task 1] Epoch 37/50, [Loss] loss: 1.8458 Accuracy=33.1000%
2026-02-19 20:17:35,369 [inflora.py] => [Task 1] Epoch 38/50, [Loss] loss: 2.0822 Accuracy=32.6600%
2026-02-19 20:17:57,146 [inflora.py] => [Task 1] Epoch 39/50, [Loss] loss: 2.0585 Accuracy=32.7000%
2026-02-19 20:18:15,479 [inflora.py] => [Task 1] Epoch 40/50, [Loss] loss: 2.0625 Accuracy=33.5000%
2026-02-19 20:18:36,049 [inflora.py] => [Task 1] Epoch 41/50, [Loss] loss: 1.7962 Accuracy=34.2200%
2026-02-19 20:18:54,695 [inflora.py] => [Task 1] Epoch 42/50, [Loss] loss: 1.7581 Accuracy=34.5800%
2026-02-19 20:19:16,620 [inflora.py] => [Task 1] Epoch 43/50, [Loss] loss: 1.5871 Accuracy=34.2200%
2026-02-19 20:19:36,094 [inflora.py] => [Task 1] Epoch 44/50, [Loss] loss: 1.4663 Accuracy=34.3400%
2026-02-19 20:19:56,773 [inflora.py] => [Task 1] Epoch 45/50, [Loss] loss: 1.9872 Accuracy=34.2400%
2026-02-19 20:20:15,242 [inflora.py] => [Task 1] Epoch 46/50, [Loss] loss: 1.9230 Accuracy=35.0400%
2026-02-19 20:20:35,184 [inflora.py] => [Task 1] Epoch 47/50, [Loss] loss: 2.0245 Accuracy=34.3800%
2026-02-19 20:20:55,210 [inflora.py] => [Task 1] Epoch 48/50, [Loss] loss: 1.1712 Accuracy=34.7000%
2026-02-19 20:21:14,162 [inflora.py] => [Task 1] Epoch 49/50, [Loss] loss: 1.7829 Accuracy=34.8600%
2026-02-19 20:21:35,118 [inflora.py] => [Task 1] Epoch 50/50, [Loss] loss: 2.2206 Accuracy=35.6200%
2026-02-19 20:21:56,030 [trainer.py] => Time:994.5510323047638
2026-02-19 20:22:05,594 [inflora.py] => Overall test accuracy: 379/2000 = 18.95%
2026-02-19 20:22:05,594 [trainer.py] => Time:9.563215255737305
2026-02-19 20:22:05,594 [trainer.py] => CNN: 18.95
2026-02-19 20:22:05,594 [trainer.py] => CNN top1 curve: [37.8, 18.95]
2026-02-19 20:22:05,594 [trainer.py] => CNN top1 with task curve: [37.8, 18.95]
2026-02-19 20:22:05,594 [trainer.py] => CNN top1 task curve: [{'grouped': 37.8, 'top1': 37.8, 'total': 37.8}, {'grouped': 18.95, 'top1': 18.95, 'total': 18.95}]
2026-02-19 20:22:07,683 [trainer.py] => All params: 107357992
2026-02-19 20:22:07,687 [trainer.py] => Trainable params: 30760
2026-02-19 20:22:07,688 [inflora.py] => [DEBUG] Task 2: known_classes=20, task_size=10, total_classes=30
2026-02-19 20:22:07,688 [inflora.py] => [DEBUG] Before update_fc: numtask=2, classifier_pool length=2
2026-02-19 20:22:07,688 [sinet_inflora.py] => [DEBUG update_fc] Entering: numtask=2, nb_classes=10, current pool len=2
2026-02-19 20:22:07,689 [sinet_inflora.py] => [DEBUG update_fc] After adding: numtask=3, pool len=3
2026-02-19 20:22:07,689 [inflora.py] => Task 2: classes 20 → 30
2026-02-19 20:22:07,690 [inflora.py] => [DEBUG] After update_fc: numtask=3, classifier_pool length=3
2026-02-19 20:22:07,838 [inflora.py] => [Data] Batch targets: {20: 3, 21: 3, 22: 8, 23: 3, 24: 2, 25: 2, 26: 3, 27: 6, 28: 2}
2026-02-19 20:22:07,906 [inflora.py] => [Mask] mask sum: 32, known_classes=20, total_classes=30
2026-02-19 20:22:07,907 [inflora.py] => [Targets] current_targets range: 20~28
2026-02-19 20:22:07,907 [inflora.py] => [Local] local_targets range: 0~8
2026-02-19 20:22:07,908 [inflora.py] => [Logits] current_logits shape: [32,10,], mean=4.57, std=5.82
2026-02-19 20:22:07,909 [inflora.py] =>   [DEBUG] current_logits mean: 4.5743, std: 5.8188
2026-02-19 20:22:07,910 [inflora.py] =>   [DEBUG] current_logits max: 15.0309, min: -5.6802
2026-02-19 20:22:07,912 [inflora.py] =>   [DEBUG] preds distribution: (array([5, 7, 8], dtype=int32), array([17, 12,  3]))
2026-02-19 20:22:07,918 [inflora.py] =>   [DEBUG] current_logits mean: 4.5743, std: 5.8188
2026-02-19 20:22:07,919 [inflora.py] =>   [DEBUG] current_logits max: 15.0309, min: -5.6802
2026-02-19 20:22:28,440 [inflora.py] => [Task 2] Epoch 1/50, [Loss] loss: 2.5329 Accuracy=10.8200%
2026-02-19 20:22:50,106 [inflora.py] => [Task 2] Epoch 2/50, [Loss] loss: 2.2376 Accuracy=12.7800%
2026-02-19 20:23:08,852 [inflora.py] => [Task 2] Epoch 3/50, [Loss] loss: 2.6300 Accuracy=14.9600%
2026-02-19 20:23:30,287 [inflora.py] => [Task 2] Epoch 4/50, [Loss] loss: 2.2791 Accuracy=17.7400%
2026-02-19 20:23:49,032 [inflora.py] => [Task 2] Epoch 5/50, [Loss] loss: 2.1663 Accuracy=20.8200%
2026-02-19 20:24:09,883 [inflora.py] => [Task 2] Epoch 6/50, [Loss] loss: 2.3429 Accuracy=21.3800%
2026-02-19 20:24:28,568 [inflora.py] => [Task 2] Epoch 7/50, [Loss] loss: 2.2072 Accuracy=23.8800%
2026-02-19 20:24:49,857 [inflora.py] => [Task 2] Epoch 8/50, [Loss] loss: 2.5909 Accuracy=25.6400%
2026-02-19 20:25:08,977 [inflora.py] => [Task 2] Epoch 9/50, [Loss] loss: 1.8928 Accuracy=25.5400%
2026-02-19 20:25:29,516 [inflora.py] => [Task 2] Epoch 10/50, [Loss] loss: 1.7935 Accuracy=26.8200%
2026-02-19 20:25:48,231 [inflora.py] => [Task 2] Epoch 11/50, [Loss] loss: 2.1721 Accuracy=28.1400%
2026-02-19 20:26:09,176 [inflora.py] => [Task 2] Epoch 12/50, [Loss] loss: 1.8974 Accuracy=28.4000%
2026-02-19 20:26:29,080 [inflora.py] => [Task 2] Epoch 13/50, [Loss] loss: 1.7129 Accuracy=28.8000%
2026-02-19 20:26:48,927 [inflora.py] => [Task 2] Epoch 14/50, [Loss] loss: 1.9051 Accuracy=29.6600%
2026-02-19 20:27:08,899 [inflora.py] => [Task 2] Epoch 15/50, [Loss] loss: 2.1764 Accuracy=29.1400%
2026-02-19 20:27:28,515 [inflora.py] => [Task 2] Epoch 16/50, [Loss] loss: 1.9892 Accuracy=30.4600%
2026-02-19 20:27:50,029 [inflora.py] => [Task 2] Epoch 17/50, [Loss] loss: 2.1529 Accuracy=29.9400%
2026-02-19 20:28:09,374 [inflora.py] => [Task 2] Epoch 18/50, [Loss] loss: 2.1011 Accuracy=30.6600%
2026-02-19 20:28:31,206 [inflora.py] => [Task 2] Epoch 19/50, [Loss] loss: 1.7848 Accuracy=31.1600%
2026-02-19 20:28:50,021 [inflora.py] => [Task 2] Epoch 20/50, [Loss] loss: 1.3561 Accuracy=32.1800%
2026-02-19 20:29:11,411 [inflora.py] => [Task 2] Epoch 21/50, [Loss] loss: 2.1728 Accuracy=30.5200%
2026-02-19 20:29:30,684 [inflora.py] => [Task 2] Epoch 22/50, [Loss] loss: 1.8014 Accuracy=32.6400%
2026-02-19 20:29:52,522 [inflora.py] => [Task 2] Epoch 23/50, [Loss] loss: 2.1023 Accuracy=33.3000%
2026-02-19 20:30:11,259 [inflora.py] => [Task 2] Epoch 24/50, [Loss] loss: 1.7738 Accuracy=32.8600%
2026-02-19 20:30:32,838 [inflora.py] => [Task 2] Epoch 25/50, [Loss] loss: 1.9664 Accuracy=32.8000%
2026-02-19 20:30:51,579 [inflora.py] => [Task 2] Epoch 26/50, [Loss] loss: 1.4259 Accuracy=32.8000%
2026-02-19 20:31:12,415 [inflora.py] => [Task 2] Epoch 27/50, [Loss] loss: 1.6667 Accuracy=34.0000%
2026-02-19 20:31:30,831 [inflora.py] => [Task 2] Epoch 28/50, [Loss] loss: 2.3006 Accuracy=34.5200%
2026-02-19 20:31:51,976 [inflora.py] => [Task 2] Epoch 29/50, [Loss] loss: 1.6557 Accuracy=33.0600%
2026-02-19 20:32:10,670 [inflora.py] => [Task 2] Epoch 30/50, [Loss] loss: 1.3465 Accuracy=34.1800%
2026-02-19 20:32:31,995 [inflora.py] => [Task 2] Epoch 31/50, [Loss] loss: 1.9991 Accuracy=34.1800%
2026-02-19 20:32:50,276 [inflora.py] => [Task 2] Epoch 32/50, [Loss] loss: 2.1975 Accuracy=34.2400%
2026-02-19 20:33:11,504 [inflora.py] => [Task 2] Epoch 33/50, [Loss] loss: 1.7958 Accuracy=34.2400%
2026-02-19 20:33:30,215 [inflora.py] => [Task 2] Epoch 34/50, [Loss] loss: 1.9766 Accuracy=35.0600%
2026-02-19 20:33:51,391 [inflora.py] => [Task 2] Epoch 35/50, [Loss] loss: 1.9602 Accuracy=35.8400%
2026-02-19 20:34:10,584 [inflora.py] => [Task 2] Epoch 36/50, [Loss] loss: 1.8032 Accuracy=34.7400%
2026-02-19 20:34:33,142 [inflora.py] => [Task 2] Epoch 37/50, [Loss] loss: 1.6576 Accuracy=35.4200%
2026-02-19 20:34:52,088 [inflora.py] => [Task 2] Epoch 38/50, [Loss] loss: 1.9235 Accuracy=35.3800%
2026-02-19 20:35:13,525 [inflora.py] => [Task 2] Epoch 39/50, [Loss] loss: 1.9263 Accuracy=35.6000%
2026-02-19 20:35:32,048 [inflora.py] => [Task 2] Epoch 40/50, [Loss] loss: 1.7858 Accuracy=34.9600%
2026-02-19 20:35:53,145 [inflora.py] => [Task 2] Epoch 41/50, [Loss] loss: 2.0975 Accuracy=35.7800%
2026-02-19 20:36:11,854 [inflora.py] => [Task 2] Epoch 42/50, [Loss] loss: 2.0057 Accuracy=36.4800%
2026-02-19 20:36:33,324 [inflora.py] => [Task 2] Epoch 43/50, [Loss] loss: 2.0186 Accuracy=36.6200%
2026-02-19 20:36:54,235 [inflora.py] => [Task 2] Epoch 44/50, [Loss] loss: 1.0727 Accuracy=36.6200%
2026-02-19 20:37:12,838 [inflora.py] => [Task 2] Epoch 45/50, [Loss] loss: 1.7859 Accuracy=36.5600%
2026-02-19 20:37:34,217 [inflora.py] => [Task 2] Epoch 46/50, [Loss] loss: 1.8970 Accuracy=35.8400%
2026-02-19 20:37:52,764 [inflora.py] => [Task 2] Epoch 47/50, [Loss] loss: 1.5916 Accuracy=35.8400%
2026-02-19 20:38:13,471 [inflora.py] => [Task 2] Epoch 48/50, [Loss] loss: 1.3717 Accuracy=36.0600%
2026-02-19 20:38:32,106 [inflora.py] => [Task 2] Epoch 49/50, [Loss] loss: 1.5767 Accuracy=37.0600%
2026-02-19 20:38:53,836 [inflora.py] => [Task 2] Epoch 50/50, [Loss] loss: 1.9182 Accuracy=36.5000%
2026-02-19 20:39:14,820 [trainer.py] => Time:1027.1328659057617
2026-02-19 20:39:27,932 [inflora.py] => Overall test accuracy: 348/3000 = 11.60%
2026-02-19 20:39:27,932 [trainer.py] => Time:13.111234188079834
2026-02-19 20:39:27,932 [trainer.py] => CNN: 11.6
2026-02-19 20:39:27,932 [trainer.py] => CNN top1 curve: [37.8, 18.95, 11.6]
2026-02-19 20:39:27,932 [trainer.py] => CNN top1 with task curve: [37.8, 18.95, 11.6]
2026-02-19 20:39:27,932 [trainer.py] => CNN top1 task curve: [{'grouped': 37.8, 'top1': 37.8, 'total': 37.8}, {'grouped': 18.95, 'top1': 18.95, 'total': 18.95}, {'grouped': 11.6, 'top1': 11.6, 'total': 11.6}]
2026-02-19 20:39:29,843 [trainer.py] => All params: 107373372
2026-02-19 20:39:29,845 [trainer.py] => Trainable params: 46140
2026-02-19 20:39:29,845 [inflora.py] => [DEBUG] Task 3: known_classes=30, task_size=10, total_classes=40
2026-02-19 20:39:29,845 [inflora.py] => [DEBUG] Before update_fc: numtask=3, classifier_pool length=3
2026-02-19 20:39:29,845 [sinet_inflora.py] => [DEBUG update_fc] Entering: numtask=3, nb_classes=10, current pool len=3
2026-02-19 20:39:29,845 [sinet_inflora.py] => [DEBUG update_fc] After adding: numtask=4, pool len=4
2026-02-19 20:39:29,845 [inflora.py] => Task 3: classes 30 → 40
2026-02-19 20:39:29,845 [inflora.py] => [DEBUG] After update_fc: numtask=4, classifier_pool length=4
2026-02-19 20:39:29,980 [inflora.py] => [Data] Batch targets: {30: 3, 31: 3, 32: 8, 33: 3, 34: 2, 35: 2, 36: 3, 37: 6, 38: 2}
2026-02-19 20:39:30,047 [inflora.py] => [Mask] mask sum: 32, known_classes=30, total_classes=40
2026-02-19 20:39:30,047 [inflora.py] => [Targets] current_targets range: 30~38
2026-02-19 20:39:30,047 [inflora.py] => [Local] local_targets range: 0~8
2026-02-19 20:39:30,047 [inflora.py] => [Logits] current_logits shape: [32,10,], mean=-1.35, std=6.31
2026-02-19 20:39:30,048 [inflora.py] =>   [DEBUG] current_logits mean: -1.3536, std: 6.3149
2026-02-19 20:39:30,048 [inflora.py] =>   [DEBUG] current_logits max: 11.1636, min: -11.6743
2026-02-19 20:39:30,048 [inflora.py] =>   [DEBUG] preds distribution: (array([2, 6], dtype=int32), array([ 2, 30]))
2026-02-19 20:39:30,054 [inflora.py] =>   [DEBUG] current_logits mean: -1.3536, std: 6.3149
2026-02-19 20:39:30,054 [inflora.py] =>   [DEBUG] current_logits max: 11.1636, min: -11.6743
2026-02-19 20:39:49,718 [inflora.py] => [Task 3] Epoch 1/50, [Loss] loss: 2.9888 Accuracy=10.6200%
