2026-02-16 22:08:27,556 [trainer.py] => config: configs/cifar100_inflora_debug.json
2026-02-16 22:08:27,556 [trainer.py] => device: ['cuda:0']
2026-02-16 22:08:27,556 [trainer.py] => prefix: reproduce_debug
2026-02-16 22:08:27,556 [trainer.py] => dataset: cifar100
2026-02-16 22:08:27,556 [trainer.py] => data_path: data/
2026-02-16 22:08:27,556 [trainer.py] => memory_size: 0
2026-02-16 22:08:27,556 [trainer.py] => memory_per_class: 0
2026-02-16 22:08:27,556 [trainer.py] => fixed_memory: True
2026-02-16 22:08:27,556 [trainer.py] => shuffle: False
2026-02-16 22:08:27,556 [trainer.py] => init_cls: 10
2026-02-16 22:08:27,556 [trainer.py] => increment: 10
2026-02-16 22:08:27,556 [trainer.py] => total_sessions: 2
2026-02-16 22:08:27,556 [trainer.py] => model_name: InfLoRA
2026-02-16 22:08:27,556 [trainer.py] => net_type: sip
2026-02-16 22:08:27,556 [trainer.py] => embd_dim: 768
2026-02-16 22:08:27,556 [trainer.py] => num_heads: 12
2026-02-16 22:08:27,556 [trainer.py] => seed: 0
2026-02-16 22:08:27,556 [trainer.py] => EPSILON: 1e-08
2026-02-16 22:08:27,556 [trainer.py] => init_epoch: 2
2026-02-16 22:08:27,556 [trainer.py] => optim: adam
2026-02-16 22:08:27,556 [trainer.py] => init_lr: 5e-05
2026-02-16 22:08:27,556 [trainer.py] => init_lr_decay: 0.1
2026-02-16 22:08:27,556 [trainer.py] => init_weight_decay: 0.0
2026-02-16 22:08:27,556 [trainer.py] => epochs: 2
2026-02-16 22:08:27,556 [trainer.py] => lrate: 0.0001
2026-02-16 22:08:27,556 [trainer.py] => lrate_decay: 0.1
2026-02-16 22:08:27,556 [trainer.py] => batch_size: 32
2026-02-16 22:08:27,556 [trainer.py] => weight_decay: 0.0
2026-02-16 22:08:27,557 [trainer.py] => rank: 4
2026-02-16 22:08:27,557 [trainer.py] => lamb: 0.95
2026-02-16 22:08:27,557 [trainer.py] => lame: 1.0
2026-02-16 22:08:27,557 [trainer.py] => num_workers: 2
2026-02-16 22:08:27,557 [trainer.py] => in_chans: 3
2026-02-16 22:08:27,557 [trainer.py] => use_pretrained: True
2026-02-16 22:08:27,557 [trainer.py] => pretrained_path: vit_base_patch16_224_in21k.pth
2026-02-16 22:08:29,242 [data_manager.py] => [0, 1, 2, 3, 4, 5, 6, 7, 8, 9, 10, 11, 12, 13, 14, 15, 16, 17, 18, 19, 20, 21, 22, 23, 24, 25, 26, 27, 28, 29, 30, 31, 32, 33, 34, 35, 36, 37, 38, 39, 40, 41, 42, 43, 44, 45, 46, 47, 48, 49, 50, 51, 52, 53, 54, 55, 56, 57, 58, 59, 60, 61, 62, 63, 64, 65, 66, 67, 68, 69, 70, 71, 72, 73, 74, 75, 76, 77, 78, 79, 80, 81, 82, 83, 84, 85, 86, 87, 88, 89, 90, 91, 92, 93, 94, 95, 96, 97, 98, 99]
2026-02-16 22:08:29,716 [trainer.py] => All params: 107327232
2026-02-16 22:08:29,717 [trainer.py] => Trainable params: 28644864
2026-02-16 22:08:29,717 [inflora.py] => [DEBUG] Task -1: known_classes=0, task_size=10, total_classes=10
2026-02-16 22:08:29,717 [inflora.py] => [DEBUG] Before update_fc: numtask=0, classifier_pool length=0
2026-02-16 22:08:29,717 [sinet_inflora.py] => [DEBUG update_fc] Entering: numtask=0, nb_classes=10, current pool len=0
2026-02-16 22:08:29,718 [sinet_inflora.py] => [DEBUG update_fc] After adding: numtask=1, pool len=1
2026-02-16 22:08:29,766 [inflora.py] => Task -1: classes 0 → 10
2026-02-16 22:08:29,766 [inflora.py] => [DEBUG] After update_fc: numtask=1, classifier_pool length=1
2026-02-16 22:08:29,796 [inflora.py] => [DEBUG] Current task classifier output dim: 10
2026-02-16 22:08:29,797 [inflora.py] => [DEBUG] Expected local label range: 0~9
2026-02-16 22:08:48,319 [inflora.py] => [Task -1] Epoch 1/2, Loss=906.704, Accuracy=12.50%
2026-02-16 22:09:06,619 [inflora.py] => [Task -1] Epoch 2/2, Loss=795.340, Accuracy=10.00%
2026-02-16 22:09:27,979 [trainer.py] => Time:58.26105308532715
2026-02-16 22:09:28,035 [inflora.py] =>   [Test] logits shape: [16,10,], labels shape: [16,]
2026-02-16 22:09:28,065 [inflora.py] =>   [Test] labels min: 0, max: 0
2026-02-16 22:09:28,066 [inflora.py] =>   [Test] preds unique values: [-0.22914949 -0.22400384 -0.21733437 -0.21617    -0.20123349 -0.19335951
 -0.17997366 -0.17833535 -0.17311235 -0.17062272 -0.16569717 -0.15239471
 -0.14230734 -0.1415828  -0.13949105 -0.102577  ]
2026-02-16 22:09:28,102 [inflora.py] =>   [Test] logits shape: [16,10,], labels shape: [16,]
2026-02-16 22:09:28,124 [inflora.py] =>   [Test] labels min: 0, max: 0
2026-02-16 22:09:28,124 [inflora.py] =>   [Test] preds unique values: [-0.22572042 -0.22504987 -0.22025707 -0.20737295 -0.2021529  -0.19702725
 -0.16632475 -0.1661107  -0.16568628 -0.16540167 -0.16131848 -0.16040905
 -0.15139022 -0.15113032 -0.11478651 -0.09127741]
2026-02-16 22:09:28,157 [inflora.py] =>   [Test] logits shape: [16,10,], labels shape: [16,]
2026-02-16 22:09:28,179 [inflora.py] =>   [Test] labels min: 0, max: 0
2026-02-16 22:09:28,179 [inflora.py] =>   [Test] preds unique values: [-0.20761815 -0.19964942 -0.19764216 -0.19536312 -0.17633174 -0.17220761
 -0.17114599 -0.16410908 -0.163442   -0.15809174 -0.1472031  -0.14532788
 -0.12329925 -0.10543232 -0.06504279 -0.04463312]
2026-02-16 22:09:28,210 [inflora.py] =>   [Test] logits shape: [16,10,], labels shape: [16,]
2026-02-16 22:09:28,232 [inflora.py] =>   [Test] labels min: 0, max: 0
2026-02-16 22:09:28,233 [inflora.py] =>   [Test] preds unique values: [-0.23145528 -0.21189295 -0.20821053 -0.19587104 -0.18351685 -0.18336673
 -0.17653035 -0.16216335 -0.1521162  -0.14717387 -0.1383881  -0.12793969
 -0.09467913 -0.06738009 -0.06401895 -0.05840649]
2026-02-16 22:09:28,264 [inflora.py] =>   [Test] logits shape: [16,10,], labels shape: [16,]
2026-02-16 22:09:28,286 [inflora.py] =>   [Test] labels min: 0, max: 0
2026-02-16 22:09:28,287 [inflora.py] =>   [Test] preds unique values: [-0.24136926 -0.235395   -0.23090768 -0.20583421 -0.20501773 -0.19605602
 -0.17703824 -0.1586584  -0.15639026 -0.13729613 -0.1297824  -0.12781878
 -0.09829479 -0.09625836 -0.09583449 -0.08700873]
2026-02-16 22:09:28,317 [inflora.py] =>   [Test] logits shape: [16,10,], labels shape: [16,]
2026-02-16 22:09:28,339 [inflora.py] =>   [Test] labels min: 0, max: 0
2026-02-16 22:09:28,339 [inflora.py] =>   [Test] preds unique values: [-0.2055233  -0.20297952 -0.20210548 -0.19826946 -0.1981983  -0.19581316
 -0.1891968  -0.17847845 -0.1474924  -0.11888147 -0.10211716 -0.09955714
 -0.0924987  -0.08785233 -0.06134835 -0.05633853]
2026-02-16 22:09:28,369 [inflora.py] =>   [Test] logits shape: [16,10,], labels shape: [16,]
2026-02-16 22:09:28,391 [inflora.py] =>   [Test] labels min: 0, max: 1
2026-02-16 22:09:28,391 [inflora.py] =>   [Test] preds unique values: [-0.20498334 -0.19616106 -0.1661909  -0.15587954 -0.15567793 -0.15302716
 -0.14921112 -0.13501623 -0.12745936 -0.125105   -0.11946114 -0.11736174
 -0.11597954 -0.11374791 -0.10896668 -0.10747833]
2026-02-16 22:09:28,421 [inflora.py] =>   [Test] logits shape: [16,10,], labels shape: [16,]
2026-02-16 22:09:28,443 [inflora.py] =>   [Test] labels min: 1, max: 1
2026-02-16 22:09:28,444 [inflora.py] =>   [Test] preds unique values: [-0.18119378 -0.14306007 -0.13848184 -0.13505147 -0.13276024 -0.13062355
 -0.1230356  -0.12013507 -0.11085804 -0.11021891 -0.10787868 -0.10673791
 -0.10532193 -0.10202348 -0.09018394 -0.08794329]
2026-02-16 22:09:28,473 [inflora.py] =>   [Test] logits shape: [16,10,], labels shape: [16,]
2026-02-16 22:09:28,495 [inflora.py] =>   [Test] labels min: 1, max: 1
2026-02-16 22:09:28,496 [inflora.py] =>   [Test] preds unique values: [-0.20416352 -0.19009991 -0.1716011  -0.15043679 -0.12363759 -0.12158185
 -0.11784505 -0.1159611  -0.11005015 -0.10858513 -0.10853551 -0.10767104
 -0.1020771  -0.09406552 -0.09030811 -0.08190257]
2026-02-16 22:09:28,525 [inflora.py] =>   [Test] logits shape: [16,10,], labels shape: [16,]
2026-02-16 22:09:28,547 [inflora.py] =>   [Test] labels min: 1, max: 1
2026-02-16 22:09:28,547 [inflora.py] =>   [Test] preds unique values: [-0.16580988 -0.16121612 -0.15422277 -0.14370747 -0.13687788 -0.13415773
 -0.12922879 -0.12580927 -0.12176777 -0.11453418 -0.10679372 -0.10476752
 -0.10391224 -0.10231973 -0.09881875 -0.0803836 ]
2026-02-16 22:09:28,576 [trainer.py] => Time:0.5966982841491699
2026-02-16 22:09:28,576 [trainer.py] => CNN: 0.0
2026-02-16 22:09:28,576 [trainer.py] => CNN top1 curve: [0.0]
2026-02-16 22:09:28,576 [trainer.py] => CNN top1 with task curve: [0.0]
2026-02-16 22:09:28,576 [trainer.py] => CNN top1 task curve: [{'grouped': 0.0, 'top1': 0.0, 'total': 0.0}]
2026-02-16 22:09:30,018 [trainer.py] => All params: 107342612
2026-02-16 22:09:30,020 [trainer.py] => Trainable params: 15380
2026-02-16 22:09:30,020 [inflora.py] => [DEBUG] Task -1: known_classes=10, task_size=10, total_classes=20
2026-02-16 22:09:30,020 [inflora.py] => [DEBUG] Before update_fc: numtask=1, classifier_pool length=1
2026-02-16 22:09:30,020 [sinet_inflora.py] => [DEBUG update_fc] Entering: numtask=1, nb_classes=10, current pool len=1
2026-02-16 22:09:30,020 [sinet_inflora.py] => [DEBUG update_fc] After adding: numtask=2, pool len=2
2026-02-16 22:09:30,021 [inflora.py] => Task -1: classes 10 → 20
2026-02-16 22:09:30,021 [inflora.py] => [DEBUG] After update_fc: numtask=2, classifier_pool length=2
2026-02-16 22:09:30,052 [inflora.py] => [DEBUG] Current task classifier output dim: 10
2026-02-16 22:09:30,052 [inflora.py] => [DEBUG] Expected local label range: 0~9
2026-02-16 22:09:48,583 [inflora.py] => [Task -1] Epoch 1/2, Loss=885.350, Accuracy=10.14%
2026-02-16 22:10:07,106 [inflora.py] => [Task -1] Epoch 2/2, Loss=799.304, Accuracy=10.00%
2026-02-16 22:10:27,795 [trainer.py] => Time:57.77464842796326
2026-02-16 22:10:27,839 [inflora.py] =>   [Test] logits shape: [16,20,], labels shape: [16,]
2026-02-16 22:10:27,871 [inflora.py] =>   [Test] labels min: 0, max: 0
2026-02-16 22:10:27,872 [inflora.py] =>   [Test] preds unique values: [-0.15512918 -0.11608731 -0.11511625 -0.10257722 -0.10105091 -0.09820769
 -0.09405538 -0.09358256 -0.09288338 -0.08603056 -0.08383294 -0.07982302
 -0.0716337  -0.06175408 -0.05973593 -0.0540239 ]
2026-02-16 22:10:27,911 [inflora.py] =>   [Test] logits shape: [16,20,], labels shape: [16,]
2026-02-16 22:10:27,934 [inflora.py] =>   [Test] labels min: 0, max: 0
2026-02-16 22:10:27,937 [inflora.py] =>   [Test] preds unique values: [-0.12216801 -0.09970093 -0.09919329 -0.09887829 -0.09854144 -0.09160613
 -0.08728494 -0.08155067 -0.07656869 -0.0746802  -0.07232384 -0.07037781
 -0.06774049 -0.04510307 -0.04500471 -0.03751044]
2026-02-16 22:10:27,972 [inflora.py] =>   [Test] logits shape: [16,20,], labels shape: [16,]
2026-02-16 22:10:27,994 [inflora.py] =>   [Test] labels min: 0, max: 0
2026-02-16 22:10:27,995 [inflora.py] =>   [Test] preds unique values: [-0.1131557  -0.10543238 -0.09977385 -0.09440867 -0.09107805 -0.0876826
 -0.07650056 -0.07126409 -0.06619381 -0.06504273 -0.06146602 -0.05989802
 -0.05816191 -0.04832072 -0.04463287 -0.0235484 ]
2026-02-16 22:10:28,037 [inflora.py] =>   [Test] logits shape: [16,20,], labels shape: [16,]
2026-02-16 22:10:28,059 [inflora.py] =>   [Test] labels min: 0, max: 0
2026-02-16 22:10:28,059 [inflora.py] =>   [Test] preds unique values: [-0.12483012 -0.11520104 -0.10377938 -0.10071181 -0.09737284 -0.09460714
 -0.08413944 -0.0760856  -0.07426086 -0.0673798  -0.06401876 -0.06212229
 -0.05840623 -0.05820811 -0.03903576 -0.03061334]
2026-02-16 22:10:28,102 [inflora.py] =>   [Test] logits shape: [16,20,], labels shape: [16,]
2026-02-16 22:10:28,124 [inflora.py] =>   [Test] labels min: 0, max: 0
2026-02-16 22:10:28,125 [inflora.py] =>   [Test] preds unique values: [-0.12663215 -0.11255646 -0.10962141 -0.10474712 -0.09853166 -0.0982948
 -0.09700689 -0.09695462 -0.09614208 -0.09583473 -0.09366277 -0.08700874
 -0.08062426 -0.06923773 -0.0638259  -0.06242856]
2026-02-16 22:10:28,156 [inflora.py] =>   [Test] logits shape: [16,20,], labels shape: [16,]
2026-02-16 22:10:28,178 [inflora.py] =>   [Test] labels min: 0, max: 0
2026-02-16 22:10:28,179 [inflora.py] =>   [Test] preds unique values: [-0.12119853 -0.10894618 -0.1041915  -0.10077403 -0.09955764 -0.0977441
 -0.09599204 -0.09415435 -0.08785268 -0.07363134 -0.06772789 -0.06265704
 -0.0623858  -0.06134861 -0.05633918 -0.05006275]
2026-02-16 22:10:28,214 [inflora.py] =>   [Test] logits shape: [16,20,], labels shape: [16,]
2026-02-16 22:10:28,236 [inflora.py] =>   [Test] labels min: 0, max: 1
2026-02-16 22:10:28,237 [inflora.py] =>   [Test] preds unique values: [-0.13287666 -0.11736207 -0.11374746 -0.10896621 -0.09523025 -0.08561945
 -0.08265072 -0.08164934 -0.0772773  -0.07725943 -0.07445239 -0.07279424
 -0.06813361 -0.06073765 -0.01518294 -0.01265409]
2026-02-16 22:10:28,268 [inflora.py] =>   [Test] logits shape: [16,20,], labels shape: [16,]
2026-02-16 22:10:28,290 [inflora.py] =>   [Test] labels min: 1, max: 1
2026-02-16 22:10:28,292 [inflora.py] =>   [Test] preds unique values: [-0.10612338 -0.08794403 -0.08397149 -0.07342754 -0.06906967 -0.06311835
 -0.05795275 -0.05742932 -0.05740998 -0.05402663 -0.04258331 -0.03608715
 -0.03574581 -0.03069275 -0.02694342 -0.02178709]
2026-02-16 22:10:28,328 [inflora.py] =>   [Test] logits shape: [16,20,], labels shape: [16,]
2026-02-16 22:10:28,350 [inflora.py] =>   [Test] labels min: 1, max: 1
2026-02-16 22:10:28,351 [inflora.py] =>   [Test] preds unique values: [-0.12733513 -0.10767095 -0.10168209 -0.09597933 -0.06008985 -0.05635349
 -0.0545577  -0.05434464 -0.0539636  -0.05134238 -0.04803182 -0.04721998
 -0.04100863 -0.03899137 -0.00730042  0.00271054]
2026-02-16 22:10:28,382 [inflora.py] =>   [Test] logits shape: [16,20,], labels shape: [16,]
2026-02-16 22:10:28,405 [inflora.py] =>   [Test] labels min: 1, max: 1
2026-02-16 22:10:28,405 [inflora.py] =>   [Test] preds unique values: [-0.11869097 -0.10820286 -0.09956164 -0.07839018 -0.07156969 -0.06210449
 -0.0586206  -0.05584811 -0.05395177 -0.04529713 -0.04509439 -0.0362242
 -0.02319872 -0.01549579 -0.012827   -0.00929963]
2026-02-16 22:10:28,437 [trainer.py] => Time:0.6421191692352295
2026-02-16 22:10:28,438 [trainer.py] => CNN: 0.0
2026-02-16 22:10:28,438 [trainer.py] => CNN top1 curve: [0.0, 0.0]
2026-02-16 22:10:28,438 [trainer.py] => CNN top1 with task curve: [0.0, 0.0]
2026-02-16 22:10:28,438 [trainer.py] => CNN top1 task curve: [{'grouped': 0.0, 'top1': 0.0, 'total': 0.0}, {'grouped': 0.0, 'top1': 0.0, 'total': 0.0}]
2026-02-16 22:10:29,911 [trainer.py] => All params: 107357992
2026-02-16 22:10:29,913 [trainer.py] => Trainable params: 30760
2026-02-16 22:10:29,913 [inflora.py] => [DEBUG] Task -1: known_classes=20, task_size=10, total_classes=30
2026-02-16 22:10:29,913 [inflora.py] => [DEBUG] Before update_fc: numtask=2, classifier_pool length=2
2026-02-16 22:10:29,913 [sinet_inflora.py] => [DEBUG update_fc] Entering: numtask=2, nb_classes=10, current pool len=2
2026-02-16 22:10:29,913 [sinet_inflora.py] => [DEBUG update_fc] After adding: numtask=3, pool len=3
2026-02-16 22:10:29,913 [inflora.py] => Task -1: classes 20 → 30
2026-02-16 22:10:29,913 [inflora.py] => [DEBUG] After update_fc: numtask=3, classifier_pool length=3
2026-02-16 22:10:29,950 [inflora.py] => [DEBUG] Current task classifier output dim: 10
2026-02-16 22:10:29,950 [inflora.py] => [DEBUG] Expected local label range: 0~9
2026-02-16 22:10:48,746 [inflora.py] => [Task -1] Epoch 1/2, Loss=937.786, Accuracy=11.66%
2026-02-16 22:11:08,346 [inflora.py] => [Task -1] Epoch 2/2, Loss=787.489, Accuracy=9.98%
2026-02-16 22:11:28,317 [trainer.py] => Time:58.40420174598694
2026-02-16 22:11:28,436 [inflora.py] =>   [Test] logits shape: [16,30,], labels shape: [16,]
2026-02-16 22:11:28,461 [inflora.py] =>   [Test] labels min: 0, max: 0
2026-02-16 22:11:28,463 [inflora.py] =>   [Test] preds unique values: [-0.15512894 -0.06964847 -0.01973958  0.01200659  0.01229622  0.03682829
  0.03803913  0.06386941  0.07715606  0.07782741  0.08937632  0.10410554
  0.12144142  0.13503677  0.1538308   0.18574905]
2026-02-16 22:11:28,501 [inflora.py] =>   [Test] logits shape: [16,30,], labels shape: [16,]
2026-02-16 22:11:28,523 [inflora.py] =>   [Test] labels min: 0, max: 0
2026-02-16 22:11:28,524 [inflora.py] =>   [Test] preds unique values: [-0.07246123 -0.05606597 -0.05105663 -0.00722215  0.00771477  0.00901824
  0.01777778  0.03248469  0.08192476  0.08517883  0.09871221  0.09983442
  0.10444827  0.11112127  0.12773378  0.15992267]
2026-02-16 22:11:28,568 [inflora.py] =>   [Test] logits shape: [16,30,], labels shape: [16,]
2026-02-16 22:11:28,590 [inflora.py] =>   [Test] labels min: 0, max: 0
2026-02-16 22:11:28,591 [inflora.py] =>   [Test] preds unique values: [-0.06504252 -0.04463275 -0.01330564  0.00915545  0.01653052  0.01784376
  0.02241614  0.05190351  0.07024965  0.09285837  0.09651981  0.11629783
  0.117598    0.11912335  0.12000249  0.1236298 ]
2026-02-16 22:11:28,636 [inflora.py] =>   [Test] logits shape: [16,30,], labels shape: [16,]
2026-02-16 22:11:28,658 [inflora.py] =>   [Test] labels min: 0, max: 0
2026-02-16 22:11:28,659 [inflora.py] =>   [Test] preds unique values: [-0.07445391 -0.0673792  -0.06159145 -0.05840641  0.01683031  0.04998794
  0.05315924  0.06600926  0.068615    0.07668097  0.07692668  0.08398901
  0.10005832  0.11979545  0.12086122  0.15766624]
2026-02-16 22:11:28,697 [inflora.py] =>   [Test] logits shape: [16,30,], labels shape: [16,]
2026-02-16 22:11:28,719 [inflora.py] =>   [Test] labels min: 0, max: 0
2026-02-16 22:11:28,719 [inflora.py] =>   [Test] preds unique values: [-0.10962083 -0.07266676 -0.05720945 -0.02929198  0.01783773  0.02247371
  0.02346113  0.04756219  0.04952195  0.05195943  0.06395245  0.06993617
  0.07318609  0.07954966  0.08634066  0.10764832]
2026-02-16 22:11:28,751 [inflora.py] =>   [Test] logits shape: [16,30,], labels shape: [16,]
2026-02-16 22:11:28,773 [inflora.py] =>   [Test] labels min: 0, max: 0
2026-02-16 22:11:28,774 [inflora.py] =>   [Test] preds unique values: [-0.06134831 -0.0485883  -0.02865077 -0.02714691  0.00156264  0.01678746
  0.03995552  0.04678965  0.05096223  0.05587674  0.05798922  0.06140316
  0.0752488   0.08372735  0.11703005  0.11875163]
2026-02-16 22:11:28,805 [inflora.py] =>   [Test] logits shape: [16,30,], labels shape: [16,]
2026-02-16 22:11:28,827 [inflora.py] =>   [Test] labels min: 0, max: 1
2026-02-16 22:11:28,828 [inflora.py] =>   [Test] preds unique values: [-7.37417042e-02 -5.67455366e-02 -2.88503002e-02 -2.73846518e-02
 -6.79758843e-03 -1.67242019e-04  2.97535751e-02  4.39100191e-02
  8.03509727e-02  9.12885442e-02  1.01316608e-01  1.04592450e-01
  1.06414154e-01  1.18531696e-01  1.44962788e-01  1.77731499e-01]
2026-02-16 22:11:28,858 [inflora.py] =>   [Test] logits shape: [16,30,], labels shape: [16,]
2026-02-16 22:11:28,880 [inflora.py] =>   [Test] labels min: 1, max: 1
2026-02-16 22:11:28,881 [inflora.py] =>   [Test] preds unique values: [-0.03704219  0.01810884  0.02157065  0.03851176  0.04220585  0.04638979
  0.05283677  0.09547739  0.10723244  0.11224691  0.11705991  0.12148314
  0.12656891  0.12667249  0.13120897  0.19913712]
2026-02-16 22:11:28,911 [inflora.py] =>   [Test] logits shape: [16,30,], labels shape: [16,]
2026-02-16 22:11:28,933 [inflora.py] =>   [Test] labels min: 1, max: 1
2026-02-16 22:11:28,934 [inflora.py] =>   [Test] preds unique values: [-0.12733531 -0.04954765 -0.03325332 -0.02227798 -0.0084848   0.04607634
  0.06019063  0.06227861  0.06996342  0.074945    0.08013622  0.08976104
  0.09824707  0.11351345  0.11820585  0.14553134]
2026-02-16 22:11:28,964 [inflora.py] =>   [Test] logits shape: [16,30,], labels shape: [16,]
2026-02-16 22:11:28,986 [inflora.py] =>   [Test] labels min: 1, max: 1
2026-02-16 22:11:28,986 [inflora.py] =>   [Test] preds unique values: [-0.08568835 -0.02002554 -0.00178625  0.00268708  0.00411122  0.02456216
  0.0323493   0.0427487   0.05275118  0.05606704  0.06814436  0.09142523
  0.12697925  0.13330382  0.14194906  0.18784776]
2026-02-16 22:11:29,016 [trainer.py] => Time:0.6979672908782959
2026-02-16 22:11:29,016 [trainer.py] => CNN: 0.0
2026-02-16 22:11:29,017 [trainer.py] => CNN top1 curve: [0.0, 0.0, 0.0]
2026-02-16 22:11:29,017 [trainer.py] => CNN top1 with task curve: [0.0, 0.0, 0.0]
2026-02-16 22:11:29,017 [trainer.py] => CNN top1 task curve: [{'grouped': 0.0, 'top1': 0.0, 'total': 0.0}, {'grouped': 0.0, 'top1': 0.0, 'total': 0.0}, {'grouped': 0.0, 'top1': 0.0, 'total': 0.0}]
2026-02-16 22:11:30,582 [trainer.py] => All params: 107373372
2026-02-16 22:11:30,584 [trainer.py] => Trainable params: 46140
2026-02-16 22:11:30,584 [inflora.py] => [DEBUG] Task -1: known_classes=30, task_size=10, total_classes=40
2026-02-16 22:11:30,584 [inflora.py] => [DEBUG] Before update_fc: numtask=3, classifier_pool length=3
2026-02-16 22:11:30,584 [sinet_inflora.py] => [DEBUG update_fc] Entering: numtask=3, nb_classes=10, current pool len=3
2026-02-16 22:11:30,584 [sinet_inflora.py] => [DEBUG update_fc] After adding: numtask=4, pool len=4
2026-02-16 22:11:30,585 [inflora.py] => Task -1: classes 30 → 40
2026-02-16 22:11:30,585 [inflora.py] => [DEBUG] After update_fc: numtask=4, classifier_pool length=4
2026-02-16 22:11:30,630 [inflora.py] => [DEBUG] Current task classifier output dim: 10
2026-02-16 22:11:30,630 [inflora.py] => [DEBUG] Expected local label range: 0~9
2026-02-16 22:11:49,885 [inflora.py] => [Task -1] Epoch 1/2, Loss=940.450, Accuracy=13.00%
2026-02-16 22:12:08,212 [inflora.py] => [Task -1] Epoch 2/2, Loss=785.680, Accuracy=10.00%
2026-02-16 22:12:28,994 [trainer.py] => Time:58.41033697128296
2026-02-16 22:12:29,041 [inflora.py] =>   [Test] logits shape: [16,40,], labels shape: [16,]
2026-02-16 22:12:29,064 [inflora.py] =>   [Test] labels min: 0, max: 0
2026-02-16 22:12:29,065 [inflora.py] =>   [Test] preds unique values: [-0.01973993  0.012008    0.01229555  0.03025832  0.03682717  0.03803954
  0.06387029  0.07715732  0.07782733  0.08937608  0.10119569  0.10410607
  0.1214418   0.13503549  0.15383096  0.18574917]
2026-02-16 22:12:29,105 [inflora.py] =>   [Test] logits shape: [16,40,], labels shape: [16,]
2026-02-16 22:12:29,127 [inflora.py] =>   [Test] labels min: 0, max: 0
2026-02-16 22:12:29,128 [inflora.py] =>   [Test] preds unique values: [-0.05606649 -0.03440874 -0.00722163  0.0077147   0.00901749  0.01566057
  0.01777748  0.03248511  0.08192497  0.08517952  0.0987118   0.09983473
  0.10444906  0.11112244  0.12773365  0.15992202]
2026-02-16 22:12:29,159 [inflora.py] =>   [Test] logits shape: [16,40,], labels shape: [16,]
2026-02-16 22:12:29,181 [inflora.py] =>   [Test] labels min: 0, max: 0
2026-02-16 22:12:29,181 [inflora.py] =>   [Test] preds unique values: [-0.0467261   0.00084549  0.00387394  0.00915403  0.01653051  0.01784293
  0.02241691  0.05190354  0.07024958  0.09285837  0.09652082  0.11629684
  0.1175993   0.11912387  0.12000328  0.12362836]
2026-02-16 22:12:29,212 [inflora.py] =>   [Test] logits shape: [16,40,], labels shape: [16,]
2026-02-16 22:12:29,234 [inflora.py] =>   [Test] labels min: 0, max: 0
2026-02-16 22:12:29,234 [inflora.py] =>   [Test] preds unique values: [-0.00792211  0.00063251  0.01682985  0.02198991  0.04903213  0.04998854
  0.05315927  0.06600965  0.06861424  0.07668059  0.07692534  0.08398999
  0.10005944  0.11979497  0.12086118  0.1576663 ]
2026-02-16 22:12:29,264 [inflora.py] =>   [Test] logits shape: [16,40,], labels shape: [16,]
2026-02-16 22:12:29,286 [inflora.py] =>   [Test] labels min: 0, max: 0
2026-02-16 22:12:29,287 [inflora.py] =>   [Test] preds unique values: [-0.03705049 -0.01256728  0.00133388  0.01783759  0.02247337  0.02346041
  0.04756107  0.04952195  0.05195891  0.06395169  0.06993685  0.07236568
  0.0731869   0.07954975  0.08634076  0.10764969]
2026-02-16 22:12:29,317 [inflora.py] =>   [Test] logits shape: [16,40,], labels shape: [16,]
2026-02-16 22:12:29,339 [inflora.py] =>   [Test] labels min: 0, max: 0
2026-02-16 22:12:29,340 [inflora.py] =>   [Test] preds unique values: [-0.04858767 -0.02683088 -0.01937357 -0.00537009  0.00156336  0.01678702
  0.03995495  0.04678861  0.05096155  0.05587622  0.05798905  0.06140323
  0.07524756  0.08372686  0.11703122  0.11875123]
2026-02-16 22:12:29,375 [inflora.py] =>   [Test] logits shape: [16,40,], labels shape: [16,]
2026-02-16 22:12:29,397 [inflora.py] =>   [Test] labels min: 0, max: 1
2026-02-16 22:12:29,398 [inflora.py] =>   [Test] preds unique values: [-2.88492423e-02 -2.46792715e-02 -6.79745432e-03 -1.66116981e-04
  6.55645411e-03  2.97547076e-02  4.39109579e-02  6.71573281e-02
  8.03509876e-02  9.12881792e-02  1.01316504e-01  1.04592375e-01
  1.06413737e-01  1.18531033e-01  1.44962430e-01  1.77731276e-01]
2026-02-16 22:12:29,431 [inflora.py] =>   [Test] logits shape: [16,40,], labels shape: [16,]
2026-02-16 22:12:29,453 [inflora.py] =>   [Test] labels min: 1, max: 1
2026-02-16 22:12:29,453 [inflora.py] =>   [Test] preds unique values: [-0.03704232  0.01810826  0.02157163  0.03851116  0.04220495  0.04639009
  0.05283497  0.095477    0.10723249  0.1122467   0.11706052  0.1214836
  0.12656893  0.12667201  0.13120869  0.19913642]
2026-02-16 22:12:29,486 [inflora.py] =>   [Test] logits shape: [16,40,], labels shape: [16,]
2026-02-16 22:12:29,508 [inflora.py] =>   [Test] labels min: 1, max: 1
2026-02-16 22:12:29,508 [inflora.py] =>   [Test] preds unique values: [-0.03325391 -0.0222783  -0.02148731 -0.00848411  0.04607613  0.06019098
  0.06227779  0.06996287  0.07494497  0.07833035  0.08013622  0.08976006
  0.09824774  0.11351422  0.11820592  0.14553192]
2026-02-16 22:12:29,538 [inflora.py] =>   [Test] logits shape: [16,40,], labels shape: [16,]
2026-02-16 22:12:29,560 [inflora.py] =>   [Test] labels min: 1, max: 1
2026-02-16 22:12:29,561 [inflora.py] =>   [Test] preds unique values: [-0.08465947 -0.02002609 -0.00178607  0.00268648  0.00411065  0.02456206
  0.03234916  0.04274934  0.05275135  0.05606654  0.06814608  0.09142558
  0.12697995  0.13330346  0.14194892  0.18784818]
2026-02-16 22:12:29,592 [trainer.py] => Time:0.597292423248291
2026-02-16 22:12:29,592 [trainer.py] => CNN: 0.0
2026-02-16 22:12:29,592 [trainer.py] => CNN top1 curve: [0.0, 0.0, 0.0, 0.0]
2026-02-16 22:12:29,592 [trainer.py] => CNN top1 with task curve: [0.0, 0.0, 0.0, 0.0]
2026-02-16 22:12:29,592 [trainer.py] => CNN top1 task curve: [{'grouped': 0.0, 'top1': 0.0, 'total': 0.0}, {'grouped': 0.0, 'top1': 0.0, 'total': 0.0}, {'grouped': 0.0, 'top1': 0.0, 'total': 0.0}, {'grouped': 0.0, 'top1': 0.0, 'total': 0.0}]
2026-02-16 22:12:31,032 [trainer.py] => All params: 107388752
2026-02-16 22:12:31,033 [trainer.py] => Trainable params: 61520
2026-02-16 22:12:31,033 [inflora.py] => [DEBUG] Task -1: known_classes=40, task_size=10, total_classes=50
2026-02-16 22:12:31,033 [inflora.py] => [DEBUG] Before update_fc: numtask=4, classifier_pool length=4
2026-02-16 22:12:31,033 [sinet_inflora.py] => [DEBUG update_fc] Entering: numtask=4, nb_classes=10, current pool len=4
2026-02-16 22:12:31,034 [sinet_inflora.py] => [DEBUG update_fc] After adding: numtask=5, pool len=5
2026-02-16 22:12:31,034 [inflora.py] => Task -1: classes 40 → 50
2026-02-16 22:12:31,034 [inflora.py] => [DEBUG] After update_fc: numtask=5, classifier_pool length=5
2026-02-16 22:12:31,078 [inflora.py] => [DEBUG] Current task classifier output dim: 10
2026-02-16 22:12:31,078 [inflora.py] => [DEBUG] Expected local label range: 0~9
2026-02-16 22:12:49,277 [inflora.py] => [Task -1] Epoch 1/2, Loss=905.402, Accuracy=11.42%
2026-02-16 22:13:07,997 [inflora.py] => [Task -1] Epoch 2/2, Loss=787.224, Accuracy=8.00%
2026-02-16 22:13:28,012 [trainer.py] => Time:56.97859740257263
2026-02-16 22:13:28,073 [inflora.py] =>   [Test] logits shape: [16,50,], labels shape: [16,]
2026-02-16 22:13:28,099 [inflora.py] =>   [Test] labels min: 0, max: 0
2026-02-16 22:13:28,101 [inflora.py] =>   [Test] preds unique values: [-0.01973966  0.01200774  0.01229609  0.03025799  0.03682748  0.03803844
  0.06387052  0.0771564   0.07782723  0.08937628  0.10119462  0.10410597
  0.12144162  0.13503581  0.15383168  0.18574998]
2026-02-16 22:13:28,151 [inflora.py] =>   [Test] logits shape: [16,50,], labels shape: [16,]
2026-02-16 22:13:28,174 [inflora.py] =>   [Test] labels min: 0, max: 0
2026-02-16 22:13:28,176 [inflora.py] =>   [Test] preds unique values: [-0.05606718 -0.03440993 -0.00722206  0.0077152   0.00901757  0.01565921
  0.01777754  0.03248514  0.08192502  0.08517845  0.09871156  0.0998347
  0.1044491   0.11112092  0.12773335  0.15992202]
2026-02-16 22:13:28,227 [inflora.py] =>   [Test] logits shape: [16,50,], labels shape: [16,]
2026-02-16 22:13:28,250 [inflora.py] =>   [Test] labels min: 0, max: 0
2026-02-16 22:13:28,252 [inflora.py] =>   [Test] preds unique values: [-0.0467269   0.00084509  0.00387515  0.00915334  0.01653027  0.01784362
  0.02241588  0.0519041   0.07024956  0.09285972  0.09651969  0.11629819
  0.11759969  0.11912381  0.12000278  0.12362888]
2026-02-16 22:13:28,298 [inflora.py] =>   [Test] logits shape: [16,50,], labels shape: [16,]
2026-02-16 22:13:28,321 [inflora.py] =>   [Test] labels min: 0, max: 0
2026-02-16 22:13:28,324 [inflora.py] =>   [Test] preds unique values: [-0.00792232  0.00063214  0.01683068  0.02199139  0.0490316   0.04998877
  0.05315848  0.06600978  0.06861605  0.07668091  0.07692752  0.08398997
  0.10005931  0.11979469  0.12086117  0.15766719]
2026-02-16 22:13:28,376 [inflora.py] =>   [Test] logits shape: [16,50,], labels shape: [16,]
2026-02-16 22:13:28,399 [inflora.py] =>   [Test] labels min: 0, max: 0
2026-02-16 22:13:28,400 [inflora.py] =>   [Test] preds unique values: [-0.03704939 -0.01256642  0.00133402  0.01783727  0.02247424  0.02346072
  0.0475613   0.04952079  0.05195939  0.06395199  0.06993662  0.07236782
  0.0731862   0.07954923  0.08634152  0.10764805]
2026-02-16 22:13:28,450 [inflora.py] =>   [Test] logits shape: [16,50,], labels shape: [16,]
2026-02-16 22:13:28,473 [inflora.py] =>   [Test] labels min: 0, max: 0
2026-02-16 22:13:28,475 [inflora.py] =>   [Test] preds unique values: [-0.04858758 -0.02683038 -0.01937344 -0.00537125  0.00156265  0.01678737
  0.03995529  0.04678873  0.05096189  0.05587728  0.05799023  0.06140299
  0.07524891  0.08372608  0.11703052  0.11875186]
2026-02-16 22:13:28,522 [inflora.py] =>   [Test] logits shape: [16,50,], labels shape: [16,]
2026-02-16 22:13:28,546 [inflora.py] =>   [Test] labels min: 0, max: 1
2026-02-16 22:13:28,547 [inflora.py] =>   [Test] preds unique values: [-2.88489070e-02 -2.46814173e-02 -6.79703709e-03 -1.67405931e-04
  6.55594748e-03  2.97540519e-02  4.39114720e-02  6.71578348e-02
  8.03513452e-02  9.12883058e-02  1.01316802e-01  1.04592465e-01
  1.06413268e-01  1.18532009e-01  1.44963145e-01  1.77731931e-01]
2026-02-16 22:13:28,590 [inflora.py] =>   [Test] logits shape: [16,50,], labels shape: [16,]
2026-02-16 22:13:28,613 [inflora.py] =>   [Test] labels min: 1, max: 1
2026-02-16 22:13:28,615 [inflora.py] =>   [Test] preds unique values: [-0.03704283  0.01810905  0.02157208  0.03851093  0.04220466  0.04639114
  0.0528362   0.09547707  0.10723248  0.11224697  0.11705928  0.12148198
  0.12656862  0.12667301  0.1312085   0.19913608]
2026-02-16 22:13:28,653 [inflora.py] =>   [Test] logits shape: [16,50,], labels shape: [16,]
2026-02-16 22:13:28,676 [inflora.py] =>   [Test] labels min: 1, max: 1
2026-02-16 22:13:28,677 [inflora.py] =>   [Test] preds unique values: [-0.0332531  -0.02227823 -0.02148614 -0.00848452  0.04607628  0.06019168
  0.06227822  0.06996257  0.07494482  0.0783306   0.08013726  0.08976118
  0.09824749  0.11351479  0.1182069   0.14553125]
2026-02-16 22:13:28,720 [inflora.py] =>   [Test] logits shape: [16,50,], labels shape: [16,]
2026-02-16 22:13:28,744 [inflora.py] =>   [Test] labels min: 1, max: 1
2026-02-16 22:13:28,746 [inflora.py] =>   [Test] preds unique values: [-0.08465944 -0.02002477 -0.00178682  0.00268715  0.0041114   0.02456279
  0.03235032  0.04274856  0.05275185  0.05606804  0.06814431  0.0914251
  0.12697981  0.1333032   0.14194879  0.18784823]
2026-02-16 22:13:28,785 [trainer.py] => Time:0.7728044986724854
2026-02-16 22:13:28,785 [trainer.py] => CNN: 0.0
2026-02-16 22:13:28,785 [trainer.py] => CNN top1 curve: [0.0, 0.0, 0.0, 0.0, 0.0]
2026-02-16 22:13:28,785 [trainer.py] => CNN top1 with task curve: [0.0, 0.0, 0.0, 0.0, 0.0]
2026-02-16 22:13:28,785 [trainer.py] => CNN top1 task curve: [{'grouped': 0.0, 'top1': 0.0, 'total': 0.0}, {'grouped': 0.0, 'top1': 0.0, 'total': 0.0}, {'grouped': 0.0, 'top1': 0.0, 'total': 0.0}, {'grouped': 0.0, 'top1': 0.0, 'total': 0.0}, {'grouped': 0.0, 'top1': 0.0, 'total': 0.0}]
2026-02-16 22:13:30,523 [trainer.py] => All params: 107404132
2026-02-16 22:13:30,524 [trainer.py] => Trainable params: 76900
2026-02-16 22:13:30,524 [inflora.py] => [DEBUG] Task -1: known_classes=50, task_size=10, total_classes=60
2026-02-16 22:13:30,524 [inflora.py] => [DEBUG] Before update_fc: numtask=5, classifier_pool length=5
2026-02-16 22:13:30,524 [sinet_inflora.py] => [DEBUG update_fc] Entering: numtask=5, nb_classes=10, current pool len=5
2026-02-16 22:13:30,525 [sinet_inflora.py] => [DEBUG update_fc] After adding: numtask=6, pool len=6
2026-02-16 22:13:30,525 [inflora.py] => Task -1: classes 50 → 60
2026-02-16 22:13:30,525 [inflora.py] => [DEBUG] After update_fc: numtask=6, classifier_pool length=6
2026-02-16 22:13:30,568 [inflora.py] => [DEBUG] Current task classifier output dim: 10
2026-02-16 22:13:30,568 [inflora.py] => [DEBUG] Expected local label range: 0~9
2026-02-16 22:13:49,172 [inflora.py] => [Task -1] Epoch 1/2, Loss=902.580, Accuracy=8.80%
2026-02-16 22:14:08,423 [inflora.py] => [Task -1] Epoch 2/2, Loss=787.241, Accuracy=9.76%
2026-02-16 22:14:27,673 [trainer.py] => Time:57.148380756378174
2026-02-16 22:14:27,722 [inflora.py] =>   [Test] logits shape: [16,60,], labels shape: [16,]
2026-02-16 22:14:27,771 [inflora.py] =>   [Test] labels min: 0, max: 0
2026-02-16 22:14:27,773 [inflora.py] =>   [Test] preds unique values: [-0.01973905  0.01200713  0.01229639  0.03025852  0.03682754  0.03803836
  0.0638698   0.07715758  0.07782745  0.08937674  0.10119444  0.10410597
  0.12144206  0.13503645  0.15383095  0.18575028]
2026-02-16 22:14:27,818 [inflora.py] =>   [Test] logits shape: [16,60,], labels shape: [16,]
2026-02-16 22:14:27,839 [inflora.py] =>   [Test] labels min: 0, max: 0
2026-02-16 22:14:27,840 [inflora.py] =>   [Test] preds unique values: [-0.0560671  -0.03440851 -0.00722162  0.00771558  0.00901734  0.01566097
  0.01777785  0.03248449  0.08192652  0.0851799   0.09871206  0.09983391
  0.1044488   0.11112084  0.12773283  0.15992099]
2026-02-16 22:14:27,871 [inflora.py] =>   [Test] logits shape: [16,60,], labels shape: [16,]
2026-02-16 22:14:27,893 [inflora.py] =>   [Test] labels min: 0, max: 0
2026-02-16 22:14:27,893 [inflora.py] =>   [Test] preds unique values: [-0.04672432  0.00084524  0.00387375  0.00915391  0.01653109  0.01784357
  0.02241632  0.0519036   0.07024985  0.09285852  0.09651989  0.11629775
  0.11759939  0.11912317  0.12000287  0.12362941]
2026-02-16 22:14:27,926 [inflora.py] =>   [Test] logits shape: [16,60,], labels shape: [16,]
2026-02-16 22:14:27,949 [inflora.py] =>   [Test] labels min: 0, max: 0
2026-02-16 22:14:27,949 [inflora.py] =>   [Test] preds unique values: [-0.00792022  0.00063247  0.01682908  0.02199032  0.04903149  0.04998861
  0.05315874  0.06601028  0.06861533  0.07668077  0.07692719  0.08398976
  0.1000599   0.11979458  0.12086159  0.1576659 ]
2026-02-16 22:14:27,979 [inflora.py] =>   [Test] logits shape: [16,60,], labels shape: [16,]
2026-02-16 22:14:28,001 [inflora.py] =>   [Test] labels min: 0, max: 0
2026-02-16 22:14:28,002 [inflora.py] =>   [Test] preds unique values: [-0.03705122 -0.01256698  0.00133394  0.01783665  0.02247279  0.02346085
  0.04756176  0.04952118  0.05195859  0.06395189  0.06993683  0.07236694
  0.07318675  0.07954899  0.08634149  0.10764984]
2026-02-16 22:14:28,032 [inflora.py] =>   [Test] logits shape: [16,60,], labels shape: [16,]
2026-02-16 22:14:28,054 [inflora.py] =>   [Test] labels min: 0, max: 0
2026-02-16 22:14:28,055 [inflora.py] =>   [Test] preds unique values: [-0.04858794 -0.02683066 -0.01937283 -0.00537187  0.00156268  0.01678685
  0.03995409  0.04678869  0.05096184  0.05587623  0.0579889   0.06140166
  0.07524849  0.08372655  0.11703038  0.11875255]
2026-02-16 22:14:28,084 [inflora.py] =>   [Test] logits shape: [16,60,], labels shape: [16,]
2026-02-16 22:14:28,106 [inflora.py] =>   [Test] labels min: 0, max: 1
2026-02-16 22:14:28,107 [inflora.py] =>   [Test] preds unique values: [-2.8849063e-02 -2.4680963e-02 -6.7963516e-03 -1.6759965e-04
  6.5560965e-03  2.9754588e-02  4.3910541e-02  6.7157179e-02
  8.0351584e-02  9.1288738e-02  1.0131725e-01  1.0459194e-01
  1.0641372e-01  1.1853155e-01  1.4496303e-01  1.7773126e-01]
2026-02-16 22:14:28,136 [inflora.py] =>   [Test] logits shape: [16,60,], labels shape: [16,]
2026-02-16 22:14:28,159 [inflora.py] =>   [Test] labels min: 1, max: 1
2026-02-16 22:14:28,159 [inflora.py] =>   [Test] preds unique values: [-0.03704306  0.01810943  0.02157188  0.03851054  0.04220533  0.04639038
  0.05283632  0.09547738  0.10723323  0.1122467   0.1170601   0.12148262
  0.12656906  0.12667388  0.13120887  0.19913587]
2026-02-16 22:14:28,189 [inflora.py] =>   [Test] logits shape: [16,60,], labels shape: [16,]
2026-02-16 22:14:28,211 [inflora.py] =>   [Test] labels min: 1, max: 1
2026-02-16 22:14:28,212 [inflora.py] =>   [Test] preds unique values: [-0.03325381 -0.02227988 -0.02148644 -0.00848477  0.04607554  0.06019028
  0.06227874  0.06996319  0.07494491  0.07833005  0.08013681  0.08976079
  0.0982467   0.11351485  0.11820636  0.14553069]
2026-02-16 22:14:28,242 [inflora.py] =>   [Test] logits shape: [16,60,], labels shape: [16,]
2026-02-16 22:14:28,264 [inflora.py] =>   [Test] labels min: 1, max: 1
2026-02-16 22:14:28,264 [inflora.py] =>   [Test] preds unique values: [-0.08465844 -0.02002654 -0.00178672  0.00268623  0.00411067  0.02456267
  0.03234918  0.04274977  0.05275229  0.05606759  0.06814463  0.09142546
  0.12697916  0.13330436  0.1419493   0.18784827]
2026-02-16 22:14:28,296 [trainer.py] => Time:0.6229710578918457
2026-02-16 22:14:28,296 [trainer.py] => CNN: 0.0
2026-02-16 22:14:28,296 [trainer.py] => CNN top1 curve: [0.0, 0.0, 0.0, 0.0, 0.0, 0.0]
2026-02-16 22:14:28,296 [trainer.py] => CNN top1 with task curve: [0.0, 0.0, 0.0, 0.0, 0.0, 0.0]
2026-02-16 22:14:28,296 [trainer.py] => CNN top1 task curve: [{'grouped': 0.0, 'top1': 0.0, 'total': 0.0}, {'grouped': 0.0, 'top1': 0.0, 'total': 0.0}, {'grouped': 0.0, 'top1': 0.0, 'total': 0.0}, {'grouped': 0.0, 'top1': 0.0, 'total': 0.0}, {'grouped': 0.0, 'top1': 0.0, 'total': 0.0}, {'grouped': 0.0, 'top1': 0.0, 'total': 0.0}]
2026-02-16 22:14:29,735 [trainer.py] => All params: 107419512
2026-02-16 22:14:29,736 [trainer.py] => Trainable params: 92280
2026-02-16 22:14:29,736 [inflora.py] => [DEBUG] Task -1: known_classes=60, task_size=10, total_classes=70
2026-02-16 22:14:29,736 [inflora.py] => [DEBUG] Before update_fc: numtask=6, classifier_pool length=6
2026-02-16 22:14:29,736 [sinet_inflora.py] => [DEBUG update_fc] Entering: numtask=6, nb_classes=10, current pool len=6
2026-02-16 22:14:29,737 [sinet_inflora.py] => [DEBUG update_fc] After adding: numtask=7, pool len=7
2026-02-16 22:14:29,737 [inflora.py] => Task -1: classes 60 → 70
2026-02-16 22:14:29,737 [inflora.py] => [DEBUG] After update_fc: numtask=7, classifier_pool length=7
2026-02-16 22:14:29,777 [inflora.py] => [DEBUG] Current task classifier output dim: 10
2026-02-16 22:14:29,777 [inflora.py] => [DEBUG] Expected local label range: 0~9
2026-02-16 22:14:49,320 [inflora.py] => [Task -1] Epoch 1/2, Loss=923.516, Accuracy=14.12%
2026-02-16 22:15:08,051 [inflora.py] => [Task -1] Epoch 2/2, Loss=784.699, Accuracy=7.98%
2026-02-16 22:15:28,898 [trainer.py] => Time:59.16141080856323
2026-02-16 22:15:28,937 [inflora.py] =>   [Test] logits shape: [16,70,], labels shape: [16,]
2026-02-16 22:15:28,961 [inflora.py] =>   [Test] labels min: 0, max: 0
2026-02-16 22:15:28,962 [inflora.py] =>   [Test] preds unique values: [-0.01973966  0.01200763  0.01229522  0.03026059  0.03682631  0.03803941
  0.06387015  0.0771571   0.07782751  0.08937678  0.10119428  0.10410512
  0.12144246  0.13503592  0.1538308   0.18574914]
2026-02-16 22:15:29,001 [inflora.py] =>   [Test] logits shape: [16,70,], labels shape: [16,]
2026-02-16 22:15:29,023 [inflora.py] =>   [Test] labels min: 0, max: 0
2026-02-16 22:15:29,024 [inflora.py] =>   [Test] preds unique values: [-0.05606671 -0.03440775 -0.00722228  0.00771538  0.00901837  0.01565935
  0.01777747  0.03248546  0.08192479  0.08517946  0.09871195  0.09983465
  0.10444874  0.11112082  0.12773289  0.15992178]
2026-02-16 22:15:29,056 [inflora.py] =>   [Test] logits shape: [16,70,], labels shape: [16,]
2026-02-16 22:15:29,078 [inflora.py] =>   [Test] labels min: 0, max: 0
2026-02-16 22:15:29,079 [inflora.py] =>   [Test] preds unique values: [-0.04672433  0.00084565  0.00387627  0.00915393  0.01652987  0.01784309
  0.02241533  0.05190313  0.07025073  0.09285922  0.09652017  0.11629695
  0.11759901  0.11912288  0.1200035   0.12362959]
2026-02-16 22:15:29,114 [inflora.py] =>   [Test] logits shape: [16,70,], labels shape: [16,]
2026-02-16 22:15:29,136 [inflora.py] =>   [Test] labels min: 0, max: 0
2026-02-16 22:15:29,137 [inflora.py] =>   [Test] preds unique values: [-0.00792192  0.00063276  0.01682959  0.02199165  0.04903299  0.04998875
  0.05315975  0.06601012  0.06861583  0.07668098  0.076926    0.08398977
  0.10005907  0.11979526  0.12086152  0.15766679]
2026-02-16 22:15:29,168 [inflora.py] =>   [Test] logits shape: [16,70,], labels shape: [16,]
2026-02-16 22:15:29,190 [inflora.py] =>   [Test] labels min: 0, max: 0
2026-02-16 22:15:29,191 [inflora.py] =>   [Test] preds unique values: [-0.03704968 -0.01256747  0.00133371  0.01783705  0.02247384  0.02346125
  0.04756086  0.04952245  0.05195921  0.06395183  0.06993548  0.07236679
  0.07318618  0.07954907  0.08634106  0.10764839]
2026-02-16 22:15:29,222 [inflora.py] =>   [Test] logits shape: [16,70,], labels shape: [16,]
2026-02-16 22:15:29,244 [inflora.py] =>   [Test] labels min: 0, max: 0
2026-02-16 22:15:29,246 [inflora.py] =>   [Test] preds unique values: [-0.04858755 -0.02683196 -0.0193714  -0.00537173  0.0015626   0.01678647
  0.03995437  0.04678975  0.05096192  0.05587695  0.05799005  0.06140363
  0.07524862  0.08372729  0.11703052  0.11875305]
2026-02-16 22:15:29,277 [inflora.py] =>   [Test] logits shape: [16,70,], labels shape: [16,]
2026-02-16 22:15:29,299 [inflora.py] =>   [Test] labels min: 0, max: 1
2026-02-16 22:15:29,300 [inflora.py] =>   [Test] preds unique values: [-2.88495924e-02 -2.46806126e-02 -6.79749157e-03 -1.66392652e-04
  6.55536633e-03  2.97535751e-02  4.39104587e-02  6.71578422e-02
  8.03510621e-02  9.12887007e-02  1.01316355e-01  1.04593106e-01
  1.06412292e-01  1.18531562e-01  1.44962758e-01  1.77732244e-01]
2026-02-16 22:15:29,331 [inflora.py] =>   [Test] logits shape: [16,70,], labels shape: [16,]
2026-02-16 22:15:29,353 [inflora.py] =>   [Test] labels min: 1, max: 1
2026-02-16 22:15:29,354 [inflora.py] =>   [Test] preds unique values: [-0.03704362  0.0181088   0.0215709   0.03851073  0.04220516  0.04638953
  0.05283626  0.09547594  0.10723244  0.11224671  0.11706039  0.12148286
  0.12656957  0.12667279  0.13120772  0.19913656]
2026-02-16 22:15:29,384 [inflora.py] =>   [Test] logits shape: [16,70,], labels shape: [16,]
2026-02-16 22:15:29,406 [inflora.py] =>   [Test] labels min: 1, max: 1
2026-02-16 22:15:29,407 [inflora.py] =>   [Test] preds unique values: [-0.03325359 -0.02227875 -0.02148574 -0.00848376  0.04607593  0.06019085
  0.06227801  0.06996355  0.07494543  0.07833117  0.08013618  0.08976127
  0.09824786  0.1135141   0.11820639  0.14553061]
2026-02-16 22:15:29,437 [inflora.py] =>   [Test] logits shape: [16,70,], labels shape: [16,]
2026-02-16 22:15:29,459 [inflora.py] =>   [Test] labels min: 1, max: 1
2026-02-16 22:15:29,460 [inflora.py] =>   [Test] preds unique values: [-0.08465942 -0.02002643 -0.00178666  0.00268661  0.00411057  0.02456305
  0.03234971  0.04274932  0.05275235  0.05606755  0.06814464  0.09142429
  0.12697968  0.13330331  0.14194898  0.18784826]
2026-02-16 22:15:29,490 [trainer.py] => Time:0.5915279388427734
2026-02-16 22:15:29,490 [trainer.py] => CNN: 0.0
2026-02-16 22:15:29,490 [trainer.py] => CNN top1 curve: [0.0, 0.0, 0.0, 0.0, 0.0, 0.0, 0.0]
2026-02-16 22:15:29,490 [trainer.py] => CNN top1 with task curve: [0.0, 0.0, 0.0, 0.0, 0.0, 0.0, 0.0]
2026-02-16 22:15:29,490 [trainer.py] => CNN top1 task curve: [{'grouped': 0.0, 'top1': 0.0, 'total': 0.0}, {'grouped': 0.0, 'top1': 0.0, 'total': 0.0}, {'grouped': 0.0, 'top1': 0.0, 'total': 0.0}, {'grouped': 0.0, 'top1': 0.0, 'total': 0.0}, {'grouped': 0.0, 'top1': 0.0, 'total': 0.0}, {'grouped': 0.0, 'top1': 0.0, 'total': 0.0}, {'grouped': 0.0, 'top1': 0.0, 'total': 0.0}]
2026-02-16 22:15:30,927 [trainer.py] => All params: 107434892
2026-02-16 22:15:30,929 [trainer.py] => Trainable params: 107660
2026-02-16 22:15:30,929 [inflora.py] => [DEBUG] Task -1: known_classes=70, task_size=10, total_classes=80
2026-02-16 22:15:30,929 [inflora.py] => [DEBUG] Before update_fc: numtask=7, classifier_pool length=7
2026-02-16 22:15:30,929 [sinet_inflora.py] => [DEBUG update_fc] Entering: numtask=7, nb_classes=10, current pool len=7
2026-02-16 22:15:30,929 [sinet_inflora.py] => [DEBUG update_fc] After adding: numtask=8, pool len=8
2026-02-16 22:15:30,929 [inflora.py] => Task -1: classes 70 → 80
2026-02-16 22:15:30,929 [inflora.py] => [DEBUG] After update_fc: numtask=8, classifier_pool length=8
2026-02-16 22:15:30,976 [inflora.py] => [DEBUG] Current task classifier output dim: 10
2026-02-16 22:15:30,976 [inflora.py] => [DEBUG] Expected local label range: 0~9
2026-02-16 22:15:49,398 [inflora.py] => [Task -1] Epoch 1/2, Loss=895.091, Accuracy=10.00%
2026-02-16 22:16:08,914 [inflora.py] => [Task -1] Epoch 2/2, Loss=798.299, Accuracy=10.00%
2026-02-16 22:16:29,121 [trainer.py] => Time:58.19240474700928
2026-02-16 22:16:29,159 [inflora.py] =>   [Test] logits shape: [16,80,], labels shape: [16,]
2026-02-16 22:16:29,183 [inflora.py] =>   [Test] labels min: 0, max: 0
2026-02-16 22:16:29,184 [inflora.py] =>   [Test] preds unique values: [-0.01974046  0.01200699  0.01229706  0.03025875  0.03682669  0.03803872
  0.06387014  0.07715728  0.07782767  0.08937757  0.10119454  0.10410628
  0.12144225  0.13503659  0.1538307   0.18574978]
2026-02-16 22:16:29,219 [inflora.py] =>   [Test] logits shape: [16,80,], labels shape: [16,]
2026-02-16 22:16:29,241 [inflora.py] =>   [Test] labels min: 0, max: 0
2026-02-16 22:16:29,242 [inflora.py] =>   [Test] preds unique values: [-0.056067   -0.03440868 -0.00722244  0.00771445  0.00901797  0.01565917
  0.01777851  0.032485    0.08192488  0.08517947  0.09871202  0.09983464
  0.1044488   0.1111209   0.12773383  0.15992132]
2026-02-16 22:16:29,274 [inflora.py] =>   [Test] logits shape: [16,80,], labels shape: [16,]
2026-02-16 22:16:29,297 [inflora.py] =>   [Test] labels min: 0, max: 0
2026-02-16 22:16:29,297 [inflora.py] =>   [Test] preds unique values: [-0.04672427  0.00084471  0.00387581  0.00915439  0.01652973  0.01784326
  0.02241602  0.05190375  0.07025001  0.0928585   0.09651987  0.11629816
  0.11759901  0.11912324  0.12000299  0.12362964]
2026-02-16 22:16:29,329 [inflora.py] =>   [Test] logits shape: [16,80,], labels shape: [16,]
2026-02-16 22:16:29,351 [inflora.py] =>   [Test] labels min: 0, max: 0
2026-02-16 22:16:29,352 [inflora.py] =>   [Test] preds unique values: [-0.00792147  0.00063094  0.01682943  0.02199128  0.04903168  0.04998907
  0.05315936  0.0660096   0.06861497  0.07668077  0.07692605  0.08398984
  0.10005976  0.11979594  0.12086058  0.15766655]
2026-02-16 22:16:29,383 [inflora.py] =>   [Test] logits shape: [16,80,], labels shape: [16,]
2026-02-16 22:16:29,405 [inflora.py] =>   [Test] labels min: 0, max: 0
2026-02-16 22:16:29,406 [inflora.py] =>   [Test] preds unique values: [-0.03704976 -0.01256776  0.00133509  0.01783621  0.02247433  0.02346067
  0.04756067  0.0495219   0.05195925  0.06395238  0.06993655  0.07236694
  0.07318694  0.07954922  0.08634116  0.10764913]
2026-02-16 22:16:29,438 [inflora.py] =>   [Test] logits shape: [16,80,], labels shape: [16,]
2026-02-16 22:16:29,460 [inflora.py] =>   [Test] labels min: 0, max: 0
2026-02-16 22:16:29,461 [inflora.py] =>   [Test] preds unique values: [-0.04858875 -0.02683105 -0.01937294 -0.00537191  0.00156316  0.01678737
  0.03995521  0.04679029  0.05096141  0.05587639  0.05799015  0.06140239
  0.07524908  0.08372669  0.117031    0.11875165]
2026-02-16 22:16:29,491 [inflora.py] =>   [Test] logits shape: [16,80,], labels shape: [16,]
2026-02-16 22:16:29,513 [inflora.py] =>   [Test] labels min: 0, max: 1
2026-02-16 22:16:29,514 [inflora.py] =>   [Test] preds unique values: [-2.8848922e-02 -2.4680896e-02 -6.7971265e-03 -1.6807648e-04
  6.5566627e-03  2.9754216e-02  4.3911614e-02  6.7157656e-02
  8.0350421e-02  9.1287769e-02  1.0131689e-01  1.0459243e-01
  1.0641321e-01  1.1853076e-01  1.4496297e-01  1.7773123e-01]
2026-02-16 22:16:29,545 [inflora.py] =>   [Test] logits shape: [16,80,], labels shape: [16,]
2026-02-16 22:16:29,567 [inflora.py] =>   [Test] labels min: 1, max: 1
2026-02-16 22:16:29,568 [inflora.py] =>   [Test] preds unique values: [-0.03704232  0.01810887  0.02157062  0.03851116  0.04220436  0.0463919
  0.0528358   0.09547684  0.10723353  0.11224731  0.1170603   0.12148352
  0.12656891  0.12667345  0.1312084   0.19913667]
2026-02-16 22:16:29,599 [inflora.py] =>   [Test] logits shape: [16,80,], labels shape: [16,]
2026-02-16 22:16:29,621 [inflora.py] =>   [Test] labels min: 1, max: 1
2026-02-16 22:16:29,622 [inflora.py] =>   [Test] preds unique values: [-0.03325293 -0.02227971 -0.02148652 -0.00848403  0.04607618  0.0601908
  0.06227754  0.06996366  0.0749457   0.0783309   0.08013633  0.08976045
  0.09824777  0.11351415  0.1182053   0.14553076]
2026-02-16 22:16:29,653 [inflora.py] =>   [Test] logits shape: [16,80,], labels shape: [16,]
2026-02-16 22:16:29,675 [inflora.py] =>   [Test] labels min: 1, max: 1
2026-02-16 22:16:29,676 [inflora.py] =>   [Test] preds unique values: [-0.08466    -0.02002545 -0.00178628  0.00268657  0.00411079  0.02456209
  0.03234944  0.04274992  0.05275153  0.05606683  0.06814531  0.0914261
  0.12697883  0.13330524  0.14194927  0.18784803]
2026-02-16 22:16:29,708 [trainer.py] => Time:0.5863077640533447
2026-02-16 22:16:29,708 [trainer.py] => CNN: 0.0
2026-02-16 22:16:29,708 [trainer.py] => CNN top1 curve: [0.0, 0.0, 0.0, 0.0, 0.0, 0.0, 0.0, 0.0]
2026-02-16 22:16:29,708 [trainer.py] => CNN top1 with task curve: [0.0, 0.0, 0.0, 0.0, 0.0, 0.0, 0.0, 0.0]
2026-02-16 22:16:29,708 [trainer.py] => CNN top1 task curve: [{'grouped': 0.0, 'top1': 0.0, 'total': 0.0}, {'grouped': 0.0, 'top1': 0.0, 'total': 0.0}, {'grouped': 0.0, 'top1': 0.0, 'total': 0.0}, {'grouped': 0.0, 'top1': 0.0, 'total': 0.0}, {'grouped': 0.0, 'top1': 0.0, 'total': 0.0}, {'grouped': 0.0, 'top1': 0.0, 'total': 0.0}, {'grouped': 0.0, 'top1': 0.0, 'total': 0.0}, {'grouped': 0.0, 'top1': 0.0, 'total': 0.0}]
2026-02-16 22:16:31,165 [trainer.py] => All params: 107450272
2026-02-16 22:16:31,167 [trainer.py] => Trainable params: 123040
2026-02-16 22:16:31,167 [inflora.py] => [DEBUG] Task -1: known_classes=80, task_size=10, total_classes=90
2026-02-16 22:16:31,167 [inflora.py] => [DEBUG] Before update_fc: numtask=8, classifier_pool length=8
2026-02-16 22:16:31,167 [sinet_inflora.py] => [DEBUG update_fc] Entering: numtask=8, nb_classes=10, current pool len=8
2026-02-16 22:16:31,167 [sinet_inflora.py] => [DEBUG update_fc] After adding: numtask=9, pool len=9
2026-02-16 22:16:31,167 [inflora.py] => Task -1: classes 80 → 90
2026-02-16 22:16:31,167 [inflora.py] => [DEBUG] After update_fc: numtask=9, classifier_pool length=9
2026-02-16 22:16:31,211 [inflora.py] => [DEBUG] Current task classifier output dim: 10
2026-02-16 22:16:31,211 [inflora.py] => [DEBUG] Expected local label range: 0~9
2026-02-16 22:16:50,712 [inflora.py] => [Task -1] Epoch 1/2, Loss=908.415, Accuracy=15.48%
2026-02-16 22:17:10,349 [inflora.py] => [Task -1] Epoch 2/2, Loss=798.506, Accuracy=10.00%
2026-02-16 22:17:29,785 [trainer.py] => Time:58.61790108680725
2026-02-16 22:17:29,889 [inflora.py] =>   [Test] logits shape: [16,90,], labels shape: [16,]
2026-02-16 22:17:29,916 [inflora.py] =>   [Test] labels min: 0, max: 0
2026-02-16 22:17:29,917 [inflora.py] =>   [Test] preds unique values: [-0.01973907  0.01200644  0.01229604  0.03025893  0.03682719  0.03803969
  0.06387018  0.0771578   0.07782736  0.08937723  0.10119323  0.10410573
  0.12144215  0.1350366   0.1538316   0.18574956]
2026-02-16 22:17:29,951 [inflora.py] =>   [Test] logits shape: [16,90,], labels shape: [16,]
2026-02-16 22:17:29,973 [inflora.py] =>   [Test] labels min: 0, max: 0
2026-02-16 22:17:29,974 [inflora.py] =>   [Test] preds unique values: [-0.03440814 -0.01100048 -0.00722209  0.00771514  0.00901745  0.01565895
  0.01777787  0.03248493  0.08192589  0.08517984  0.09871166  0.09983373
  0.1044492   0.11112206  0.12773235  0.15992174]
2026-02-16 22:17:30,009 [inflora.py] =>   [Test] logits shape: [16,90,], labels shape: [16,]
2026-02-16 22:17:30,031 [inflora.py] =>   [Test] labels min: 0, max: 0
2026-02-16 22:17:30,032 [inflora.py] =>   [Test] preds unique values: [-0.04672578  0.00084426  0.00387343  0.00915454  0.01652986  0.01784289
  0.02241626  0.05190434  0.0702493   0.09285862  0.0965204   0.11629815
  0.11759899  0.11912292  0.1200041   0.12362943]
2026-02-16 22:17:30,063 [inflora.py] =>   [Test] logits shape: [16,90,], labels shape: [16,]
2026-02-16 22:17:30,086 [inflora.py] =>   [Test] labels min: 0, max: 0
2026-02-16 22:17:30,086 [inflora.py] =>   [Test] preds unique values: [-0.00792303  0.00063184  0.01683027  0.02199286  0.04903113  0.04998908
  0.0531593   0.06600989  0.06861558  0.07668082  0.07692613  0.08398952
  0.10005965  0.11979471  0.12086164  0.15766671]
2026-02-16 22:17:30,122 [inflora.py] =>   [Test] logits shape: [16,90,], labels shape: [16,]
2026-02-16 22:17:30,144 [inflora.py] =>   [Test] labels min: 0, max: 0
2026-02-16 22:17:30,145 [inflora.py] =>   [Test] preds unique values: [-0.03705095 -0.01256655  0.00133366  0.01783775  0.02247369  0.02346014
  0.04756083  0.04952172  0.05195966  0.0639525   0.06993493  0.07236806
  0.07318626  0.07954956  0.08634128  0.10764822]
2026-02-16 22:17:30,178 [inflora.py] =>   [Test] logits shape: [16,90,], labels shape: [16,]
2026-02-16 22:17:30,200 [inflora.py] =>   [Test] labels min: 0, max: 0
2026-02-16 22:17:30,201 [inflora.py] =>   [Test] preds unique values: [-0.02683092 -0.01937324 -0.01915786 -0.00537171  0.00156201  0.01678615
  0.03995533  0.04678997  0.05096176  0.05587689  0.0579894   0.06140345
  0.07524897  0.08372731  0.11703131  0.1187522 ]
2026-02-16 22:17:30,233 [inflora.py] =>   [Test] logits shape: [16,90,], labels shape: [16,]
2026-02-16 22:17:30,255 [inflora.py] =>   [Test] labels min: 0, max: 1
2026-02-16 22:17:30,256 [inflora.py] =>   [Test] preds unique values: [-2.88486760e-02 -6.79702219e-03 -1.68255297e-04  6.55532163e-03
  2.15026774e-02  4.39101383e-02  5.62620126e-02  6.71578273e-02
  8.03509131e-02  9.12872553e-02  1.01317763e-01  1.04592361e-01
  1.06414065e-01  1.18531205e-01  1.44963264e-01  1.77732587e-01]
2026-02-16 22:17:30,286 [inflora.py] =>   [Test] logits shape: [16,90,], labels shape: [16,]
2026-02-16 22:17:30,309 [inflora.py] =>   [Test] labels min: 1, max: 1
2026-02-16 22:17:30,309 [inflora.py] =>   [Test] preds unique values: [0.00034196 0.01810863 0.02157133 0.03851047 0.04220466 0.04639044
 0.05283684 0.09547794 0.10723353 0.11224601 0.11705988 0.12148344
 0.12656991 0.1266726  0.13120827 0.19913703]
2026-02-16 22:17:30,346 [inflora.py] =>   [Test] logits shape: [16,90,], labels shape: [16,]
2026-02-16 22:17:30,368 [inflora.py] =>   [Test] labels min: 1, max: 1
2026-02-16 22:17:30,369 [inflora.py] =>   [Test] preds unique values: [-0.0213113  -0.01394069 -0.00848432  0.04607636  0.06019098  0.06227797
  0.06712122  0.06996338  0.07494472  0.0783308   0.0801369   0.08976088
  0.09824676  0.11351455  0.11820689  0.14553101]
2026-02-16 22:17:30,400 [inflora.py] =>   [Test] logits shape: [16,90,], labels shape: [16,]
2026-02-16 22:17:30,423 [inflora.py] =>   [Test] labels min: 1, max: 1
2026-02-16 22:17:30,424 [inflora.py] =>   [Test] preds unique values: [-0.04630677 -0.02002502  0.00411106  0.02338809  0.02456268  0.03235073
  0.04274897  0.05275089  0.05606816  0.0568306   0.06814534  0.09142361
  0.12697919  0.13330434  0.14194843  0.18784736]
2026-02-16 22:17:30,456 [trainer.py] => Time:0.6709113121032715
2026-02-16 22:17:30,456 [trainer.py] => CNN: 0.0
2026-02-16 22:17:30,456 [trainer.py] => CNN top1 curve: [0.0, 0.0, 0.0, 0.0, 0.0, 0.0, 0.0, 0.0, 0.0]
2026-02-16 22:17:30,456 [trainer.py] => CNN top1 with task curve: [0.0, 0.0, 0.0, 0.0, 0.0, 0.0, 0.0, 0.0, 0.0]
2026-02-16 22:17:30,456 [trainer.py] => CNN top1 task curve: [{'grouped': 0.0, 'top1': 0.0, 'total': 0.0}, {'grouped': 0.0, 'top1': 0.0, 'total': 0.0}, {'grouped': 0.0, 'top1': 0.0, 'total': 0.0}, {'grouped': 0.0, 'top1': 0.0, 'total': 0.0}, {'grouped': 0.0, 'top1': 0.0, 'total': 0.0}, {'grouped': 0.0, 'top1': 0.0, 'total': 0.0}, {'grouped': 0.0, 'top1': 0.0, 'total': 0.0}, {'grouped': 0.0, 'top1': 0.0, 'total': 0.0}, {'grouped': 0.0, 'top1': 0.0, 'total': 0.0}]
2026-02-16 22:17:31,923 [trainer.py] => All params: 107465652
2026-02-16 22:17:31,924 [trainer.py] => Trainable params: 138420
2026-02-16 22:17:31,924 [inflora.py] => [DEBUG] Task -1: known_classes=90, task_size=10, total_classes=100
2026-02-16 22:17:31,924 [inflora.py] => [DEBUG] Before update_fc: numtask=9, classifier_pool length=9
2026-02-16 22:17:31,924 [sinet_inflora.py] => [DEBUG update_fc] Entering: numtask=9, nb_classes=10, current pool len=9
2026-02-16 22:17:31,925 [sinet_inflora.py] => [DEBUG update_fc] After adding: numtask=10, pool len=10
2026-02-16 22:17:31,925 [inflora.py] => Task -1: classes 90 → 100
2026-02-16 22:17:31,925 [inflora.py] => [DEBUG] After update_fc: numtask=10, classifier_pool length=10
2026-02-16 22:17:31,980 [inflora.py] => [DEBUG] Current task classifier output dim: 10
2026-02-16 22:17:31,980 [inflora.py] => [DEBUG] Expected local label range: 0~9
2026-02-16 22:17:52,979 [inflora.py] => [Task -1] Epoch 1/2, Loss=883.724, Accuracy=14.48%
2026-02-16 22:18:12,884 [inflora.py] => [Task -1] Epoch 2/2, Loss=781.009, Accuracy=9.90%
2026-02-16 22:18:33,095 [trainer.py] => Time:61.17046904563904
2026-02-16 22:18:33,183 [inflora.py] =>   [Test] logits shape: [16,100,], labels shape: [16,]
2026-02-16 22:18:33,210 [inflora.py] =>   [Test] labels min: 0, max: 0
2026-02-16 22:18:33,211 [inflora.py] =>   [Test] preds unique values: [-0.01973954  0.01200679  0.01229624  0.03025823  0.0368287   0.03803813
  0.06387001  0.07715689  0.07782672  0.08937692  0.1011941   0.10410576
  0.12144194  0.13503611  0.15383016  0.18575022]
2026-02-16 22:18:33,244 [inflora.py] =>   [Test] logits shape: [16,100,], labels shape: [16,]
2026-02-16 22:18:33,266 [inflora.py] =>   [Test] labels min: 0, max: 0
2026-02-16 22:18:33,267 [inflora.py] =>   [Test] preds unique values: [-0.03440871 -0.01100091 -0.00722133  0.0077155   0.00901704  0.01565995
  0.01777835  0.03248542  0.08192528  0.08517892  0.09871259  0.09983378
  0.10444876  0.11112217  0.12773299  0.15992129]
2026-02-16 22:18:33,299 [inflora.py] =>   [Test] logits shape: [16,100,], labels shape: [16,]
2026-02-16 22:18:33,321 [inflora.py] =>   [Test] labels min: 0, max: 0
2026-02-16 22:18:33,321 [inflora.py] =>   [Test] preds unique values: [-0.0467249   0.00084532  0.00387393  0.00915397  0.01653112  0.01784387
  0.02241715  0.05190357  0.07024986  0.09285902  0.09652007  0.11629943
  0.11759876  0.1191237   0.12000325  0.1236292 ]
2026-02-16 22:18:33,352 [inflora.py] =>   [Test] logits shape: [16,100,], labels shape: [16,]
2026-02-16 22:18:33,374 [inflora.py] =>   [Test] labels min: 0, max: 0
2026-02-16 22:18:33,374 [inflora.py] =>   [Test] preds unique values: [-0.00792211  0.00063273  0.01682957  0.0219918   0.04903164  0.04998808
  0.05315901  0.0660097   0.06861604  0.07668065  0.07692675  0.08398957
  0.10005929  0.11979491  0.12086058  0.15766577]
2026-02-16 22:18:33,404 [inflora.py] =>   [Test] logits shape: [16,100,], labels shape: [16,]
2026-02-16 22:18:33,426 [inflora.py] =>   [Test] labels min: 0, max: 0
2026-02-16 22:18:33,427 [inflora.py] =>   [Test] preds unique values: [-0.03704995 -0.01256724  0.00133298  0.01783746  0.02247469  0.02346119
  0.04756213  0.04952175  0.05195887  0.06395235  0.0699354   0.07236619
  0.07318591  0.07955005  0.0863416   0.10764837]
2026-02-16 22:18:33,457 [inflora.py] =>   [Test] logits shape: [16,100,], labels shape: [16,]
2026-02-16 22:18:33,479 [inflora.py] =>   [Test] labels min: 0, max: 0
2026-02-16 22:18:33,479 [inflora.py] =>   [Test] preds unique values: [-0.02683017 -0.01937181 -0.01915803 -0.00537185  0.00156225  0.01678716
  0.03995522  0.04679038  0.05096134  0.05587713  0.05798975  0.06140354
  0.0752482   0.08372626  0.1170304   0.11875262]
2026-02-16 22:18:33,509 [inflora.py] =>   [Test] logits shape: [16,100,], labels shape: [16,]
2026-02-16 22:18:33,531 [inflora.py] =>   [Test] labels min: 0, max: 1
2026-02-16 22:18:33,531 [inflora.py] =>   [Test] preds unique values: [-2.88499054e-02 -6.79703709e-03 -1.67897670e-04  6.55618589e-03
  2.15026475e-02  4.39107493e-02  5.62618561e-02  6.71595484e-02
  8.03513452e-02  9.12877098e-02  1.01317428e-01  1.04591988e-01
  1.06412068e-01  1.18530646e-01  1.44962400e-01  1.77731484e-01]
2026-02-16 22:18:33,560 [inflora.py] =>   [Test] logits shape: [16,100,], labels shape: [16,]
2026-02-16 22:18:33,582 [inflora.py] =>   [Test] labels min: 1, max: 1
2026-02-16 22:18:33,583 [inflora.py] =>   [Test] preds unique values: [0.00034167 0.01810879 0.02157074 0.03850988 0.04220495 0.04638973
 0.05283512 0.09547722 0.10723271 0.11224677 0.11706    0.12148308
 0.12656987 0.12667358 0.1312086  0.19913663]
2026-02-16 22:18:33,612 [inflora.py] =>   [Test] logits shape: [16,100,], labels shape: [16,]
2026-02-16 22:18:33,634 [inflora.py] =>   [Test] labels min: 1, max: 1
2026-02-16 22:18:33,634 [inflora.py] =>   [Test] preds unique values: [-0.02131095 -0.01394057 -0.00848444  0.04607534  0.06019104  0.06227756
  0.0671211   0.06996376  0.07494517  0.07833163  0.08013586  0.08976067
  0.09824813  0.11351459  0.11820558  0.1455318 ]
2026-02-16 22:18:33,663 [inflora.py] =>   [Test] logits shape: [16,100,], labels shape: [16,]
2026-02-16 22:18:33,685 [inflora.py] =>   [Test] labels min: 1, max: 1
2026-02-16 22:18:33,685 [inflora.py] =>   [Test] preds unique values: [-0.04630669 -0.02002599  0.00411175  0.02338815  0.02456271  0.03235073
  0.04274926  0.05275155  0.05606774  0.05683034  0.06814524  0.09142571
  0.12697795  0.13330328  0.14194888  0.18784818]
2026-02-16 22:18:33,713 [trainer.py] => Time:0.618462085723877
2026-02-16 22:18:33,714 [trainer.py] => CNN: 0.0
2026-02-16 22:18:33,714 [trainer.py] => CNN top1 curve: [0.0, 0.0, 0.0, 0.0, 0.0, 0.0, 0.0, 0.0, 0.0, 0.0]
2026-02-16 22:18:33,714 [trainer.py] => CNN top1 with task curve: [0.0, 0.0, 0.0, 0.0, 0.0, 0.0, 0.0, 0.0, 0.0, 0.0]
2026-02-16 22:18:33,714 [trainer.py] => CNN top1 task curve: [{'grouped': 0.0, 'top1': 0.0, 'total': 0.0}, {'grouped': 0.0, 'top1': 0.0, 'total': 0.0}, {'grouped': 0.0, 'top1': 0.0, 'total': 0.0}, {'grouped': 0.0, 'top1': 0.0, 'total': 0.0}, {'grouped': 0.0, 'top1': 0.0, 'total': 0.0}, {'grouped': 0.0, 'top1': 0.0, 'total': 0.0}, {'grouped': 0.0, 'top1': 0.0, 'total': 0.0}, {'grouped': 0.0, 'top1': 0.0, 'total': 0.0}, {'grouped': 0.0, 'top1': 0.0, 'total': 0.0}, {'grouped': 0.0, 'top1': 0.0, 'total': 0.0}]
